06-28 12:08:05.677  1985  3425 W BroadcastQueue: Background execution not allowed: receiving Intent { act=android.net.wifi.STATE_CHANGE flg=0x4000010 (has extras) } to com.motorola.motosound/.receiver.WifiBroadcastReceiver
06-28 12:08:05.738  1985  7089 W BroadcastQueue: Background execution not allowed: receiving Intent { act=android.net.wifi.STATE_CHANGE flg=0x4000010 (has extras) } to com.motorola.motosound/.receiver.WifiBroadcastReceiver
06-28 12:08:05.791  1985  3425 W BroadcastQueue: Background execution not allowed: receiving Intent { act=android.net.wifi.STATE_CHANGE flg=0x4000010 (has extras) } to com.motorola.motosound/.receiver.WifiBroadcastReceiver
06-28 12:08:05.804  1985  2346 D ConnectivityService: registerNetworkAgent NetworkAgentInfo{ ni{[type: WIFI[], state: CONNECTING/CONNECTING, reason: (unspecified), extra: (none), failover: false, available: true, roaming: false]}  network{384}  nethandle{1652673138701}  lp{{LinkAddresses: []  Routes: [] DnsAddresses: [] UsePrivateDns: false PrivateDnsServerName: null Domains: null MTU: 0}}  nc{[ Transports: WIFI Capabilities: NOT_METERED&INTERNET&NOT_RESTRICTED&TRUSTED&NOT_VPN&NOT_ROAMING&FOREGROUND&NOT_CONGESTED&NOT_SUSPENDED Unwanted:  LinkUpBandwidth>=1048576Kbps LinkDnBandwidth>=1048576Kbps SSID: "Private"]}  Score{20}  everValidated{false}  lastValidated{false}  created{false} lingering{false} explicitlySelected{false} acceptUnvalidated{false} everCaptivePortalDetected{false} lastCaptivePortalDetected{false} clat{null} }
06-28 12:08:05.804  1985  2355 D ConnectivityService: NetworkAgentInfo [WIFI () - 384] EVENT_NETWORK_INFO_CHANGED, going from null to CONNECTING
06-28 12:08:05.804  1985 10881 W BroadcastQueue: Background execution not allowed: receiving Intent { act=android.net.wifi.STATE_CHANGE flg=0x4000010 (has extras) } to com.motorola.motosound/.receiver.WifiBroadcastReceiver
06-28 12:08:05.814  1985 10881 W BroadcastQueue: Background execution not allowed: receiving Intent { act=android.net.wifi.STATE_CHANGE flg=0x4000010 (has extras) } to com.motorola.motosound/.receiver.WifiBroadcastReceiver
06-28 12:08:05.844  1985  2355 D ConnectivityService: NetworkAgentInfo [WIFI () - 384] EVENT_NETWORK_INFO_CHANGED, going from CONNECTING to CONNECTING
06-28 12:08:06.067  1985  2355 D ConnectivityService: NetworkAgentInfo [WIFI () - 384] EVENT_NETWORK_INFO_CHANGED, going from CONNECTING to CONNECTED
06-28 12:08:06.069  1985  2355 W DnsManager: updatePrivateDns(384, PrivateDnsConfig{true:/[]})
06-28 12:08:06.069  1985  2355 D ConnectivityService: Setting DNS servers for network 384 to [/fe80::1%wlan0]
06-28 12:08:06.075  1985  2355 D DnsManager: setDnsConfigurationForNetwork(384, [fe80::1%wlan0], [], [1800, 25, 8, 64], , [fe80::1%wlan0])
06-28 12:08:06.084  1985  2355 D ConnectivityService: Adding iface wlan0 to network 384
06-28 12:08:06.086  1985  3425 W BroadcastQueue: Background execution not allowed: receiving Intent { act=android.net.wifi.STATE_CHANGE flg=0x4000010 (has extras) } to com.motorola.motosound/.receiver.WifiBroadcastReceiver
06-28 12:08:06.096  1985 10881 W BroadcastQueue: Background execution not allowed: receiving Intent { act=android.net.wifi.STATE_CHANGE flg=0x4000010 (has extras) } to com.motorola.motosound/.receiver.WifiBroadcastReceiver
06-28 12:08:06.106  1985  2355 D ConnectivityService: Setting DNS servers for network 384 to [/fe80::1%wlan0]
06-28 12:08:06.110  1985  2355 D DnsManager: setDnsConfigurationForNetwork(384, [fe80::1%wlan0], [], [1800, 25, 8, 64], , [fe80::1%wlan0])
06-28 12:08:06.112  1985  2355 I Nat464Xlat: Starting clatd on wlan0
06-28 12:08:06.132  1985 10881 W BroadcastQueue: Background execution not allowed: receiving Intent { act=android.net.wifi.STATE_CHANGE flg=0x4000010 (has extras) } to com.motorola.motosound/.receiver.WifiBroadcastReceiver
06-28 12:08:06.178  1985  2355 D ConnectivityService: Switching to new default network: NetworkAgentInfo{ ni{[type: WIFI[], state: CONNECTED/CONNECTED, reason: (unspecified), extra: (none), failover: false, available: true, roaming: false]}  network{384}  nethandle{1652673138701}  lp{{InterfaceName: wlan0 LinkAddresses: [fe80::d204:1ff:fe34:9b29/64,2806:102e:a:432f:d204:1ff:fe34:9b29/64,2806:102e:a:432f:a167:e87d:6096:9386/64,]  Routes: [fe80::/64 -> :: wlan0,::/0 -> fe80::1 wlan0,2806:102e:a:432f::/64 -> :: wlan0,] DnsAddresses: [fe80::1%wlan0,] UsePrivateDns: false PrivateDnsServerName: null Domains: null MTU: 0 TcpBufferSizes: 524288,2097152,4194304,262144,524288,1048576}}  nc{[ Transports: WIFI Capabilities: NOT_METERED&INTERNET&NOT_RESTRICTED&TRUSTED&NOT_VPN&NOT_ROAMING&FOREGROUND&NOT_CONGESTED&NOT_SUSPENDED Unwanted:  LinkUpBandwidth>=1048576Kbps LinkDnBandwidth>=1048576Kbps SignalStrength: -44 SSID: "Private"]}  Score{20}  everValidated{false}  lastValidated{false}  created{true} lingering{false} explicitlySelected{false} acceptUnvalidated{false} everCaptivePortalDetected{false} lastCaptivePortalDetected{false} clat{mBaseIface: wlan0, mIface: v4-wlan0, mState: STARTING} }
06-28 12:08:06.180   967   984 E NetlinkEvent: NetlinkEvent::FindParam(): Parameter 'INTERFACE' not found
06-28 12:08:06.180   967   984 E NetlinkEvent: NetlinkEvent::FindParam(): Parameter 'STATE' not found
06-28 12:08:06.180   967   984 E NetlinkEvent: NetlinkEvent::FindParam(): Parameter 'TIME_NS' not found
06-28 12:08:06.180   967   984 E NetlinkEvent: NetlinkEvent::FindParam(): Parameter 'UID' not found
06-28 12:08:06.249  1985  2355 D ConnectivityService: Sending DISCONNECTED broadcast for type 0 NetworkAgentInfo [MOBILE (LTE) - 376] isDefaultNetwork=true
06-28 12:08:06.251  1985  2355 D ConnectivityService: Sending CONNECTED broadcast for type 1 NetworkAgentInfo [WIFI () - 384] isDefaultNetwork=true
06-28 12:08:06.271  1985  2355 D ConnectivityService: Setting DNS servers for network 384 to [/fe80::1%wlan0]
06-28 12:08:06.280  1985  2355 D DnsManager: setDnsConfigurationForNetwork(384, [fe80::1%wlan0], [rga.ip], [1800, 25, 8, 64], , [fe80::1%wlan0])
06-28 12:08:06.290  1985 10881 W ActivityManager: Background start not allowed: service Intent { act=Orca.START cmp=com.instagram.android/com.facebook.rti.push.service.FbnsService (has extras) } to com.instagram.android/com.facebook.rti.push.service.FbnsService from pid=11155 uid=10165 pkg=com.instagram.android startFg?=false
06-28 12:08:06.302  1985  2009 W ActivityManager: Background start not allowed: service Intent { act=Orca.START cmp=com.instagram.android/com.facebook.rti.push.service.FbnsService (has extras) } to com.instagram.android/com.facebook.rti.push.service.FbnsService from pid=11155 uid=10165 pkg=com.instagram.android startFg?=false
06-28 12:08:06.310  1985  2355 D ConnectivityService: Setting DNS servers for network 384 to [/fe80::1%wlan0, /192.168.1.254]
06-28 12:08:06.314  1985  2355 D DnsManager: setDnsConfigurationForNetwork(384, [fe80::1%wlan0, 192.168.1.254], [rga.ip], [1800, 25, 8, 64], , [fe80::1%wlan0, 192.168.1.254])
06-28 12:08:06.317  1985  2355 I Nat464Xlat: Stopping clatd on wlan0
06-28 12:08:06.425  1985  2039 W BroadcastQueue: Background execution not allowed: receiving Intent { act=android.net.conn.NETWORK_CONDITIONS_MEASURED flg=0x10 (has extras) } to com.google.android.gms/.chimera.GmsIntentOperationService$PersistentTrustedReceiver
06-28 12:08:06.468  1985  2355 D ConnectivityService: NetworkAgentInfo [WIFI () - 384] validation passed
06-28 12:08:06.470  1985  2355 D ConnectivityService: Lingering NetworkAgentInfo [MOBILE (LTE) - 376] for 29703ms
06-28 12:08:07.051  1985  2355 D ConnectivityService: NetworkAgentInfo [WIFI () - 384] EVENT_NETWORK_INFO_CHANGED, going from CONNECTED to DISCONNECTED
06-28 12:08:07.051  1985  2355 D ConnectivityService: NetworkAgentInfo [WIFI () - 384] got DISCONNECTED, was satisfying 28
06-28 12:08:07.066  1985  7089 W BroadcastQueue: Background execution not allowed: receiving Intent { act=android.net.wifi.STATE_CHANGE flg=0x4000010 (has extras) } to com.motorola.motosound/.receiver.WifiBroadcastReceiver
06-28 12:08:07.074  1985  7089 W BroadcastQueue: Background execution not allowed: receiving Intent { act=android.net.wifi.STATE_CHANGE flg=0x4000010 (has extras) } to com.motorola.motosound/.receiver.WifiBroadcastReceiver
06-28 12:08:07.112  1985  2355 D ConnectivityService: Sending DISCONNECTED broadcast for type 1 NetworkAgentInfo [WIFI () - 384] isDefaultNetwork=true
06-28 12:08:07.120  1985 10247 W BroadcastQueue: Background execution not allowed: receiving Intent { act=android.net.wifi.STATE_CHANGE flg=0x4000010 (has extras) } to com.motorola.motosound/.receiver.WifiBroadcastReceiver
06-28 12:08:07.121  1985  2355 D ConnectivityService: Switching to new default network: NetworkAgentInfo{ ni{[type: MOBILE[LTE], state: CONNECTED/CONNECTED, reason: connected, extra: internet.itelcel.com, failover: false, available: true, roaming: false]}  network{376}  nethandle{1618313400333}  lp{{InterfaceName: rmnet_data0 LinkAddresses: [10.5.106.167/28,]  Routes: [0.0.0.0/0 -> 10.5.106.168 rmnet_data0,10.5.106.160/28 -> 0.0.0.0 rmnet_data0,] DnsAddresses: [10.255.50.60,] UsePrivateDns: false PrivateDnsServerName: null Domains: null MTU: 1410 TcpBufferSizes: 524288,1048576,8388608,262144,524288,4194304}}  nc{[ Transports: CELLULAR Capabilities: DUN&INTERNET&NOT_RESTRICTED&TRUSTED&NOT_VPN&NOT_ROAMING&FOREGROUND&NOT_CONGESTED&NOT_SUSPENDED Unwanted:  LinkUpBandwidth>=51200Kbps LinkDnBandwidth>=102400Kbps Specifier: <1>]}  Score{10}  everValidated{false}  lastValidated{false}  created{true} lingering{true} explicitlySelected{false} acceptUnvalidated{false} everCaptivePortalDetected{false} lastCaptivePortalDetected{false} clat{null} }
06-28 12:08:07.141  1985  8552 W ActivityManager: Background start not allowed: service Intent { act=Orca.START cmp=com.instagram.android/com.facebook.rti.push.service.FbnsService (has extras) } to com.instagram.android/com.facebook.rti.push.service.FbnsService from pid=11155 uid=10165 pkg=com.instagram.android startFg?=false
06-28 12:08:07.170  1985  2355 D ConnectivityService: Unlingering NetworkAgentInfo [MOBILE (LTE) - 376]
06-28 12:08:07.170  1985  2355 D ConnectivityService: Sending CONNECTED broadcast for type 0 NetworkAgentInfo [MOBILE (LTE) - 376] isDefaultNetwork=true
06-28 12:08:07.184  1985 10881 W ActivityManager: Background start not allowed: service Intent { act=Orca.START cmp=com.instagram.android/com.facebook.rti.push.service.FbnsService (has extras) } to com.instagram.android/com.facebook.rti.push.service.FbnsService from pid=11155 uid=10165 pkg=com.instagram.android startFg?=false
06-28 12:08:09.240  1263  1263 W wificond: Scan is not started. Ignore abort request
06-28 12:08:09.264  1985  2909 W BroadcastQueue: Background execution not allowed: receiving Intent { act=android.net.wifi.STATE_CHANGE flg=0x4000010 (has extras) } to com.motorola.motosound/.receiver.WifiBroadcastReceiver
06-28 12:08:09.265  1985  2909 I ActivityManager: Killing 12702:com.motorola.moto/u0a44 (adj 906): empty #17
06-28 12:08:09.313  1985  2909 W BroadcastQueue: Background execution not allowed: receiving Intent { act=android.net.wifi.STATE_CHANGE flg=0x4000010 (has extras) } to com.motorola.motosound/.receiver.WifiBroadcastReceiver
06-28 12:08:09.354  1985  3461 W BroadcastQueue: Background execution not allowed: receiving Intent { act=android.net.wifi.STATE_CHANGE flg=0x4000010 (has extras) } to com.motorola.motosound/.receiver.WifiBroadcastReceiver
06-28 12:08:09.361  1985  2909 W BroadcastQueue: Background execution not allowed: receiving Intent { act=android.net.wifi.STATE_CHANGE flg=0x4000010 (has extras) } to com.motorola.motosound/.receiver.WifiBroadcastReceiver
06-28 12:08:09.365  1985  2346 D ConnectivityService: registerNetworkAgent NetworkAgentInfo{ ni{[type: WIFI[], state: CONNECTING/CONNECTING, reason: (unspecified), extra: (none), failover: false, available: true, roaming: false]}  network{385}  nethandle{1656968105997}  lp{{LinkAddresses: []  Routes: [] DnsAddresses: [] UsePrivateDns: false PrivateDnsServerName: null Domains: null MTU: 0}}  nc{[ Transports: WIFI Capabilities: NOT_METERED&INTERNET&NOT_RESTRICTED&TRUSTED&NOT_VPN&NOT_ROAMING&FOREGROUND&NOT_CONGESTED&NOT_SUSPENDED Unwanted:  LinkUpBandwidth>=1048576Kbps LinkDnBandwidth>=1048576Kbps SSID: "Private"]}  Score{20}  everValidated{false}  lastValidated{false}  created{false} lingering{false} explicitlySelected{false} acceptUnvalidated{false} everCaptivePortalDetected{false} lastCaptivePortalDetected{false} clat{null} }
06-28 12:08:09.365  1985  2355 D ConnectivityService: NetworkAgentInfo [WIFI () - 385] EVENT_NETWORK_INFO_CHANGED, going from null to CONNECTING
06-28 12:08:09.375  1985  2909 W BroadcastQueue: Background execution not allowed: receiving Intent { act=android.net.wifi.STATE_CHANGE flg=0x4000010 (has extras) } to com.motorola.motosound/.receiver.WifiBroadcastReceiver
06-28 12:08:09.387  1985  2355 D ConnectivityService: NetworkAgentInfo [WIFI () - 385] EVENT_NETWORK_INFO_CHANGED, going from CONNECTING to CONNECTING
06-28 12:08:09.662  1985  3461 W BroadcastQueue: Background execution not allowed: receiving Intent { act=android.net.wifi.STATE_CHANGE flg=0x4000010 (has extras) } to com.motorola.motosound/.receiver.WifiBroadcastReceiver
06-28 12:08:09.670  1985  2355 D ConnectivityService: NetworkAgentInfo [WIFI () - 385] EVENT_NETWORK_INFO_CHANGED, going from CONNECTING to CONNECTED
06-28 12:08:09.673  1985  2355 W DnsManager: updatePrivateDns(385, PrivateDnsConfig{true:/[]})
06-28 12:08:09.673  1985  2355 D ConnectivityService: Setting DNS servers for network 385 to [/192.168.1.254]
06-28 12:08:09.677  1985  2355 D DnsManager: setDnsConfigurationForNetwork(385, [192.168.1.254], [rga.ip], [1800, 25, 8, 64], , [192.168.1.254])
06-28 12:08:09.680  1985  2355 D ConnectivityService: Adding iface wlan0 to network 385
06-28 12:08:09.685  1985 10881 W BroadcastQueue: Background execution not allowed: receiving Intent { act=android.net.wifi.STATE_CHANGE flg=0x4000010 (has extras) } to com.motorola.motosound/.receiver.WifiBroadcastReceiver
06-28 12:08:09.691  1985  2355 D ConnectivityService: Setting DNS servers for network 385 to [/192.168.1.254]
06-28 12:08:09.695  1985  3461 W BroadcastQueue: Background execution not allowed: receiving Intent { act=android.net.wifi.STATE_CHANGE flg=0x4000010 (has extras) } to com.motorola.motosound/.receiver.WifiBroadcastReceiver
06-28 12:08:09.696  1985  2355 D DnsManager: setDnsConfigurationForNetwork(385, [192.168.1.254], [rga.ip], [1800, 25, 8, 64], , [192.168.1.254])
06-28 12:08:09.764  1985  2355 D ConnectivityService: Switching to new default network: NetworkAgentInfo{ ni{[type: WIFI[], state: CONNECTED/CONNECTED, reason: (unspecified), extra: (none), failover: false, available: true, roaming: false]}  network{385}  nethandle{1656968105997}  lp{{InterfaceName: wlan0 LinkAddresses: [fe80::d204:1ff:fe34:9b29/64,192.168.1.70/24,]  Routes: [fe80::/64 -> :: wlan0,192.168.1.0/24 -> 0.0.0.0 wlan0,0.0.0.0/0 -> 192.168.1.254 wlan0,] DnsAddresses: [192.168.1.254,] UsePrivateDns: false PrivateDnsServerName: null Domains: rga.ip MTU: 0 TcpBufferSizes: 524288,2097152,4194304,262144,524288,1048576}}  nc{[ Transports: WIFI Capabilities: NOT_METERED&INTERNET&NOT_RESTRICTED&TRUSTED&NOT_VPN&NOT_ROAMING&FOREGROUND&NOT_CONGESTED&NOT_SUSPENDED Unwanted:  LinkUpBandwidth>=1048576Kbps LinkDnBandwidth>=1048576Kbps SignalStrength: -44 SSID: "Private"]}  Score{20}  everValidated{false}  lastValidated{false}  created{true} lingering{false} explicitlySelected{false} acceptUnvalidated{false} everCaptivePortalDetected{false} lastCaptivePortalDetected{false} clat{null} }
06-28 12:08:09.766   967   984 E NetlinkEvent: NetlinkEvent::FindParam(): Parameter 'INTERFACE' not found
06-28 12:08:09.766   967   984 E NetlinkEvent: NetlinkEvent::FindParam(): Parameter 'STATE' not found
06-28 12:08:09.766   967   984 E NetlinkEvent: NetlinkEvent::FindParam(): Parameter 'TIME_NS' not found
06-28 12:08:09.766   967   984 E NetlinkEvent: NetlinkEvent::FindParam(): Parameter 'UID' not found
06-28 12:08:09.816  1985  2355 D ConnectivityService: Sending DISCONNECTED broadcast for type 0 NetworkAgentInfo [MOBILE (LTE) - 376] isDefaultNetwork=true
06-28 12:08:09.819  1985  2355 D ConnectivityService: Sending CONNECTED broadcast for type 1 NetworkAgentInfo [WIFI () - 385] isDefaultNetwork=true
06-28 12:08:09.851  1985  3461 W ActivityManager: Background start not allowed: service Intent { act=Orca.START cmp=com.instagram.android/com.facebook.rti.push.service.FbnsService (has extras) } to com.instagram.android/com.facebook.rti.push.service.FbnsService from pid=11155 uid=10165 pkg=com.instagram.android startFg?=false
06-28 12:08:09.861  1985  2009 W ActivityManager: Background start not allowed: service Intent { act=Orca.START cmp=com.instagram.android/com.facebook.rti.push.service.FbnsService (has extras) } to com.instagram.android/com.facebook.rti.push.service.FbnsService from pid=11155 uid=10165 pkg=com.instagram.android startFg?=false
06-28 12:08:10.037  1985  2039 W BroadcastQueue: Background execution not allowed: receiving Intent { act=android.net.conn.NETWORK_CONDITIONS_MEASURED flg=0x10 (has extras) } to com.google.android.gms/.chimera.GmsIntentOperationService$PersistentTrustedReceiver
06-28 12:08:10.038  1985  2355 D ConnectivityService: NetworkAgentInfo [WIFI () - 385] validation passed
06-28 12:08:10.039  1985  2355 D ConnectivityService: Lingering NetworkAgentInfo [MOBILE (LTE) - 376] for 29717ms
06-28 12:08:10.464  1985  2355 D ConnectivityService: Setting DNS servers for network 385 to [/fe80::1%wlan0, /192.168.1.254]
06-28 12:08:10.473  1985  2355 D DnsManager: setDnsConfigurationForNetwork(385, [fe80::1%wlan0, 192.168.1.254], [rga.ip], [1800, 25, 8, 64], , [fe80::1%wlan0, 192.168.1.254])
06-28 12:08:17.127  1985  2355 D ConnectivityService: reportNetworkConnectivity(385, false) by 10018
06-28 12:08:23.315  1985  2039 W BroadcastQueue: Background execution not allowed: receiving Intent { act=android.net.conn.NETWORK_CONDITIONS_MEASURED flg=0x10 (has extras) } to com.google.android.gms/.chimera.GmsIntentOperationService$PersistentTrustedReceiver
06-28 12:08:23.317  1985  2355 D ConnectivityService: NetworkAgentInfo [WIFI () - 385] validation passed
06-28 12:08:24.008  1985  8552 D ActivityManager: Raise procstate to external provider: ProcessRecord{f07a868 14965:com.android.providers.calendar/u0a61}
06-28 12:08:27.097  1985  8552 I chatty  : uid=1000(system) Binder:1985_19 identical 3 lines
06-28 12:08:27.111  1985  8552 D ActivityManager: Raise procstate to external provider: ProcessRecord{f07a868 14965:com.android.providers.calendar/u0a61}
06-28 12:08:28.353  1985  2355 D ConnectivityService: reportNetworkConnectivity(385, false) by 10018
06-28 12:08:28.361  1985  2355 D ConnectivityService: reportNetworkConnectivity(385, false) by 10018
06-28 12:08:28.414  1985  2039 W BroadcastQueue: Background execution not allowed: receiving Intent { act=android.net.conn.NETWORK_CONDITIONS_MEASURED flg=0x10 (has extras) } to com.google.android.gms/.chimera.GmsIntentOperationService$PersistentTrustedReceiver
06-28 12:08:28.474  1985  2039 W BroadcastQueue: Background execution not allowed: receiving Intent { act=android.net.conn.NETWORK_CONDITIONS_MEASURED flg=0x10 (has extras) } to com.google.android.gms/.chimera.GmsIntentOperationService$PersistentTrustedReceiver
06-28 12:08:28.479  1985  2355 D ConnectivityService: NetworkAgentInfo [WIFI () - 385] validation passed
06-28 12:08:31.158  1985  2039 W BroadcastQueue: Background execution not allowed: receiving Intent { act=android.net.conn.NETWORK_CONDITIONS_MEASURED flg=0x10 (has extras) } to com.google.android.gms/.chimera.GmsIntentOperationService$PersistentTrustedReceiver
06-28 12:08:31.160  1985  2355 D ConnectivityService: NetworkAgentInfo [MOBILE (LTE) - 376] validation failed
06-28 12:08:35.806  1985  2203 D BatteryService: uevent={POWER_SUPPLY_DP_DM=0, POWER_SUPPLY_VOLTAGE_QNOVO=-22, POWER_SUPPLY_VOLTAGE_NOW=4192127, POWER_SUPPLY_SW_JEITA_ENABLED=0, POWER_SUPPLY_HEALTH=Good, POWER_SUPPLY_TECHNOLOGY=Li-ion, POWER_SUPPLY_CHARGER_TEMP_MAX=812, POWER_SUPPLY_FCC_STEPPER_ENABLE=0, SEQNUM=30361, POWER_SUPPLY_INPUT_CURRENT_LIMITED=1, POWER_SUPPLY_STATUS=Charging, POWER_SUPPLY_BATTERY_CHARGING_ENABLED=1, POWER_SUPPLY_CURRENT_MAX=3000000, POWER_SUPPLY_CAPACITY=82, DEVPATH=/devices/soc/800f000.qcom,spmi/spmi-0/spmi0-00/800f000.qcom,spmi:qcom,pm660@0:qcom,qpnp-smb2/power_supply/battery, POWER_SUPPLY_CHARGE_DONE=0, POWER_SUPPLY_CHARGE_TYPE=Fast, POWER_SUPPLY_CHARGER_TEMP=377, POWER_SUPPLY_CHARGE_RATE=Normal, POWER_SUPPLY_CURRENT_QNOVO=-22, POWER_SUPPLY_CURRENT_NOW=-275390, POWER_SUPPLY_SYSTEM_TEMP_LEVEL=0, POWER_SUPPLY_PRESENT=1, POWER_SUPPLY_PARALLEL_DISABLE=0, SUBSYSTEM=power_supply, POWER_SUPPLY_SET_SHIP_MODE=0, POWER_SUPPLY_TEMP=320, ACTION=change, POWER_SUPPLY_RERUN_AICL=0, POWER_SUPPLY_AGE=79, POWER_SUPPLY_NAME=battery, POWER_SUPPLY_VOLTAGE_MAX=-22, POWER_SUPPLY_CONSTANT_CHARGE_CURRENT_MAX=3000000, POWER_SUPPLY_CHARGE_COUNTER=1969398, POWER_SUPPLY_STEP_CHARGING_ENABLED=0, POWER_SUPPLY_NUM_SYSTEM_TEMP_LEVELS=6, POWER_SUPPLY_DIE_HEALTH=Cool, POWER_SUPPLY_INPUT_SUSPEND=0}
06-28 12:08:39.757  1985  2355 D ConnectivityService: handleLingerComplete for NetworkAgentInfo [MOBILE (LTE) - 376]
06-28 12:08:39.758  1985  2355 D ConnectivityService: NetworkAgentInfo [MOBILE (LTE) - 376] got DISCONNECTED, was satisfying 13
06-28 12:08:43.229  1985  2039 W BroadcastQueue: Background execution not allowed: receiving Intent { act=android.net.conn.NETWORK_CONDITIONS_MEASURED flg=0x10 (has extras) } to com.google.android.gms/.chimera.GmsIntentOperationService$PersistentTrustedReceiver
06-28 12:08:53.286  1262  1396 E storaged: getDiskStats failed with result NOT_SUPPORTED and size 0
06-28 12:08:55.844  1985  2041 I ActivityManager: Start proc 15251:com.whatsapp/u0a185 for broadcast com.whatsapp/.AlarmBroadcastReceiver
06-28 12:08:56.048  1263  1263 W wificond: Scan aborted
06-28 12:08:56.085  1985  2355 D ConnectivityService: NetworkAgentInfo [WIFI () - 385] EVENT_NETWORK_INFO_CHANGED, going from CONNECTED to DISCONNECTED
06-28 12:08:56.085  1985  2355 D ConnectivityService: NetworkAgentInfo [WIFI () - 385] got DISCONNECTED, was satisfying 28
06-28 12:08:56.148  1985  2355 D ConnectivityService: Sending DISCONNECTED broadcast for type 1 NetworkAgentInfo [WIFI () - 385] isDefaultNetwork=true
06-28 12:08:56.166  1985  3461 W ActivityManager: Background start not allowed: service Intent { act=Orca.START cmp=com.instagram.android/com.facebook.rti.push.service.FbnsService (has extras) } to com.instagram.android/com.facebook.rti.push.service.FbnsService from pid=11155 uid=10165 pkg=com.instagram.android startFg?=false
06-28 12:08:56.403  1985  3425 D ConnectivityService: registerNetworkAgent NetworkAgentInfo{ ni{[type: MOBILE[LTE], state: CONNECTED/CONNECTED, reason: connected, extra: internet.itelcel.com, failover: false, available: true, roaming: false]}  network{386}  nethandle{1661263073293}  lp{{InterfaceName: rmnet_data0 LinkAddresses: [10.5.106.167/28,]  Routes: [0.0.0.0/0 -> 10.5.106.168 rmnet_data0,10.5.106.160/28 -> 0.0.0.0 rmnet_data0,] DnsAddresses: [10.255.50.60,] UsePrivateDns: false PrivateDnsServerName: null Domains: null MTU: 1410 TcpBufferSizes: 524288,1048576,8388608,262144,524288,4194304}}  nc{[ Transports: CELLULAR Capabilities: DUN&INTERNET&NOT_RESTRICTED&TRUSTED&NOT_VPN&NOT_ROAMING&FOREGROUND&NOT_CONGESTED&NOT_SUSPENDED Unwanted:  LinkUpBandwidth>=51200Kbps LinkDnBandwidth>=102400Kbps Specifier: <1>]}  Score{10}  everValidated{false}  lastValidated{false}  created{false} lingering{false} explicitlySelected{false} acceptUnvalidated{false} everCaptivePortalDetected{false} lastCaptivePortalDetected{false} clat{null} }
06-28 12:08:56.403  1985  2355 D ConnectivityService: NetworkAgentInfo [MOBILE (LTE) - 386] EVENT_NETWORK_INFO_CHANGED, going from null to CONNECTED
06-28 12:08:56.404  1985  2355 W DnsManager: updatePrivateDns(386, PrivateDnsConfig{true:/[]})
06-28 12:08:56.404  1985  2355 D ConnectivityService: Setting DNS servers for network 386 to [/10.255.50.60]
06-28 12:08:56.407  1985  2355 D DnsManager: setDnsConfigurationForNetwork(386, [10.255.50.60], [], [1800, 25, 8, 64], , [10.255.50.60])
06-28 12:08:56.408  1985  2355 D ConnectivityService: Adding iface rmnet_data0 to network 386
06-28 12:08:56.418  1985  2355 D ConnectivityService: Setting DNS servers for network 386 to [/10.255.50.60]
06-28 12:08:56.421  1985  2355 D DnsManager: setDnsConfigurationForNetwork(386, [10.255.50.60], [], [1800, 25, 8, 64], , [10.255.50.60])
06-28 12:08:56.471  1985  2355 D ConnectivityService: Switching to new default network: NetworkAgentInfo{ ni{[type: MOBILE[LTE], state: CONNECTED/CONNECTED, reason: connected, extra: internet.itelcel.com, failover: false, available: true, roaming: false]}  network{386}  nethandle{1661263073293}  lp{{InterfaceName: rmnet_data0 LinkAddresses: [10.5.106.167/28,]  Routes: [0.0.0.0/0 -> 10.5.106.168 rmnet_data0,10.5.106.160/28 -> 0.0.0.0 rmnet_data0,] DnsAddresses: [10.255.50.60,] UsePrivateDns: false PrivateDnsServerName: null Domains: null MTU: 1410 TcpBufferSizes: 524288,1048576,8388608,262144,524288,4194304}}  nc{[ Transports: CELLULAR Capabilities: DUN&INTERNET&NOT_RESTRICTED&TRUSTED&NOT_VPN&NOT_ROAMING&FOREGROUND&NOT_CONGESTED&NOT_SUSPENDED Unwanted:  LinkUpBandwidth>=51200Kbps LinkDnBandwidth>=102400Kbps Specifier: <1>]}  Score{10}  everValidated{false}  lastValidated{false}  created{true} lingering{false} explicitlySelected{false} acceptUnvalidated{false} everCaptivePortalDetected{false} lastCaptivePortalDetected{false} clat{null} }
06-28 12:08:56.501  1985  2355 D ConnectivityService: Sending CONNECTED broadcast for type 0 NetworkAgentInfo [MOBILE (LTE) - 386] isDefaultNetwork=true
06-28 12:08:56.530  1985  3465 W ActivityManager: Background start not allowed: service Intent { act=Orca.START cmp=com.instagram.android/com.facebook.rti.push.service.FbnsService (has extras) } to com.instagram.android/com.facebook.rti.push.service.FbnsService from pid=11155 uid=10165 pkg=com.instagram.android startFg?=false
06-28 12:08:56.936  1985  3450 W BroadcastQueue: Background execution not allowed: receiving Intent { act=android.net.wifi.STATE_CHANGE flg=0x4000010 (has extras) } to com.motorola.motosound/.receiver.WifiBroadcastReceiver
06-28 12:08:56.941  1985  3450 I chatty  : uid=1000(system) Binder:1985_D identical 1 line
06-28 12:08:56.946  1985  3450 W BroadcastQueue: Background execution not allowed: receiving Intent { act=android.net.wifi.STATE_CHANGE flg=0x4000010 (has extras) } to com.motorola.motosound/.receiver.WifiBroadcastReceiver
06-28 12:08:58.405  1263  1263 W wificond: Scan is not started. Ignore abort request
06-28 12:08:58.417  1985  3465 W BroadcastQueue: Background execution not allowed: receiving Intent { act=android.net.wifi.STATE_CHANGE flg=0x4000010 (has extras) } to com.motorola.motosound/.receiver.WifiBroadcastReceiver
06-28 12:08:58.485  1985  3450 W BroadcastQueue: Background execution not allowed: receiving Intent { act=android.net.wifi.STATE_CHANGE flg=0x4000010 (has extras) } to com.motorola.motosound/.receiver.WifiBroadcastReceiver
06-28 12:08:58.541  1985  3450 I chatty  : uid=1000(system) Binder:1985_D identical 1 line
06-28 12:08:58.548  1985  3450 W BroadcastQueue: Background execution not allowed: receiving Intent { act=android.net.wifi.STATE_CHANGE flg=0x4000010 (has extras) } to com.motorola.motosound/.receiver.WifiBroadcastReceiver
06-28 12:08:58.555  1985  2346 D ConnectivityService: registerNetworkAgent NetworkAgentInfo{ ni{[type: WIFI[], state: CONNECTING/CONNECTING, reason: (unspecified), extra: (none), failover: false, available: true, roaming: false]}  network{387}  nethandle{1665558040589}  lp{{LinkAddresses: []  Routes: [] DnsAddresses: [] UsePrivateDns: false PrivateDnsServerName: null Domains: null MTU: 0}}  nc{[ Transports: WIFI Capabilities: NOT_METERED&INTERNET&NOT_RESTRICTED&TRUSTED&NOT_VPN&NOT_ROAMING&FOREGROUND&NOT_CONGESTED&NOT_SUSPENDED Unwanted:  LinkUpBandwidth>=1048576Kbps LinkDnBandwidth>=1048576Kbps SSID: "Private"]}  Score{20}  everValidated{false}  lastValidated{false}  created{false} lingering{false} explicitlySelected{false} acceptUnvalidated{false} everCaptivePortalDetected{false} lastCaptivePortalDetected{false} clat{null} }
06-28 12:08:58.556  1985  2355 D ConnectivityService: NetworkAgentInfo [WIFI () - 387] EVENT_NETWORK_INFO_CHANGED, going from null to CONNECTING
06-28 12:08:58.571  1985  3450 W BroadcastQueue: Background execution not allowed: receiving Intent { act=android.net.wifi.STATE_CHANGE flg=0x4000010 (has extras) } to com.motorola.motosound/.receiver.WifiBroadcastReceiver
06-28 12:08:58.584  1985  2355 D ConnectivityService: NetworkAgentInfo [WIFI () - 387] EVENT_NETWORK_INFO_CHANGED, going from CONNECTING to CONNECTING
06-28 12:08:58.816  1985  3465 W BroadcastQueue: Background execution not allowed: receiving Intent { act=android.net.wifi.STATE_CHANGE flg=0x4000010 (has extras) } to com.motorola.motosound/.receiver.WifiBroadcastReceiver
06-28 12:08:58.824  1985  2355 D ConnectivityService: NetworkAgentInfo [WIFI () - 387] EVENT_NETWORK_INFO_CHANGED, going from CONNECTING to CONNECTED
06-28 12:08:58.827  1985  2355 W DnsManager: updatePrivateDns(387, PrivateDnsConfig{true:/[]})
06-28 12:08:58.828  1985  2355 D ConnectivityService: Setting DNS servers for network 387 to [/192.168.1.254]
06-28 12:08:58.832  1985  2355 D DnsManager: setDnsConfigurationForNetwork(387, [192.168.1.254], [rga.ip], [1800, 25, 8, 64], , [192.168.1.254])
06-28 12:08:58.838  1985  2355 D ConnectivityService: Adding iface wlan0 to network 387
06-28 12:08:58.839  1985  3465 W BroadcastQueue: Background execution not allowed: receiving Intent { act=android.net.wifi.STATE_CHANGE flg=0x4000010 (has extras) } to com.motorola.motosound/.receiver.WifiBroadcastReceiver
06-28 12:08:58.848  1985  2355 D ConnectivityService: Setting DNS servers for network 387 to [/192.168.1.254]
06-28 12:08:58.851  1985  2355 D DnsManager: setDnsConfigurationForNetwork(387, [192.168.1.254], [rga.ip], [1800, 25, 8, 64], , [192.168.1.254])
06-28 12:08:58.862  1985  3465 W BroadcastQueue: Background execution not allowed: receiving Intent { act=android.net.wifi.STATE_CHANGE flg=0x4000010 (has extras) } to com.motorola.motosound/.receiver.WifiBroadcastReceiver
06-28 12:08:58.922  1985  2355 D ConnectivityService: Switching to new default network: NetworkAgentInfo{ ni{[type: WIFI[], state: CONNECTED/CONNECTED, reason: (unspecified), extra: (none), failover: false, available: true, roaming: false]}  network{387}  nethandle{1665558040589}  lp{{InterfaceName: wlan0 LinkAddresses: [fe80::d204:1ff:fe34:9b29/64,192.168.1.70/24,]  Routes: [fe80::/64 -> :: wlan0,192.168.1.0/24 -> 0.0.0.0 wlan0,0.0.0.0/0 -> 192.168.1.254 wlan0,] DnsAddresses: [192.168.1.254,] UsePrivateDns: false PrivateDnsServerName: null Domains: rga.ip MTU: 0 TcpBufferSizes: 524288,2097152,4194304,262144,524288,1048576}}  nc{[ Transports: WIFI Capabilities: NOT_METERED&INTERNET&NOT_RESTRICTED&TRUSTED&NOT_VPN&NOT_ROAMING&FOREGROUND&NOT_CONGESTED&NOT_SUSPENDED Unwanted:  LinkUpBandwidth>=1048576Kbps LinkDnBandwidth>=1048576Kbps SignalStrength: -44 SSID: "Private"]}  Score{20}  everValidated{false}  lastValidated{false}  created{true} lingering{false} explicitlySelected{false} acceptUnvalidated{false} everCaptivePortalDetected{false} lastCaptivePortalDetected{false} clat{null} }
06-28 12:08:58.923   967   984 E NetlinkEvent: NetlinkEvent::FindParam(): Parameter 'INTERFACE' not found
06-28 12:08:58.923   967   984 E NetlinkEvent: NetlinkEvent::FindParam(): Parameter 'STATE' not found
06-28 12:08:58.923   967   984 E NetlinkEvent: NetlinkEvent::FindParam(): Parameter 'TIME_NS' not found
06-28 12:08:58.923   967   984 E NetlinkEvent: NetlinkEvent::FindParam(): Parameter 'UID' not found
06-28 12:08:58.973  1985  2355 D ConnectivityService: Sending DISCONNECTED broadcast for type 0 NetworkAgentInfo [MOBILE (LTE) - 386] isDefaultNetwork=true
06-28 12:08:58.976  1985  2355 D ConnectivityService: Sending CONNECTED broadcast for type 1 NetworkAgentInfo [WIFI () - 387] isDefaultNetwork=true
06-28 12:08:58.996  1985  3425 W ActivityManager: Background start not allowed: service Intent { act=Orca.START cmp=com.instagram.android/com.facebook.rti.push.service.FbnsService (has extras) } to com.instagram.android/com.facebook.rti.push.service.FbnsService from pid=11155 uid=10165 pkg=com.instagram.android startFg?=false
06-28 12:08:59.018  1985  3465 W ActivityManager: Background start not allowed: service Intent { act=Orca.START cmp=com.instagram.android/com.facebook.rti.push.service.FbnsService (has extras) } to com.instagram.android/com.facebook.rti.push.service.FbnsService from pid=11155 uid=10165 pkg=com.instagram.android startFg?=false
06-28 12:08:59.177  1985  2039 W BroadcastQueue: Background execution not allowed: receiving Intent { act=android.net.conn.NETWORK_CONDITIONS_MEASURED flg=0x10 (has extras) } to com.google.android.gms/.chimera.GmsIntentOperationService$PersistentTrustedReceiver
06-28 12:08:59.178  1985  2355 D ConnectivityService: NetworkAgentInfo [WIFI () - 387] validation passed
06-28 12:08:59.179  1985  2355 D ConnectivityService: Lingering NetworkAgentInfo [MOBILE (LTE) - 386] for 29738ms
06-28 12:08:59.317  1985  2355 D ConnectivityService: Setting DNS servers for network 387 to [/fe80::1%wlan0, /192.168.1.254]
06-28 12:08:59.320  1985  2355 D DnsManager: setDnsConfigurationForNetwork(387, [fe80::1%wlan0, 192.168.1.254], [rga.ip], [1800, 25, 8, 64], , [fe80::1%wlan0, 192.168.1.254])
06-28 12:09:00.477  1985  2041 I ActivityManager: Start proc 15423:com.facebook.katana/u0a162 for broadcast com.facebook.katana/com.google.firebase.iid.FirebaseInstanceIdReceiver
06-28 12:09:01.776 15490 15490 F linker  : CANNOT LINK EXECUTABLE "/data/data/com.facebook.katana/app_errorreporting/sess__000004206-1624900140662-704b8087-c2cb-889d-e3a2-949934652ae5/nightwatch.txt": library "libclang_rt.xray.so" not found
06-28 12:09:02.459  1985  7089 I ActivityManager: Killing 13394:com.linkedin.android/u0a7 (adj 906): empty #17
06-28 12:09:02.498  1985  3461 D ConnectivityService: ConnectivityService NetworkRequestInfo binderDied(NetworkRequest [ TRACK_DEFAULT id=656, [ Capabilities: INTERNET&NOT_RESTRICTED&TRUSTED Unwanted:  Uid: 10007] ], android.os.BinderProxy@da96e0c)
06-28 12:09:02.498  1985 13540 D ConnectivityService: ConnectivityService NetworkRequestInfo binderDied(NetworkRequest [ LISTEN id=657, [ Capabilities: INTERNET&NOT_RESTRICTED&TRUSTED Unwanted:  Uid: 10007] ], android.os.BinderProxy@701153f)
06-28 12:09:02.498  1985 10881 D ConnectivityService: ConnectivityService NetworkRequestInfo binderDied(NetworkRequest [ TRACK_DEFAULT id=655, [ Capabilities: INTERNET&NOT_RESTRICTED&TRUSTED Unwanted:  Uid: 10007] ], android.os.BinderProxy@9f3b355)
06-28 12:09:02.498  1985  2355 D ConnectivityService: releasing NetworkRequest [ TRACK_DEFAULT id=656, [ Capabilities: INTERNET&NOT_RESTRICTED&TRUSTED Unwanted:  Uid: 10007] ] (release request)
06-28 12:09:02.499  1985  2355 D ConnectivityService: releasing NetworkRequest [ TRACK_DEFAULT id=655, [ Capabilities: INTERNET&NOT_RESTRICTED&TRUSTED Unwanted:  Uid: 10007] ] (release request)
06-28 12:09:03.751  1985  1985 W Looper  : Slow dispatch took 126ms main h=com.android.server.notification.NotificationManagerService$WorkerHandler c=null m=3
06-28 12:09:10.035  1985  2039 W BroadcastQueue: Permission Denial: broadcasting Intent { act=android.net.conn.CONNECTIVITY_CHANGE flg=0x4200010 (has extras) } from null (pid=-1, uid=-1) requires com.facebook.permission.prod.FB_APP_COMMUNICATION due to registered receiver BroadcastFilter{35b9591 u0 ReceiverList{5aec3b8 15423 com.facebook.katana/10162/u0 remote:80cc61b}}
06-28 12:09:10.035  1985  2039 W BroadcastQueue: Permission Denial: broadcasting Intent { act=android.net.conn.INET_CONDITION_ACTION flg=0x4000010 (has extras) } from null (pid=-1, uid=-1) requires com.facebook.permission.prod.FB_APP_COMMUNICATION due to registered receiver BroadcastFilter{35b9591 u0 ReceiverList{5aec3b8 15423 com.facebook.katana/10162/u0 remote:80cc61b}}
06-28 12:09:10.120  1985  2039 W BroadcastQueue: Permission Denial: broadcasting Intent { act=android.net.conn.CONNECTIVITY_CHANGE flg=0x4200010 (has extras) } from null (pid=-1, uid=-1) requires com.facebook.permission.prod.FB_APP_COMMUNICATION due to registered receiver BroadcastFilter{e12f9cd u0 ReceiverList{686364 15423 com.facebook.katana/10162/u0 remote:427a8f7}}
06-28 12:09:10.432 15423 15511 E ActivityThread: Failed to find provider info for com.facebook.appmanager.firstparty.crashreporter
06-28 12:09:10.493  1985  2041 I ActivityManager: Start proc 15578:com.facebook.orca/u0a184 for content provider com.facebook.orca/com.facebook.messenger.app.MessengerLoggedInUserProvider
06-28 12:09:15.406  1985  2010 W ActivityManager: Background start not allowed: service Intent { act=Orca.START cmp=com.facebook.orca/com.facebook.mqttlite.MqttService (has extras) } to com.facebook.orca/com.facebook.mqttlite.MqttService from pid=15578 uid=10184 pkg=com.facebook.orca startFg?=false
06-28 12:09:16.560  1985  2355 D ConnectivityService: reportNetworkConnectivity(387, false) by 10018
06-28 12:09:16.626  1985  2039 W BroadcastQueue: Background execution not allowed: receiving Intent { act=android.net.conn.NETWORK_CONDITIONS_MEASURED flg=0x10 (has extras) } to com.google.android.gms/.chimera.GmsIntentOperationService$PersistentTrustedReceiver
06-28 12:09:16.628  1985  2355 D ConnectivityService: NetworkAgentInfo [WIFI () - 387] validation passed
06-28 12:09:17.177  1985  8552 W ActivityManager: Background start not allowed: service Intent { act=Orca.PERSISTENT_KICK_SKIP_PING cmp=com.facebook.orca/com.facebook.mqttlite.MqttService (has extras) } to com.facebook.orca/com.facebook.mqttlite.MqttService from pid=15578 uid=10184 pkg=com.facebook.orca startFg?=false
06-28 12:09:17.729  1985  2039 W BroadcastQueue: Background execution not allowed: receiving Intent { act=android.intent.action.DROPBOX_ENTRY_ADDED flg=0x10 (has extras) } to com.google.android.gms/.stats.service.DropBoxEntryAddedReceiver
06-28 12:09:17.729  1985  2039 W BroadcastQueue: Background execution not allowed: receiving Intent { act=android.intent.action.DROPBOX_ENTRY_ADDED flg=0x10 (has extras) } to com.google.android.gms/.chimera.GmsIntentOperationService$PersistentTrustedReceiver
06-28 12:09:17.759  1985  2039 W BroadcastQueue: Permission Denial: broadcasting Intent { act=android.net.conn.CONNECTIVITY_CHANGE flg=0x4200010 (has extras) } from null (pid=-1, uid=-1) requires com.facebook.permission.prod.FB_APP_COMMUNICATION due to registered receiver BroadcastFilter{45aef14 u0 ReceiverList{b435567 15578 com.facebook.orca/10184/u0 remote:6dce526}}
06-28 12:09:17.759  1985  2039 W BroadcastQueue: Permission Denial: broadcasting Intent { act=android.net.conn.INET_CONDITION_ACTION flg=0x4000010 (has extras) } from null (pid=-1, uid=-1) requires com.facebook.permission.prod.FB_APP_COMMUNICATION due to registered receiver BroadcastFilter{45aef14 u0 ReceiverList{b435567 15578 com.facebook.orca/10184/u0 remote:6dce526}}
06-28 12:09:17.766  1985  8552 D ConnectivityService: requestNetwork for uid/pid:10184/15578 NetworkRequest [ TRACK_DEFAULT id=663, [ Capabilities: INTERNET&NOT_RESTRICTED&TRUSTED Unwanted:  Uid: 10184] ]
06-28 12:09:17.812  1985  2039 W BroadcastQueue: Permission Denial: broadcasting Intent { act=android.net.conn.CONNECTIVITY_CHANGE flg=0x4200010 (has extras) } from null (pid=-1, uid=-1) requires com.facebook.permission.prod.FB_APP_COMMUNICATION due to registered receiver BroadcastFilter{b7dc10a u0 ReceiverList{182fd75 15578 com.facebook.orca/10184/u0 remote:35d0cac}}
06-28 12:09:18.038  1985  3461 W ActivityManager: Background start not allowed: service Intent { act=com.whatsapp.messaging.MessageService.START cmp=com.whatsapp/.messaging.MessageService } to com.whatsapp/.messaging.MessageService from pid=15251 uid=10185 pkg=com.whatsapp startFg?=false
06-28 12:09:18.065  1985  2041 I ActivityManager: Start proc 15744:android.process.acore/u0a19 for content provider com.android.providers.contacts/.ContactsProvider2
06-28 12:09:19.527  1985  2041 I ActivityManager: Start proc 15772:com.google.android.gm/u0a115 for service com.google.android.gm/.GmailIntentService
06-28 12:09:19.920 15772 15772 D ActivityThread: Loading provider com.google.android.gmail.provider;com.google.android.gm.email.provider;com.google.android.gm.tasks.provider;com.google.android.gm.email.notifier: com.android.email.provider.EmailProvider
06-28 12:09:19.946 15772 15772 D ActivityThread: Loading provider com.google.android.gm.sapi: com.google.android.gm.sapi.SapiUiProvider
--------- beginning of main
06-28 12:09:20.687 15772 15783 I chatty  : uid=10115(com.google.android.gm) HeapTaskDaemon expire 2 lines
06-28 12:09:20.705 15772 15813 I chatty  : uid=10115(com.google.android.gm) BG Thread #3 expire 1 line
06-28 12:09:20.744 15772 15826 I chatty  : uid=10115(com.google.android.gm) Lite Thread #1 expire 2 lines
06-28 12:09:20.765 15772 15828 I chatty  : uid=10115(com.google.android.gm) Lite Thread #3 expire 2 lines
06-28 12:09:20.804 15772 15842 I chatty  : uid=10115(com.google.android.gm) expire 7 lines
06-28 12:09:20.934 15578 15648 W msgr.SyncInitializer: Start regular sync initialization
06-28 12:09:20.977 15772 15843 I chatty  : uid=10115(com.google.android.gm) expire 5 lines
06-28 12:09:21.115  2879 12056 W Auth    : [AccountStateSyncher] Unable to look up account state from server. [CONTEXT service_id=153 ]
06-28 12:09:21.115  2879 12056 W Auth    : java.io.IOException: Couldn't create ClientAuthInfo
06-28 12:09:21.115  2879 12056 W Auth    : 	at hls.a(:com.google.android.gms@212116030@21.21.16 (100408-378233385):4)
06-28 12:09:21.115  2879 12056 W Auth    : 	at hon.b(:com.google.android.gms@212116030@21.21.16 (100408-378233385):8)
06-28 12:09:21.115  2879 12056 W Auth    : 	at hkx.hasFeatures(:com.google.android.gms@212116030@21.21.16 (100408-378233385):3)
06-28 12:09:21.115  2879 12056 W Auth    : 	at android.accounts.AbstractAccountAuthenticator$Transport.hasFeatures(AbstractAccountAuthenticator.java:314)
06-28 12:09:21.115  2879 12056 W Auth    : 	at android.accounts.IAccountAuthenticator$Stub.onTransact(IAccountAuthenticator.java:175)
06-28 12:09:21.115  2879 12056 W Auth    : 	at android.os.Binder.transact(Binder.java:671)
06-28 12:09:21.115  2879 12056 W Auth    : 	at dzi.onTransact(:com.google.android.gms@212116030@21.21.16 (100408-378233385):2)
06-28 12:09:21.115  2879 12056 W Auth    : 	at android.os.Binder.transact(Binder.java:671)
06-28 12:09:21.115  2879 12056 W Auth    : 	at adxe.onTransact(:com.google.android.gms@212116030@21.21.16 (100408-378233385):17)
06-28 12:09:21.115  2879 12056 W Auth    : 	at android.os.Binder.execTransact(Binder.java:735)
06-28 12:09:21.115  2879 12056 W Auth    : Caused by: hnb: Account has no password.
06-28 12:09:21.115  2879 12056 W Auth    : 	at hnc.a(:com.google.android.gms@212116030@21.21.16 (100408-378233385):3)
06-28 12:09:21.115  2879 12056 W Auth    : 	at hls.a(:com.google.android.gms@212116030@21.21.16 (100408-378233385):3)
06-28 12:09:21.115  2879 12056 W Auth    : 	... 9 more
06-28 12:09:21.116  2879 12056 W Auth    : [GaiaServicesFlagManager] Services not available! [CONTEXT service_id=153 ]
06-28 12:09:21.128  2879 12056 W Auth    : [AccountStateSyncher] Unable to look up account state from server. [CONTEXT service_id=153 ]
06-28 12:09:21.128  2879 12056 W Auth    : java.io.IOException: Couldn't create ClientAuthInfo
06-28 12:09:21.128  2879 12056 W Auth    : 	at hls.a(:com.google.android.gms@212116030@21.21.16 (100408-378233385):4)
06-28 12:09:21.128  2879 12056 W Auth    : 	at hon.b(:com.google.android.gms@212116030@21.21.16 (100408-378233385):8)
06-28 12:09:21.128  2879 12056 W Auth    : 	at hkx.hasFeatures(:com.google.android.gms@212116030@21.21.16 (100408-378233385):3)
06-28 12:09:21.128  2879 12056 W Auth    : 	at android.accounts.AbstractAccountAuthenticator$Transport.hasFeatures(AbstractAccountAuthenticator.java:314)
06-28 12:09:21.128  2879 12056 W Auth    : 	at android.accounts.IAccountAuthenticator$Stub.onTransact(IAccountAuthenticator.java:175)
06-28 12:09:21.128  2879 12056 W Auth    : 	at android.os.Binder.transact(Binder.java:671)
06-28 12:09:21.128  2879 12056 W Auth    : 	at dzi.onTransact(:com.google.android.gms@212116030@21.21.16 (100408-378233385):2)
06-28 12:09:21.128  2879 12056 W Auth    : 	at android.os.Binder.transact(Binder.java:671)
06-28 12:09:21.128  2879 12056 W Auth    : 	at adxe.onTransact(:com.google.android.gms@212116030@21.21.16 (100408-378233385):17)
06-28 12:09:21.128  2879 12056 W Auth    : 	at android.os.Binder.execTransact(Binder.java:735)
06-28 12:09:21.128  2879 12056 W Auth    : Caused by: hnb: Account has no password.
06-28 12:09:21.128  2879 12056 W Auth    : 	at hnc.a(:com.google.android.gms@212116030@21.21.16 (100408-378233385):3)
06-28 12:09:21.128  2879 12056 W Auth    : 	at hls.a(:com.google.android.gms@212116030@21.21.16 (100408-378233385):3)
06-28 12:09:21.128  2879 12056 W Auth    : 	... 9 more
06-28 12:09:21.129  2879 12056 W Auth    : [GaiaServicesFlagManager] Services not available! [CONTEXT service_id=153 ]
06-28 12:09:21.136 20538 20559 I MdiSyncModule: Receiving API connection from package 'com.google.android.gm'...
06-28 12:09:21.146 20538 20559 I MdiSyncModule: API connection successful!
06-28 12:09:21.156 20538 20559 I MdiSyncModule: Receiving API connection from package 'com.google.android.gm'...
06-28 12:09:21.172 20538 20559 I MdiSyncModule: API connection successful!
06-28 12:09:21.180 15578 15578 W Lacrima_startup: type=1400 audit(0.0:3238): avc: denied { read } for uid=10184 name="zoneinfo" dev="proc" ino=4026532127 scontext=u:r:untrusted_app:s0:c184,c256,c512,c768 tcontext=u:object_r:proc_zoneinfo:s0 tclass=file permissive=0
06-28 12:09:21.181 15578 15632 E nightwatch-target: /proc/zoneinfo open: errno=13
06-28 12:09:21.181 15578 15632 E nightwatch-target: sysmeminfo parse failed
06-28 12:09:21.383 15772 15825 I chatty  : uid=10115(com.google.android.gm) Lite Thread #0 expire 3 lines
06-28 12:09:21.391 15578 15583 I m.facebook.orc: JIT allocated 75KB for compiled code of java.lang.Object X.2Ll.A00(int, X.0jp, java.lang.Object)
06-28 12:09:21.392 15578 15583 I m.facebook.orc: Compiler allocated 6MB to compile java.lang.Object X.2Ll.A00(int, X.0jp, java.lang.Object)
06-28 12:09:21.480 15772 15826 W wsu     : Toggling Chat components off.
06-28 12:09:21.488 15772 15826 W wsu     : Toggling Meet components on.
06-28 12:09:21.494   967 15421 D libc    : dns request timeout: netid(386), id(0xb017), server(10.255.50.60)
06-28 12:09:21.502   967 15709 D libc    : dns request timeout: netid(386), id(0xa90b), server(10.255.50.60)
06-28 12:09:21.564 15772 15783 I ogle.android.g: Background concurrent copying GC freed 25756(2MB) AllocSpace objects, 45(1460KB) LOS objects, 49% free, 5MB/10MB, paused 283us total 246.506ms
06-28 12:09:21.595 15772 15827 D StrictMode: StrictMode policy violation: android.os.strictmode.DiskReadViolation
06-28 12:09:21.595 15772 15827 D StrictMode: 	at android.os.StrictMode$AndroidBlockGuardPolicy.onReadFromDisk(StrictMode.java:1519)
06-28 12:09:21.595 15772 15827 D StrictMode: 	at android.app.SharedPreferencesImpl.hasFileChangedUnexpectedly(SharedPreferencesImpl.java:225)
06-28 12:09:21.595 15772 15827 D StrictMode: 	at android.app.SharedPreferencesImpl.startReloadIfChangedUnexpectedly(SharedPreferencesImpl.java:201)
06-28 12:09:21.595 15772 15827 D StrictMode: 	at android.app.ContextImpl.getSharedPreferences(ContextImpl.java:436)
06-28 12:09:21.595 15772 15827 D StrictMode: 	at android.app.ContextImpl.getSharedPreferences(ContextImpl.java:407)
06-28 12:09:21.595 15772 15827 D StrictMode: 	at android.content.ContextWrapper.getSharedPreferences(ContextWrapper.java:174)
06-28 12:09:21.595 15772 15827 D StrictMode: 	at android.content.ContextWrapper.getSharedPreferences(ContextWrapper.java:174)
06-28 12:09:21.595 15772 15827 D StrictMode: 	at com.google.android.gms.ads.identifier.settings.b.b(:com.google.android.gms@212116030@21.21.16 (100408-378233385):0)
06-28 12:09:21.595 15772 15827 D StrictMode: 	at com.google.android.gms.ads.identifier.settings.b.m(:com.google.android.gms@212116030@21.21.16 (100408-378233385):6)
06-28 12:09:21.595 15772 15827 D StrictMode: 	at com.google.android.gms.ads.identifier.settings.b.f(:com.google.android.gms@212116030@21.21.16 (100408-378233385):1)
06-28 12:09:21.595 15772 15827 D StrictMode: 	at com.google.android.gms.ads.identifier.internal.c.c(:com.google.android.gms@212116030@21.21.16 (100408-378233385):0)
06-28 12:09:21.595 15772 15827 D StrictMode: 	at com.google.android.gms.ads.identifier.internal.c.eg(:com.google.android.gms@212116030@21.21.16 (100408-378233385):10)
06-28 12:09:21.595 15772 15827 D StrictMode: 	at dtk.onTransact(:com.google.android.gms@212116030@21.21.16 (100408-378233385):5)
06-28 12:09:21.595 15772 15827 D StrictMode: 	at android.os.Binder.transact(Binder.java:671)
06-28 12:09:21.595 15772 15827 D StrictMode: 	at dzi.onTransact(:com.google.android.gms@212116030@21.21.16 (100408-378233385):2)
06-28 12:09:21.595 15772 15827 D StrictMode: 	at android.os.Binder.transact(Binder.java:671)
06-28 12:09:21.595 15772 15827 D StrictMode: 	at adxe.onTransact(:com.google.android.gms@212116030@21.21.16 (100408-378233385):17)
06-28 12:09:21.595 15772 15827 D StrictMode: 	at android.os.Binder.execTransact(Binder.java:735)
06-28 12:09:21.595 15772 15827 D StrictMode: # via Binder call with stack:
06-28 12:09:21.595 15772 15827 D StrictMode: 	at android.os.StrictMode.readAndHandleBinderCallViolations(StrictMode.java:2146)
06-28 12:09:21.595 15772 15827 D StrictMode: 	at android.os.Parcel.readExceptionCode(Parcel.java:1896)
06-28 12:09:21.595 15772 15827 D StrictMode: 	at android.os.Parcel.readException(Parcel.java:1865)
