06-28 11:05:24.147  1985  2355 I chatty  : uid=1000(system) ConnectivitySer expire 74 lines
06-28 11:05:24.199  1985 10247 I chatty  : uid=1000(system) Binder:1985_1B expire 6 lines
06-28 11:05:24.213  1985  8760 I chatty  : uid=1000(system) Binder:1985_1A expire 9 lines
06-28 11:05:24.502  1985  2945 I chatty  : uid=1000(system) Binder:1985_9 expire 4 lines
06-28 11:05:24.680  1985  6694 I chatty  : uid=1000(system) Binder:1985_17 expire 7 lines
06-28 11:05:26.702  1263  1263 W wificond: Scan is not started. Ignore abort request
06-28 11:05:27.154  1985  3459 I chatty  : uid=1000(system) Binder:1985_F expire 2 lines
06-28 11:05:27.263   967   984 E NetlinkEvent: NetlinkEvent::FindParam(): Parameter 'INTERFACE' not found
06-28 11:05:27.263   967   984 E NetlinkEvent: NetlinkEvent::FindParam(): Parameter 'STATE' not found
06-28 11:05:27.263   967   984 E NetlinkEvent: NetlinkEvent::FindParam(): Parameter 'TIME_NS' not found
06-28 11:05:27.263   967   984 E NetlinkEvent: NetlinkEvent::FindParam(): Parameter 'UID' not found
06-28 11:05:27.549  1985  7089 I chatty  : uid=1000(system) Binder:1985_18 expire 2 lines
06-28 11:05:27.640  1985  3462 I chatty  : uid=1000(system) Binder:1985_11 expire 3 lines
06-28 11:05:29.884  1263  1263 W wificond: Scan is not started. Ignore abort request
06-28 11:05:29.963  1985 13540 I chatty  : uid=1000(system) Binder:1985_1E expire 4 lines
06-28 11:05:30.487   967   984 E NetlinkEvent: NetlinkEvent::FindParam(): Parameter 'INTERFACE' not found
06-28 11:05:30.487   967   984 E NetlinkEvent: NetlinkEvent::FindParam(): Parameter 'STATE' not found
06-28 11:05:30.487   967   984 E NetlinkEvent: NetlinkEvent::FindParam(): Parameter 'TIME_NS' not found
06-28 11:05:30.487   967   984 E NetlinkEvent: NetlinkEvent::FindParam(): Parameter 'UID' not found
06-28 11:05:33.464  1263  1263 W wificond: Scan is not started. Ignore abort request
06-28 11:05:33.748  1985  2439 I chatty  : uid=1000(system) Binder:1985_5 expire 1 line
06-28 11:05:33.869   967   984 E NetlinkEvent: NetlinkEvent::FindParam(): Parameter 'INTERFACE' not found
06-28 11:05:33.869   967   984 E NetlinkEvent: NetlinkEvent::FindParam(): Parameter 'STATE' not found
06-28 11:05:33.869   967   984 E NetlinkEvent: NetlinkEvent::FindParam(): Parameter 'TIME_NS' not found
06-28 11:05:33.869   967   984 E NetlinkEvent: NetlinkEvent::FindParam(): Parameter 'UID' not found
06-28 11:05:34.143  1985  2355 I chatty  : uid=1000(system) ConnectivitySer expire 65 lines
06-28 11:05:34.153  1985  6694 I chatty  : uid=1000(system) Binder:1985_17 expire 5 lines
06-28 11:05:34.223  1985  7089 I chatty  : uid=1000(system) Binder:1985_18 expire 8 lines
06-28 11:05:35.002  1985  2041 I chatty  : uid=1000(system) ActivityManager expire 3 lines
06-28 11:05:36.229  1263  1263 W wificond: Scan is not started. Ignore abort request
06-28 11:05:36.248  1985 14969 I chatty  : uid=1000(system) Binder:1985_1F expire 7 lines
06-28 11:05:36.383  1985  2346 I chatty  : uid=1000(system) WifiStateMachin expire 6 lines
06-28 11:05:36.583  1985  3462 I chatty  : uid=1000(system) Binder:1985_11 expire 11 lines
06-28 11:05:36.630  1985  2513 I chatty  : uid=1000(system) Binder:1985_7 expire 1 line
06-28 11:05:37.105   967   984 E NetlinkEvent: NetlinkEvent::FindParam(): Parameter 'INTERFACE' not found
06-28 11:05:37.105   967   984 E NetlinkEvent: NetlinkEvent::FindParam(): Parameter 'STATE' not found
06-28 11:05:37.105   967   984 E NetlinkEvent: NetlinkEvent::FindParam(): Parameter 'TIME_NS' not found
06-28 11:05:37.105   967   984 E NetlinkEvent: NetlinkEvent::FindParam(): Parameter 'UID' not found
06-28 11:05:37.224  1985  2010 I chatty  : uid=1000(system) Binder:1985_2 expire 5 lines
06-28 11:05:37.247  1985 11882 I chatty  : uid=1000(system) Binder:1985_1D expire 1 line
06-28 11:05:37.385  1985  2039 I chatty  : uid=1000(system) ActivityManager expire 14 lines
06-28 11:05:37.412  1985 16273 I chatty  : uid=1000(system) Binder:1985_20 expire 10 lines
06-28 11:05:37.420  1985  3465 I chatty  : uid=1000(system) Binder:1985_14 expire 5 lines
06-28 11:05:37.473  1985  8552 I chatty  : uid=1000(system) Binder:1985_19 expire 1 line
06-28 11:05:37.476  1985 10881 I chatty  : uid=1000(system) Binder:1985_1C expire 6 lines
06-28 11:05:39.709  1263  1263 W wificond: Scan is not started. Ignore abort request
06-28 11:05:39.730  1985 10247 I chatty  : uid=1000(system) Binder:1985_1B expire 11 lines
06-28 11:05:40.183   967   984 E NetlinkEvent: NetlinkEvent::FindParam(): Parameter 'INTERFACE' not found
06-28 11:05:40.183   967   984 E NetlinkEvent: NetlinkEvent::FindParam(): Parameter 'STATE' not found
06-28 11:05:40.183   967   984 E NetlinkEvent: NetlinkEvent::FindParam(): Parameter 'TIME_NS' not found
06-28 11:05:40.183   967   984 E NetlinkEvent: NetlinkEvent::FindParam(): Parameter 'UID' not found
06-28 11:05:40.294  1985  8760 I chatty  : uid=1000(system) Binder:1985_1A expire 1 line
06-28 11:05:40.673  1985  2060 I chatty  : uid=1000(system) android.fg expire 3 lines
06-28 11:05:40.714  1985  2481 I chatty  : uid=1000(system) Binder:1985_6 expire 7 lines
06-28 11:05:40.996  1985  2078 I chatty  : uid=1000(system) PackageManager expire 1 line
06-28 11:05:43.025  1263  1263 W wificond: Scan is not started. Ignore abort request
06-28 11:05:43.043  1985  2009 I chatty  : uid=1000(system) Binder:1985_1 expire 6 lines
06-28 11:05:43.323  1985  2909 I chatty  : uid=1000(system) Binder:1985_8 expire 2 lines
06-28 11:05:43.438   967   984 E NetlinkEvent: NetlinkEvent::FindParam(): Parameter 'INTERFACE' not found
06-28 11:05:43.438   967   984 E NetlinkEvent: NetlinkEvent::FindParam(): Parameter 'STATE' not found
06-28 11:05:43.438   967   984 E NetlinkEvent: NetlinkEvent::FindParam(): Parameter 'TIME_NS' not found
06-28 11:05:43.438   967   984 E NetlinkEvent: NetlinkEvent::FindParam(): Parameter 'UID' not found
06-28 11:05:43.834  1985  3439 I chatty  : uid=1000(system) Binder:1985_B expire 1 line
06-28 11:05:44.069  1985  2203 I chatty  : uid=1000(system) UEventObserver expire 1 line
06-28 11:05:45.683  3176 11339 D ProcSpeedReader: Failed to read freq stats from null
06-28 11:05:45.722  3176 11339 D ProcSpeedReader: Failed to read freq stats from null
06-28 11:05:45.872  1263  1263 W wificond: Scan is not started. Ignore abort request
06-28 11:05:45.989  1985  2355 I chatty  : uid=1000(system) ConnectivitySer expire 48 lines
06-28 11:05:46.302  1985  3450 I chatty  : uid=1000(system) Binder:1985_D expire 3 lines
06-28 11:05:46.348   967   984 E NetlinkEvent: NetlinkEvent::FindParam(): Parameter 'INTERFACE' not found
06-28 11:05:46.348   967   984 E NetlinkEvent: NetlinkEvent::FindParam(): Parameter 'STATE' not found
06-28 11:05:46.348   967   984 E NetlinkEvent: NetlinkEvent::FindParam(): Parameter 'TIME_NS' not found
06-28 11:05:46.348   967   984 E NetlinkEvent: NetlinkEvent::FindParam(): Parameter 'UID' not found
06-28 11:05:46.540  1985  5299 I chatty  : uid=1000(system) Binder:1985_16 expire 4 lines
06-28 11:05:46.757  1985  2062 I chatty  : uid=1000(system) android.display expire 1 line
06-28 11:05:46.864  1985  1985 I chatty  : uid=1000 system_server expire 6 lines
06-28 11:05:46.943  3176 11339 D ProcSpeedReader: Failed to read freq stats from null
06-28 11:05:46.972  1985 13540 I chatty  : uid=1000(system) Binder:1985_1E expire 8 lines
06-28 11:05:47.022  3176 11339 D ProcSpeedReader: Failed to read freq stats from null
06-28 11:05:47.186  1985  3425 I chatty  : uid=1000(system) Binder:1985_A expire 1 line
06-28 11:05:47.194  1985  4486 I chatty  : uid=1000(system) Binder:1985_15 expire 5 lines
06-28 11:05:49.449  1263  1263 W wificond: Scan is not started. Ignore abort request
06-28 11:05:49.839   967   984 E NetlinkEvent: NetlinkEvent::FindParam(): Parameter 'INTERFACE' not found
06-28 11:05:49.840   967   984 E NetlinkEvent: NetlinkEvent::FindParam(): Parameter 'STATE' not found
06-28 11:05:49.840   967   984 E NetlinkEvent: NetlinkEvent::FindParam(): Parameter 'TIME_NS' not found
06-28 11:05:49.840   967   984 E NetlinkEvent: NetlinkEvent::FindParam(): Parameter 'UID' not found
06-28 11:05:49.985  1985 10247 I chatty  : uid=1000(system) Binder:1985_1B expire 2 lines
06-28 11:05:50.244  1985  2039 I chatty  : uid=1000(system) ActivityManager expire 22 lines
06-28 11:05:52.655  1263  1263 W wificond: Scan is not started. Ignore abort request
06-28 11:05:53.025  1262  1396 E storaged: getDiskStats failed with result NOT_SUPPORTED and size 0
06-28 11:05:53.060  1985  2355 I chatty  : uid=1000(system) ConnectivitySer expire 33 lines
06-28 11:05:53.070  1985  2481 I chatty  : uid=1000(system) Binder:1985_6 expire 10 lines
06-28 11:05:53.079  1985  3464 I chatty  : uid=1000(system) Binder:1985_13 expire 10 lines
06-28 11:05:53.165   967   984 E NetlinkEvent: NetlinkEvent::FindParam(): Parameter 'INTERFACE' not found
06-28 11:05:53.165   967   984 E NetlinkEvent: NetlinkEvent::FindParam(): Parameter 'STATE' not found
06-28 11:05:53.165   967   984 E NetlinkEvent: NetlinkEvent::FindParam(): Parameter 'TIME_NS' not found
06-28 11:05:53.165   967   984 E NetlinkEvent: NetlinkEvent::FindParam(): Parameter 'UID' not found
06-28 11:05:53.321  1985  4486 I chatty  : uid=1000(system) Binder:1985_15 expire 7 lines
06-28 11:05:53.385  1985  6694 I chatty  : uid=1000(system) Binder:1985_17 expire 2 lines
06-28 11:05:53.694  1985  7089 I chatty  : uid=1000(system) Binder:1985_18 expire 2 lines
06-28 11:05:53.792  1985 10881 I chatty  : uid=1000(system) Binder:1985_1C expire 1 line
06-28 11:05:55.084  1985  8760 I chatty  : uid=1000(system) Binder:1985_1A expire 2 lines
06-28 11:05:55.479  1263  1263 W wificond: Scan is not started. Ignore abort request
06-28 11:05:55.620  1985  2346 I chatty  : uid=1000(system) WifiStateMachin expire 2 lines
06-28 11:05:55.621  1985  5299 I chatty  : uid=1000(system) Binder:1985_16 expire 3 lines
06-28 11:05:55.799  1985  3462 I chatty  : uid=1000(system) Binder:1985_11 expire 6 lines
06-28 11:05:55.868   967   984 E NetlinkEvent: NetlinkEvent::FindParam(): Parameter 'INTERFACE' not found
06-28 11:05:55.868   967   984 E NetlinkEvent: NetlinkEvent::FindParam(): Parameter 'STATE' not found
06-28 11:05:55.868   967   984 E NetlinkEvent: NetlinkEvent::FindParam(): Parameter 'TIME_NS' not found
06-28 11:05:55.868   967   984 E NetlinkEvent: NetlinkEvent::FindParam(): Parameter 'UID' not found
06-28 11:05:56.256  1985  3425 I chatty  : uid=1000(system) Binder:1985_A expire 2 lines
06-28 11:05:56.277  3176 11339 D ProcSpeedReader: Failed to read freq stats from null
06-28 11:05:56.313  3176 11339 D ProcSpeedReader: Failed to read freq stats from null
06-28 11:05:56.520  1985  1985 I chatty  : uid=1000 system_server expire 22 lines
06-28 11:05:56.531  1985  2062 I chatty  : uid=1000(system) android.display expire 4 lines
06-28 11:05:58.199  1985  2317 I chatty  : uid=1000(system) InputDispatcher expire 1 line
06-28 11:06:07.315  1985  2203 I chatty  : uid=1000(system) UEventObserver expire 2 lines
06-28 11:06:07.816   967  2085 W SocketClient: write error (Broken pipe)
06-28 11:06:09.524  3176 11339 D ProcSpeedReader: Failed to read freq stats from null
06-28 11:06:09.562  1985  2041 I chatty  : uid=1000(system) ActivityManager expire 11 lines
06-28 11:06:09.609  3176 11339 D ProcSpeedReader: Failed to read freq stats from null
06-28 11:06:10.474  1985  8552 I chatty  : uid=1000(system) Binder:1985_19 expire 1 line
06-28 11:06:10.583  3176 11339 D ProcSpeedReader: Failed to read freq stats from null
06-28 11:06:10.634  3176 11339 D ProcSpeedReader: Failed to read freq stats from null
06-28 11:06:10.717  1985  2355 I chatty  : uid=1000(system) ConnectivitySer expire 22 lines
06-28 11:06:11.920  1985  2078 I chatty  : uid=1000(system) PackageManager expire 1 line
06-28 11:06:13.607  1985 10247 I chatty  : uid=1000(system) Binder:1985_1B expire 1 line
06-28 11:06:14.742  1985  2037 I chatty  : uid=1000(system) android.bg expire 3 lines
06-28 11:06:16.251  1985  3461 I chatty  : uid=1000(system) Binder:1985_10 expire 10 lines
06-28 11:06:17.583  1985  2198 I chatty  : uid=1000(system) Binder:1985_3 expire 1 line
06-28 11:06:19.798  1985  2429 I chatty  : uid=1000(system) Binder:1985_4 expire 1 line
06-28 11:06:30.005  1985 13540 I chatty  : uid=1000(system) Binder:1985_1E expire 2 lines
06-28 11:06:32.249  1263  1263 W wificond: Scan is not started. Ignore abort request
06-28 11:06:32.328  1985 11882 I chatty  : uid=1000(system) Binder:1985_1D expire 1 line
06-28 11:06:32.427  1985  2355 I chatty  : uid=1000(system) ConnectivitySer expire 16 lines
06-28 11:06:32.924  1985  2945 I chatty  : uid=1000(system) Binder:1985_9 expire 1 line
06-28 11:06:33.001   967   984 E NetlinkEvent: NetlinkEvent::FindParam(): Parameter 'INTERFACE' not found
06-28 11:06:33.001   967   984 E NetlinkEvent: NetlinkEvent::FindParam(): Parameter 'STATE' not found
06-28 11:06:33.001   967   984 E NetlinkEvent: NetlinkEvent::FindParam(): Parameter 'TIME_NS' not found
06-28 11:06:33.001   967   984 E NetlinkEvent: NetlinkEvent::FindParam(): Parameter 'UID' not found
06-28 11:06:34.750  1985  3439 I chatty  : uid=1000(system) Binder:1985_B expire 3 lines
06-28 11:06:38.358  1985  2039 I chatty  : uid=1000(system) ActivityManager expire 44 lines
06-28 11:06:50.893   967  3281 W SocketClient: write error (Broken pipe)
06-28 11:06:53.026  1262  1396 E storaged: getDiskStats failed with result NOT_SUPPORTED and size 0
06-28 11:06:55.830   925   929 D vold    : Remounting 10241 as mode default
06-28 11:06:55.852   925   929 D vold    : Remounting 10241 as mode write
06-28 11:06:56.006  1985  2041 I chatty  : uid=1000(system) ActivityManager expire 2 lines
06-28 11:06:56.332  1985  3458 I chatty  : uid=1000(system) Binder:1985_E expire 1 line
06-28 11:06:56.777  3176 11339 D ProcSpeedReader: Failed to read freq stats from null
06-28 11:06:56.849  3176 11339 D ProcSpeedReader: Failed to read freq stats from null
06-28 11:06:57.123  1985  1985 I chatty  : uid=1000 system_server expire 9 lines
06-28 11:06:58.401  1985  2039 I chatty  : uid=1000(system) ActivityManager expire 21 lines
06-28 11:07:02.987  1985  2355 I chatty  : uid=1000(system) ConnectivitySer expire 27 lines
06-28 11:07:03.931  1985  2041 I chatty  : uid=1000(system) ActivityManager expire 10 lines
06-28 11:07:04.360  1985  2429 I chatty  : uid=1000(system) Binder:1985_4 expire 4 lines
06-28 11:07:04.394  1985  2062 I chatty  : uid=1000(system) android.display expire 2 lines
06-28 11:07:10.481  1985  8552 I chatty  : uid=1000(system) Binder:1985_19 expire 3 lines
06-28 11:07:12.321  1985  4486 I chatty  : uid=1000(system) Binder:1985_15 expire 4 lines
06-28 11:07:12.366  1985 11882 I chatty  : uid=1000(system) Binder:1985_1D expire 5 lines
06-28 11:07:12.366  1985  5299 I chatty  : uid=1000(system) Binder:1985_16 expire 2 lines
06-28 11:07:12.720  1263  1263 W wificond: Scan is not started. Ignore abort request
06-28 11:07:12.743  1985  2945 I chatty  : uid=1000(system) Binder:1985_9 expire 6 lines
06-28 11:07:12.905  1985  3425 I chatty  : uid=1000(system) Binder:1985_A expire 4 lines
06-28 11:07:12.909  1985  2346 I chatty  : uid=1000(system) WifiStateMachin expire 3 lines
06-28 11:07:13.260  1985  3459 I chatty  : uid=1000(system) Binder:1985_F expire 10 lines
06-28 11:07:13.303   967   984 E NetlinkEvent: NetlinkEvent::FindParam(): Parameter 'INTERFACE' not found
06-28 11:07:13.303   967   984 E NetlinkEvent: NetlinkEvent::FindParam(): Parameter 'STATE' not found
06-28 11:07:13.303   967   984 E NetlinkEvent: NetlinkEvent::FindParam(): Parameter 'TIME_NS' not found
06-28 11:07:13.303   967   984 E NetlinkEvent: NetlinkEvent::FindParam(): Parameter 'UID' not found
06-28 11:07:13.357  1985  2355 I chatty  : uid=1000(system) ConnectivitySer expire 10 lines
06-28 11:07:13.670  1985  2039 I chatty  : uid=1000(system) ActivityManager expire 14 lines
06-28 11:07:14.331  3887  3887 D ActivityThread: Loading provider com.google.android.gmail.provider;com.google.android.gm.email.provider;com.google.android.gm.tasks.provider;com.google.android.gm.email.notifier: com.android.email.provider.EmailProvider
06-28 11:07:14.360  3887  3887 D ActivityThread: Loading provider com.google.android.gm.sapi: com.google.android.gm.sapi.SapiUiProvider
06-28 11:07:23.121  3477  3523 E AndroidRuntime: FATAL EXCEPTION: mqt_native_modules
06-28 11:07:23.121  3477  3523 E AndroidRuntime: Process: com.tecaliapp, PID: 3477
06-28 11:07:23.121  3477  3523 E AndroidRuntime: com.facebook.react.common.JavascriptException: TypeError: (0,r(d[9]).useEffect) is not a function. (In '(0,r(d[9]).useEffect)(function(){R()},[])', '(0,r(d[9]).useEffect)' is undefined)
06-28 11:07:23.121  3477  3523 E AndroidRuntime: 
06-28 11:07:23.121  3477  3523 E AndroidRuntime: This error is located at:
06-28 11:07:23.121  3477  3523 E AndroidRuntime:     in E
06-28 11:07:23.121  3477  3523 E AndroidRuntime:     in Unknown
06-28 11:07:23.121  3477  3523 E AndroidRuntime:     in Unknown
06-28 11:07:23.121  3477  3523 E AndroidRuntime:     in Unknown
06-28 11:07:23.121  3477  3523 E AndroidRuntime:     in RNSScreen
06-28 11:07:23.121  3477  3523 E AndroidRuntime:     in _
06-28 11:07:23.121  3477  3523 E AndroidRuntime:     in Unknown
06-28 11:07:23.121  3477  3523 E AndroidRuntime:     in p
06-28 11:07:23.121  3477  3523 E AndroidRuntime:     in Unknown
06-28 11:07:23.121  3477  3523 E AndroidRuntime:     in RNSScreenContainer
06-28 11:07:23.121  3477  3523 E AndroidRuntime:     in f
06-28 11:07:23.121  3477  3523 E AndroidRuntime:     in RCTView
06-28 11:07:23.121  3477  3523 E AndroidRuntime:     in Unknown
06-28 11:07:23.121  3477  3523 E AndroidRuntime:     in RCTView
06-28 11:07:23.121  3477  3523 E AndroidRuntime:     in Unknown
06-28 11:07:23.121  3477  3523 E AndroidRuntime:     in AnimatedComponent(View)
06-28 11:07:23.121  3477  3523 E AndroidRuntime:     in Unknown
06-28 11:07:23.121  3477  3523 E AndroidRuntime:     in RCTView
06-28 11:07:23.121  3477  3523 E AndroidRuntime:     in Unknown
06-28 11:07:23.121  3477  3523 E AndroidRuntime:     in AnimatedComponent(View)
06-28 11:07:23.121  3477  3523 E AndroidRuntime:     in Unknown
06-28 11:07:23.121  3477  3523 E AndroidRuntime:     in PanGestureHandler
06-28 11:07:23.121  3477  3523 E AndroidRuntime:     in Unknown
06-28 11:07:23.121  3477  3523 E AndroidRuntime:     in se
06-28 11:07:23.121  3477  3523 E AndroidRuntime:     in Unknown
06-28 11:07:23.121  3477  3523 E AndroidRuntime:     in RCTView
06-28 11:07:23.121  3477  3523 E AndroidRuntime:     in Unknown
06-28 11:07:23.121  3477  3523 E AndroidRuntime:     in Unknown
06-28 11:07:23.121  3477  3523 E AndroidRuntime:     in Unknown
06-28 11:07:23.121  3477  3523 E AndroidRuntime:     in Unknown
06-28 11:07:23.121  3477  3523 E AndroidRuntime:     in M
06-28 11:07:23.121  3477  3523 E AndroidRuntime:     in Unknown
06-28 11:07:23.121  3477  3523 E AndroidRuntime:     in M
06-28 11:07:23.121  3477  3523 E AndroidRuntime:     in Unknown
06-28 11:07:23.121  3477  3523 E AndroidRuntime:     in Unknown
06-28 11:07:23.121  3477  3523 E AndroidRuntime:     in Unknown
06-28 11:07:23.121  3477  3523 E AndroidRuntime:     in RCTView
06-28 11:07:23.121  3477  3523 E AndroidRuntime:     in Unknown
06-28 11:07:23.121  3477  3523 E AndroidRuntime:     in RCTView
06-28 11:07:23.121  3477  3523 E AndroidRuntime:     in Unknown
06-28 11:07:23.121  3477  3523 E AndroidRuntime:     in RCTView
06-28 11:07:23.121  3477  3523 E AndroidRuntime:     in Unknown
06-28 11:07:23.121  3477  3523 E AndroidRuntime:     in Unknown
06-28 11:07:23.121  3477  3523 E AndroidRuntime:     in RCTView
06-28 11:07:23.121  3477  3523 E AndroidRuntime:     in Unknown
06-28 11:07:23.121  3477  3523 E AndroidRuntime:     in _
06-28 11:07:23.121  3477  3523 E AndroidRuntime:     in Unknown
06-28 11:07:23.121  3477  3523 E AndroidRuntime:     in PanGestureHandler
06-28 11:07:23.121  3477  3523 E AndroidRuntime:     in Unknown
06-28 11:07:23.121  3477  3523 E AndroidRuntime:     in RCTView
06-28 11:07:23.121  3477  3523 E AndroidRuntime:     in Unknown
06-28 11:07:23.121  3477  3523 E AndroidRuntime:     in _
06-28 11:07:23.121  3477  3523 E AndroidRuntime:     in Unknown
06-28 11:07:23.121  3477  3523 E AndroidRuntime:     in RCTView
06-28 11:07:23.121  3477  3523 E AndroidRuntime:     in Unknown
06-28 11:07:23.121  3477  3523 E AndroidRuntime:     in P
06-28 11:07:23.121  3477  3523 E AndroidRuntime:     in Unknown
06-28 11:07:23.121  3477  3523 E AndroidRuntime:     in RNSScreen
06-28 11:07:23.121  3477  3523 E AndroidRuntime:     in _
06-28 11:07:23.121  3477  3523 E AndroidRuntime:     in Unknown
06-28 11:07:23.121  3477  3523 E AndroidRuntime:     in p
06-28 11:07:23.121  3477  3523 E AndroidRuntime:     in Unknown
06-28 11:07:23.121  3477  3523 E AndroidRuntime:     in RNSScreenContainer
06-28 11:07:23.121  3477  3523 E AndroidRuntime:     in f
06-28 11:07:23.121  3477  3523 E AndroidRuntime:     in Unknown
06-28 11:07:23.121  3477  3523 E AndroidRuntime:     in D
06-28 11:07:23.121  3477  3523 E AndroidRuntime:     in T
06-28 11:07:23.121  3477  3523 E AndroidRuntime:     in RNCSafeAreaProvider
06-28 11:07:23.121  3477  3523 E AndroidRuntime:     in Unknown
06-28 11:07:23.121  3477  3523 E AndroidRuntime:     in Unknown
06-28 11:07:23.121  3477  3523 E AndroidRuntime:     in GestureHandlerRootView
06-28 11:07:23.121  3477  3523 E AndroidRuntime:     in Unknown
06-28 11:07:23.121  3477  3523 E AndroidRuntime:     in C
06-28 11:07:23.121  3477  3523 E AndroidRuntime:     in Unknown
06-28 11:07:23.121  3477  3523 E AndroidRuntime:     in c
06-28 11:07:23.121  3477  3523 E AndroidRuntime:     in Unknown
06-28 11:07:23.121  3477  3523 E AndroidRuntime:     in Unknown
06-28 11:07:23.121  3477  3523 E AndroidRuntime:     in Unknown
06-28 11:07:23.121  3477  3523 E AndroidRuntime:     in Unknown
06-28 11:07:23.121  3477  3523 E AndroidRuntime:     in n
06-28 11:07:23.121  3477  3523 E AndroidRuntime:     in RCTView
06-28 11:07:23.121  3477  3523 E AndroidRuntime:     in Unknown
06-28 11:07:23.121  3477  3523 E AndroidRuntime:     in RCTView
06-28 11:07:23.121  3477  3523 E AndroidRuntime:     in Unknown
06-28 11:07:23.121  3477  3523 E AndroidRuntime:     in C, stack:
06-28 11:07:23.121  3477  3523 E AndroidRuntime: E@916:1062
06-28 11:07:23.121  3477  3523 E AndroidRuntime: wr@77:42102
06-28 11:07:23.121  3477  3523 E AndroidRuntime: Hl@77:89853
06-28 11:07:23.121  3477  3523 E AndroidRuntime: ja@77:79095
06-28 11:07:23.121  3477  3523 E AndroidRuntime: Ba@77:78997
06-28 11:07:23.121  3477  3523 E AndroidRuntime: Qa@77:78762
06-28 11:07:23.121  3477  3523 E AndroidRuntime: Ia@77:75924
06-28 11:07:23.121  3477  3523 E AndroidRuntime: Ia@-1
06-28 11:07:23.121  3477  3523 E AndroidRuntime: <unknown>@77:26326
06-28 11:07:23.121  3477  3523 E AndroidRuntime: unstable_runWithPriority@142:3806
06-28 11:07:23.121  3477  3523 E AndroidRuntime: ht@77:26273
06-28 11:07:23.121  3477  3523 E AndroidRuntime: pt@77:26208
06-28 11:07:23.121  3477  3523 E AndroidRuntime: ke@77:93329
06-28 11:07:23.121  3477  3523 E AndroidRuntime: _e@77:12979
06-28 11:07:23.121  3477  3523 E AndroidRuntime: Re@77:13368
06-28 11:07:23.121  3477  3523 E AndroidRuntime: receiveTouches@77:14167
06-28 11:07:23.121  3477  3523 E AndroidRuntime: value@41:3469
06-28 11:07:23.121  3477  3523 E AndroidRuntime: <unknown>@41:662
06-28 11:07:23.121  3477  3523 E AndroidRuntime: value@41:2459
06-28 11:07:23.121  3477  3523 E AndroidRuntime: value@41:634
06-28 11:07:23.121  3477  3523 E AndroidRuntime: value@-1
06-28 11:07:23.121  3477  3523 E AndroidRuntime: 
06-28 11:07:23.121  3477  3523 E AndroidRuntime: 	at com.facebook.react.modules.core.ExceptionsManagerModule.reportException(ExceptionsManagerModule.java:83)
06-28 11:07:23.121  3477  3523 E AndroidRuntime: 	at java.lang.reflect.Method.invoke(Native Method)
06-28 11:07:23.121  3477  3523 E AndroidRuntime: 	at com.facebook.react.bridge.JavaMethodWrapper.invoke(JavaMethodWrapper.java:372)
06-28 11:07:23.121  3477  3523 E AndroidRuntime: 	at com.facebook.react.bridge.JavaModuleWrapper.invoke(JavaModuleWrapper.java:151)
06-28 11:07:23.121  3477  3523 E AndroidRuntime: 	at com.facebook.react.bridge.queue.NativeRunnable.run(Native Method)
06-28 11:07:23.121  3477  3523 E AndroidRuntime: 	at android.os.Handler.handleCallback(Handler.java:873)
06-28 11:07:23.121  3477  3523 E AndroidRuntime: 	at android.os.Handler.dispatchMessage(Handler.java:99)
06-28 11:07:23.121  3477  3523 E AndroidRuntime: 	at com.facebook.react.bridge.queue.MessageQueueThreadHandler.dispatchMessage(MessageQueueThreadHandler.java:27)
06-28 11:07:23.121  3477  3523 E AndroidRuntime: 	at android.os.Looper.loop(Looper.java:193)
06-28 11:07:23.121  3477  3523 E AndroidRuntime: 	at com.facebook.react.bridge.queue.MessageQueueThreadImpl$4.run(MessageQueueThreadImpl.java:226)
06-28 11:07:23.121  3477  3523 E AndroidRuntime: 	at java.lang.Thread.run(Thread.java:764)
06-28 11:07:23.156  3176 11339 D ProcSpeedReader: Failed to read freq stats from null
06-28 11:07:23.191  3176 11339 D ProcSpeedReader: Failed to read freq stats from null
06-28 11:07:23.554  1985  7089 I chatty  : uid=1000(system) Binder:1985_18 expire 2 lines
06-28 11:07:23.554  1985  2909 I chatty  : uid=1000(system) Binder:1985_8 expire 8 lines
06-28 11:07:23.748  1985  2439 I chatty  : uid=1000(system) Binder:1985_5 expire 10 lines
06-28 11:07:23.898  1985  2428 I chatty  : uid=1000(system) SyncManager expire 1 line
06-28 11:07:31.465   967  3854 W SocketClient: write error (Broken pipe)
06-28 11:07:44.391  1985  2203 I chatty  : uid=1000(system) UEventObserver expire 7 lines
06-28 11:07:51.347  1985 10247 I chatty  : uid=1000(system) Binder:1985_1B expire 1 line
06-28 11:07:53.028  1262  1396 E storaged: getDiskStats failed with result NOT_SUPPORTED and size 0
06-28 11:08:53.030  1262  1396 E storaged: getDiskStats failed with result NOT_SUPPORTED and size 0
06-28 11:09:00.355  1985  3465 I chatty  : uid=1000(system) Binder:1985_14 expire 1 line
06-28 11:09:01.580  1985  2355 I chatty  : uid=1000(system) ConnectivitySer expire 16 lines
06-28 11:09:53.032  1262  1396 E storaged: getDiskStats failed with result NOT_SUPPORTED and size 0
06-28 11:10:44.912  1985 16273 I chatty  : uid=1000(system) Binder:1985_20 expire 3 lines
06-28 11:10:50.378  1985  2047 I chatty  : uid=1000(system) batterystats-wo expire 4 lines
06-28 11:10:53.035  1262  1396 E storaged: getDiskStats failed with result NOT_SUPPORTED and size 0
06-28 11:11:07.275  1985  3461 I chatty  : uid=1000(system) Binder:1985_10 expire 2 lines
06-28 11:11:45.757  1985  2061 I chatty  : uid=1000(system) android.io expire 2 lines
06-28 11:11:53.037  1262  1396 E storaged: getDiskStats failed with result NOT_SUPPORTED and size 0
06-28 11:12:48.032  1985  2039 I chatty  : uid=1000(system) ActivityManager expire 5 lines
06-28 11:12:48.109  1985  3463 I chatty  : uid=1000(system) Binder:1985_12 expire 6 lines
06-28 11:12:48.603  1985  2198 I chatty  : uid=1000(system) Binder:1985_3 expire 1 line
06-28 11:12:50.358  1263  1263 W wificond: Scan is not started. Ignore abort request
06-28 11:12:50.466  1985  2355 I chatty  : uid=1000(system) ConnectivitySer expire 42 lines
06-28 11:12:50.785  1985  2037 I chatty  : uid=1000(system) android.bg expire 1 line
06-28 11:12:50.940   967   984 E NetlinkEvent: NetlinkEvent::FindParam(): Parameter 'INTERFACE' not found
06-28 11:12:50.940   967   984 E NetlinkEvent: NetlinkEvent::FindParam(): Parameter 'STATE' not found
06-28 11:12:50.940   967   984 E NetlinkEvent: NetlinkEvent::FindParam(): Parameter 'TIME_NS' not found
06-28 11:12:50.940   967   984 E NetlinkEvent: NetlinkEvent::FindParam(): Parameter 'UID' not found
06-28 11:12:51.061  1985  3464 I chatty  : uid=1000(system) Binder:1985_13 expire 3 lines
06-28 11:12:51.266  1263  1263 W wificond: Scan aborted
06-28 11:12:51.297  1985  2009 I chatty  : uid=1000(system) Binder:1985_1 expire 1 line
06-28 11:12:51.303  1985  2481 I chatty  : uid=1000(system) Binder:1985_6 expire 6 lines
06-28 11:12:53.157  1262  1396 E storaged: getDiskStats failed with result NOT_SUPPORTED and size 0
06-28 11:12:53.623  1263  1263 W wificond: Scan is not started. Ignore abort request
06-28 11:12:54.235   967   984 E NetlinkEvent: NetlinkEvent::FindParam(): Parameter 'INTERFACE' not found
06-28 11:12:54.235   967   984 E NetlinkEvent: NetlinkEvent::FindParam(): Parameter 'STATE' not found
06-28 11:12:54.235   967   984 E NetlinkEvent: NetlinkEvent::FindParam(): Parameter 'TIME_NS' not found
06-28 11:12:54.235   967   984 E NetlinkEvent: NetlinkEvent::FindParam(): Parameter 'UID' not found
06-28 11:12:54.339  1985  3458 I chatty  : uid=1000(system) Binder:1985_E expire 1 line
06-28 11:12:58.177  1985  2041 I chatty  : uid=1000(system) ActivityManager expire 1 line
06-28 11:13:00.421  1985  8760 I chatty  : uid=1000(system) Binder:1985_1A expire 8 lines
06-28 11:13:15.445  1985  3464 I chatty  : uid=1000(system) Binder:1985_13 expire 6 lines
06-28 11:13:15.587  1985  2041 I chatty  : uid=1000(system) ActivityManager expire 9 lines
06-28 11:13:17.098  1985  3458 I chatty  : uid=1000(system) Binder:1985_E expire 1 line
06-28 11:13:17.555  1985  2355 I chatty  : uid=1000(system) ConnectivitySer expire 18 lines
06-28 11:13:24.865  1985  2037 I chatty  : uid=1000(system) android.bg expire 2 lines
06-28 11:13:24.939  1985  3461 I chatty  : uid=1000(system) Binder:1985_10 expire 1 line
06-28 11:13:28.582  1985  2039 I chatty  : uid=1000(system) ActivityManager expire 13 lines
06-28 11:13:38.673  1263  1263 W wificond: Scan aborted
06-28 11:13:38.725  1985  3439 I chatty  : uid=1000(system) Binder:1985_B expire 1 line
06-28 11:13:38.736  1985 10247 I chatty  : uid=1000(system) Binder:1985_1B expire 5 lines
06-28 11:13:38.810  1985 14969 I chatty  : uid=1000(system) Binder:1985_1F expire 5 lines
06-28 11:13:39.035  1985 10881 I chatty  : uid=1000(system) Binder:1985_1C expire 6 lines
06-28 11:13:41.093  1263  1263 W wificond: Scan is not started. Ignore abort request
06-28 11:13:41.108  1985  3462 I chatty  : uid=1000(system) Binder:1985_11 expire 10 lines
06-28 11:13:41.287  1985  2909 I chatty  : uid=1000(system) Binder:1985_8 expire 5 lines
06-28 11:13:41.302  1985  2346 I chatty  : uid=1000(system) WifiStateMachin expire 2 lines
06-28 11:13:41.302  1985  2355 I chatty  : uid=1000(system) ConnectivitySer expire 16 lines
06-28 11:13:41.739   967   984 E NetlinkEvent: NetlinkEvent::FindParam(): Parameter 'INTERFACE' not found
06-28 11:13:41.739   967   984 E NetlinkEvent: NetlinkEvent::FindParam(): Parameter 'STATE' not found
06-28 11:13:41.739   967   984 E NetlinkEvent: NetlinkEvent::FindParam(): Parameter 'TIME_NS' not found
06-28 11:13:41.739   967   984 E NetlinkEvent: NetlinkEvent::FindParam(): Parameter 'UID' not found
06-28 11:13:41.831  1985 16273 I chatty  : uid=1000(system) Binder:1985_20 expire 1 line
06-28 11:13:41.848  1985  3450 I chatty  : uid=1000(system) Binder:1985_D expire 4 lines
06-28 11:13:45.296  1985  2203 I chatty  : uid=1000(system) UEventObserver expire 10 lines
06-28 11:13:51.032  1985  2198 I chatty  : uid=1000(system) Binder:1985_3 expire 2 lines
06-28 11:13:53.158  1262  1396 E storaged: getDiskStats failed with result NOT_SUPPORTED and size 0
06-28 11:13:59.217  1985  2355 I chatty  : uid=1000(system) ConnectivitySer expire 16 lines
06-28 11:14:14.467  1985  3425 I chatty  : uid=1000(system) Binder:1985_A expire 6 lines
06-28 11:14:14.480  1985  7089 I chatty  : uid=1000(system) Binder:1985_18 expire 3 lines
06-28 11:14:14.901  1985  3440 I chatty  : uid=1000(system) Binder:1985_C expire 4 lines
06-28 11:14:16.678  1263  1263 W wificond: Scan is not started. Ignore abort request
06-28 11:14:16.756  1985  3463 I chatty  : uid=1000(system) Binder:1985_12 expire 7 lines
06-28 11:14:16.904  1985  2355 I chatty  : uid=1000(system) ConnectivitySer expire 15 lines
06-28 11:14:17.139   967   984 E NetlinkEvent: NetlinkEvent::FindParam(): Parameter 'INTERFACE' not found
06-28 11:14:17.139   967   984 E NetlinkEvent: NetlinkEvent::FindParam(): Parameter 'STATE' not found
06-28 11:14:17.139   967   984 E NetlinkEvent: NetlinkEvent::FindParam(): Parameter 'TIME_NS' not found
06-28 11:14:17.139   967   984 E NetlinkEvent: NetlinkEvent::FindParam(): Parameter 'UID' not found
06-28 11:14:53.161  1262  1396 E storaged: getDiskStats failed with result NOT_SUPPORTED and size 0
06-28 11:15:04.942  1985  2355 I chatty  : uid=1000(system) ConnectivitySer expire 15 lines
06-28 11:15:53.162  1262  1396 E storaged: getDiskStats failed with result NOT_SUPPORTED and size 0
06-28 11:16:01.306  1985  2062 I chatty  : uid=1000(system) android.display expire 5 lines
06-28 11:16:02.523  3176 11339 D ProcSpeedReader: Failed to read freq stats from null
06-28 11:16:02.584  3176 11339 D ProcSpeedReader: Failed to read freq stats from null
06-28 11:16:12.496  5538  5556 E AndroidRuntime: FATAL EXCEPTION: mqt_native_modules
06-28 11:16:12.496  5538  5556 E AndroidRuntime: Process: com.tecaliapp, PID: 5538
06-28 11:16:12.496  5538  5556 E AndroidRuntime: com.facebook.react.common.JavascriptException: TypeError: (0,r(d[9]).useEffect) is not a function. (In '(0,r(d[9]).useEffect)(function(){R()},[])', '(0,r(d[9]).useEffect)' is undefined)
06-28 11:16:12.496  5538  5556 E AndroidRuntime: 
06-28 11:16:12.496  5538  5556 E AndroidRuntime: This error is located at:
06-28 11:16:12.496  5538  5556 E AndroidRuntime:     in E
06-28 11:16:12.496  5538  5556 E AndroidRuntime:     in Unknown
06-28 11:16:12.496  5538  5556 E AndroidRuntime:     in Unknown
06-28 11:16:12.496  5538  5556 E AndroidRuntime:     in Unknown
06-28 11:16:12.496  5538  5556 E AndroidRuntime:     in RNSScreen
06-28 11:16:12.496  5538  5556 E AndroidRuntime:     in _
06-28 11:16:12.496  5538  5556 E AndroidRuntime:     in Unknown
06-28 11:16:12.496  5538  5556 E AndroidRuntime:     in p
06-28 11:16:12.496  5538  5556 E AndroidRuntime:     in Unknown
06-28 11:16:12.496  5538  5556 E AndroidRuntime:     in RNSScreenContainer
06-28 11:16:12.496  5538  5556 E AndroidRuntime:     in f
06-28 11:16:12.496  5538  5556 E AndroidRuntime:     in RCTView
06-28 11:16:12.496  5538  5556 E AndroidRuntime:     in Unknown
06-28 11:16:12.496  5538  5556 E AndroidRuntime:     in RCTView
06-28 11:16:12.496  5538  5556 E AndroidRuntime:     in Unknown
06-28 11:16:12.496  5538  5556 E AndroidRuntime:     in AnimatedComponent(View)
06-28 11:16:12.496  5538  5556 E AndroidRuntime:     in Unknown
06-28 11:16:12.496  5538  5556 E AndroidRuntime:     in RCTView
06-28 11:16:12.496  5538  5556 E AndroidRuntime:     in Unknown
06-28 11:16:12.496  5538  5556 E AndroidRuntime:     in AnimatedComponent(View)
06-28 11:16:12.496  5538  5556 E AndroidRuntime:     in Unknown
06-28 11:16:12.496  5538  5556 E AndroidRuntime:     in PanGestureHandler
06-28 11:16:12.496  5538  5556 E AndroidRuntime:     in Unknown
06-28 11:16:12.496  5538  5556 E AndroidRuntime:     in se
06-28 11:16:12.496  5538  5556 E AndroidRuntime:     in Unknown
06-28 11:16:12.496  5538  5556 E AndroidRuntime:     in RCTView
06-28 11:16:12.496  5538  5556 E AndroidRuntime:     in Unknown
06-28 11:16:12.496  5538  5556 E AndroidRuntime:     in Unknown
06-28 11:16:12.496  5538  5556 E AndroidRuntime:     in Unknown
06-28 11:16:12.496  5538  5556 E AndroidRuntime:     in Unknown
06-28 11:16:12.496  5538  5556 E AndroidRuntime:     in M
06-28 11:16:12.496  5538  5556 E AndroidRuntime:     in Unknown
06-28 11:16:12.496  5538  5556 E AndroidRuntime:     in M
06-28 11:16:12.496  5538  5556 E AndroidRuntime:     in Unknown
06-28 11:16:12.496  5538  5556 E AndroidRuntime:     in Unknown
06-28 11:16:12.496  5538  5556 E AndroidRuntime:     in Unknown
06-28 11:16:12.496  5538  5556 E AndroidRuntime:     in RCTView
06-28 11:16:12.496  5538  5556 E AndroidRuntime:     in Unknown
06-28 11:16:12.496  5538  5556 E AndroidRuntime:     in RCTView
06-28 11:16:12.496  5538  5556 E AndroidRuntime:     in Unknown
06-28 11:16:12.496  5538  5556 E AndroidRuntime:     in RCTView
06-28 11:16:12.496  5538  5556 E AndroidRuntime:     in Unknown
06-28 11:16:12.496  5538  5556 E AndroidRuntime:     in Unknown
06-28 11:16:12.496  5538  5556 E AndroidRuntime:     in RCTView
06-28 11:16:12.496  5538  5556 E AndroidRuntime:     in Unknown
06-28 11:16:12.496  5538  5556 E AndroidRuntime:     in _
06-28 11:16:12.496  5538  5556 E AndroidRuntime:     in Unknown
06-28 11:16:12.496  5538  5556 E AndroidRuntime:     in PanGestureHandler
06-28 11:16:12.496  5538  5556 E AndroidRuntime:     in Unknown
06-28 11:16:12.496  5538  5556 E AndroidRuntime:     in RCTView
06-28 11:16:12.496  5538  5556 E AndroidRuntime:     in Unknown
06-28 11:16:12.496  5538  5556 E AndroidRuntime:     in _
06-28 11:16:12.496  5538  5556 E AndroidRuntime:     in Unknown
06-28 11:16:12.496  5538  5556 E AndroidRuntime:     in RCTView
06-28 11:16:12.496  5538  5556 E AndroidRuntime:     in Unknown
06-28 11:16:12.496  5538  5556 E AndroidRuntime:     in P
06-28 11:16:12.496  5538  5556 E AndroidRuntime:     in Unknown
06-28 11:16:12.496  5538  5556 E AndroidRuntime:     in RNSScreen
06-28 11:16:12.496  5538  5556 E AndroidRuntime:     in _
06-28 11:16:12.496  5538  5556 E AndroidRuntime:     in Unknown
06-28 11:16:12.496  5538  5556 E AndroidRuntime:     in p
06-28 11:16:12.496  5538  5556 E AndroidRuntime:     in Unknown
06-28 11:16:12.496  5538  5556 E AndroidRuntime:     in RNSScreenContainer
06-28 11:16:12.496  5538  5556 E AndroidRuntime:     in f
06-28 11:16:12.496  5538  5556 E AndroidRuntime:     in Unknown
06-28 11:16:12.496  5538  5556 E AndroidRuntime:     in D
06-28 11:16:12.496  5538  5556 E AndroidRuntime:     in T
06-28 11:16:12.496  5538  5556 E AndroidRuntime:     in RNCSafeAreaProvider
06-28 11:16:12.496  5538  5556 E AndroidRuntime:     in Unknown
06-28 11:16:12.496  5538  5556 E AndroidRuntime:     in Unknown
06-28 11:16:12.496  5538  5556 E AndroidRuntime:     in GestureHandlerRootView
06-28 11:16:12.496  5538  5556 E AndroidRuntime:     in Unknown
06-28 11:16:12.496  5538  5556 E AndroidRuntime:     in C
06-28 11:16:12.496  5538  5556 E AndroidRuntime:     in Unknown
06-28 11:16:12.496  5538  5556 E AndroidRuntime:     in c
06-28 11:16:12.496  5538  5556 E AndroidRuntime:     in Unknown
06-28 11:16:12.496  5538  5556 E AndroidRuntime:     in Unknown
06-28 11:16:12.496  5538  5556 E AndroidRuntime:     in Unknown
06-28 11:16:12.496  5538  5556 E AndroidRuntime:     in Unknown
06-28 11:16:12.496  5538  5556 E AndroidRuntime:     in n
06-28 11:16:12.496  5538  5556 E AndroidRuntime:     in RCTView
06-28 11:16:12.496  5538  5556 E AndroidRuntime:     in Unknown
06-28 11:16:12.496  5538  5556 E AndroidRuntime:     in RCTView
06-28 11:16:12.496  5538  5556 E AndroidRuntime:     in Unknown
06-28 11:16:12.496  5538  5556 E AndroidRuntime:     in C, stack:
06-28 11:16:12.496  5538  5556 E AndroidRuntime: E@916:1062
06-28 11:16:12.496  5538  5556 E AndroidRuntime: wr@77:42102
06-28 11:16:12.496  5538  5556 E AndroidRuntime: Hl@77:89853
06-28 11:16:12.496  5538  5556 E AndroidRuntime: ja@77:79095
06-28 11:16:12.496  5538  5556 E AndroidRuntime: Ba@77:78997
06-28 11:16:12.496  5538  5556 E AndroidRuntime: Qa@77:78762
06-28 11:16:12.496  5538  5556 E AndroidRuntime: Ia@77:75924
06-28 11:16:12.496  5538  5556 E AndroidRuntime: Ia@-1
06-28 11:16:12.496  5538  5556 E AndroidRuntime: <unknown>@77:26326
06-28 11:16:12.496  5538  5556 E AndroidRuntime: unstable_runWithPriority@142:3806
06-28 11:16:12.496  5538  5556 E AndroidRuntime: ht@77:26273
06-28 11:16:12.496  5538  5556 E AndroidRuntime: pt@77:26208
06-28 11:16:12.496  5538  5556 E AndroidRuntime: ke@77:93329
06-28 11:16:12.496  5538  5556 E AndroidRuntime: _e@77:12979
06-28 11:16:12.496  5538  5556 E AndroidRuntime: Re@77:13368
06-28 11:16:12.496  5538  5556 E AndroidRuntime: receiveTouches@77:14167
06-28 11:16:12.496  5538  5556 E AndroidRuntime: value@41:3469
06-28 11:16:12.496  5538  5556 E AndroidRuntime: <unknown>@41:662
06-28 11:16:12.496  5538  5556 E AndroidRuntime: value@41:2459
06-28 11:16:12.496  5538  5556 E AndroidRuntime: value@41:634
06-28 11:16:12.496  5538  5556 E AndroidRuntime: value@-1
06-28 11:16:12.496  5538  5556 E AndroidRuntime: 
06-28 11:16:12.496  5538  5556 E AndroidRuntime: 	at com.facebook.react.modules.core.ExceptionsManagerModule.reportException(ExceptionsManagerModule.java:83)
06-28 11:16:12.496  5538  5556 E AndroidRuntime: 	at java.lang.reflect.Method.invoke(Native Method)
06-28 11:16:12.496  5538  5556 E AndroidRuntime: 	at com.facebook.react.bridge.JavaMethodWrapper.invoke(JavaMethodWrapper.java:372)
06-28 11:16:12.496  5538  5556 E AndroidRuntime: 	at com.facebook.react.bridge.JavaModuleWrapper.invoke(JavaModuleWrapper.java:151)
06-28 11:16:12.496  5538  5556 E AndroidRuntime: 	at com.facebook.react.bridge.queue.NativeRunnable.run(Native Method)
06-28 11:16:12.496  5538  5556 E AndroidRuntime: 	at android.os.Handler.handleCallback(Handler.java:873)
06-28 11:16:12.496  5538  5556 E AndroidRuntime: 	at android.os.Handler.dispatchMessage(Handler.java:99)
06-28 11:16:12.496  5538  5556 E AndroidRuntime: 	at com.facebook.react.bridge.queue.MessageQueueThreadHandler.dispatchMessage(MessageQueueThreadHandler.java:27)
06-28 11:16:12.496  5538  5556 E AndroidRuntime: 	at android.os.Looper.loop(Looper.java:193)
06-28 11:16:12.496  5538  5556 E AndroidRuntime: 	at com.facebook.react.bridge.queue.MessageQueueThreadImpl$4.run(MessageQueueThreadImpl.java:226)
06-28 11:16:12.496  5538  5556 E AndroidRuntime: 	at java.lang.Thread.run(Thread.java:764)
06-28 11:16:12.505  3176 11339 D ProcSpeedReader: Failed to read freq stats from null
06-28 11:16:12.522  3176 11339 D ProcSpeedReader: Failed to read freq stats from null
06-28 11:16:12.743  1985  1985 I chatty  : uid=1000 system_server expire 3 lines
06-28 11:16:12.844  1985  2439 I chatty  : uid=1000(system) Binder:1985_5 expire 3 lines
06-28 11:16:14.500  3176 11339 D ProcSpeedReader: Failed to read freq stats from null
06-28 11:16:14.571  3176 11339 D ProcSpeedReader: Failed to read freq stats from null
06-28 11:16:21.564  5665  5684 E AndroidRuntime: FATAL EXCEPTION: mqt_native_modules
06-28 11:16:21.564  5665  5684 E AndroidRuntime: Process: com.tecaliapp, PID: 5665
06-28 11:16:21.564  5665  5684 E AndroidRuntime: com.facebook.react.common.JavascriptException: TypeError: (0,r(d[18]).useState) is not a function. (In '(0,r(d[18]).useState)([])', '(0,r(d[18]).useState)' is undefined)
06-28 11:16:21.564  5665  5684 E AndroidRuntime: 
06-28 11:16:21.564  5665  5684 E AndroidRuntime: This error is located at:
06-28 11:16:21.564  5665  5684 E AndroidRuntime:     in W
06-28 11:16:21.564  5665  5684 E AndroidRuntime:     in Unknown
06-28 11:16:21.564  5665  5684 E AndroidRuntime:     in Unknown
06-28 11:16:21.564  5665  5684 E AndroidRuntime:     in Unknown
06-28 11:16:21.564  5665  5684 E AndroidRuntime:     in RNSScreen
06-28 11:16:21.564  5665  5684 E AndroidRuntime:     in _
06-28 11:16:21.564  5665  5684 E AndroidRuntime:     in Unknown
06-28 11:16:21.564  5665  5684 E AndroidRuntime:     in p
06-28 11:16:21.564  5665  5684 E AndroidRuntime:     in Unknown
06-28 11:16:21.564  5665  5684 E AndroidRuntime:     in RNSScreenContainer
06-28 11:16:21.564  5665  5684 E AndroidRuntime:     in f
06-28 11:16:21.564  5665  5684 E AndroidRuntime:     in RCTView
06-28 11:16:21.564  5665  5684 E AndroidRuntime:     in Unknown
06-28 11:16:21.564  5665  5684 E AndroidRuntime:     in RCTView
06-28 11:16:21.564  5665  5684 E AndroidRuntime:     in Unknown
06-28 11:16:21.564  5665  5684 E AndroidRuntime:     in AnimatedComponent(View)
06-28 11:16:21.564  5665  5684 E AndroidRuntime:     in Unknown
06-28 11:16:21.564  5665  5684 E AndroidRuntime:     in RCTView
06-28 11:16:21.564  5665  5684 E AndroidRuntime:     in Unknown
06-28 11:16:21.564  5665  5684 E AndroidRuntime:     in AnimatedComponent(View)
06-28 11:16:21.564  5665  5684 E AndroidRuntime:     in Unknown
06-28 11:16:21.564  5665  5684 E AndroidRuntime:     in PanGestureHandler
06-28 11:16:21.564  5665  5684 E AndroidRuntime:     in Unknown
06-28 11:16:21.564  5665  5684 E AndroidRuntime:     in se
06-28 11:16:21.564  5665  5684 E AndroidRuntime:     in Unknown
06-28 11:16:21.564  5665  5684 E AndroidRuntime:     in RCTView
06-28 11:16:21.564  5665  5684 E AndroidRuntime:     in Unknown
06-28 11:16:21.564  5665  5684 E AndroidRuntime:     in Unknown
06-28 11:16:21.564  5665  5684 E AndroidRuntime:     in Unknown
06-28 11:16:21.564  5665  5684 E AndroidRuntime:     in Unknown
06-28 11:16:21.564  5665  5684 E AndroidRuntime:     in M
06-28 11:16:21.564  5665  5684 E AndroidRuntime:     in Unknown
06-28 11:16:21.564  5665  5684 E AndroidRuntime:     in M
06-28 11:16:21.564  5665  5684 E AndroidRuntime:     in Unknown
06-28 11:16:21.564  5665  5684 E AndroidRuntime:     in Unknown
06-28 11:16:21.564  5665  5684 E AndroidRuntime:     in Unknown
06-28 11:16:21.564  5665  5684 E AndroidRuntime:     in RCTView
06-28 11:16:21.564  5665  5684 E AndroidRuntime:     in Unknown
06-28 11:16:21.564  5665  5684 E AndroidRuntime:     in RCTView
06-28 11:16:21.564  5665  5684 E AndroidRuntime:     in Unknown
06-28 11:16:21.564  5665  5684 E AndroidRuntime:     in RCTView
06-28 11:16:21.564  5665  5684 E AndroidRuntime:     in Unknown
06-28 11:16:21.564  5665  5684 E AndroidRuntime:     in Unknown
06-28 11:16:21.564  5665  5684 E AndroidRuntime:     in RCTView
06-28 11:16:21.564  5665  5684 E AndroidRuntime:     in Unknown
06-28 11:16:21.564  5665  5684 E AndroidRuntime:     in _
06-28 11:16:21.564  5665  5684 E AndroidRuntime:     in Unknown
06-28 11:16:21.564  5665  5684 E AndroidRuntime:     in PanGestureHandler
06-28 11:16:21.564  5665  5684 E AndroidRuntime:     in Unknown
06-28 11:16:21.564  5665  5684 E AndroidRuntime:     in RCTView
06-28 11:16:21.564  5665  5684 E AndroidRuntime:     in Unknown
06-28 11:16:21.564  5665  5684 E AndroidRuntime:     in _
06-28 11:16:21.564  5665  5684 E AndroidRuntime:     in Unknown
06-28 11:16:21.564  5665  5684 E AndroidRuntime:     in RCTView
06-28 11:16:21.564  5665  5684 E AndroidRuntime:     in Unknown
06-28 11:16:21.564  5665  5684 E AndroidRuntime:     in P
06-28 11:16:21.564  5665  5684 E AndroidRuntime:     in Unknown
06-28 11:16:21.564  5665  5684 E AndroidRuntime:     in RNSScreen
06-28 11:16:21.564  5665  5684 E AndroidRuntime:     in _
06-28 11:16:21.564  5665  5684 E AndroidRuntime:     in Unknown
06-28 11:16:21.564  5665  5684 E AndroidRuntime:     in p
06-28 11:16:21.564  5665  5684 E AndroidRuntime:     in Unknown
06-28 11:16:21.564  5665  5684 E AndroidRuntime:     in RNSScreenContainer
06-28 11:16:21.564  5665  5684 E AndroidRuntime:     in f
06-28 11:16:21.564  5665  5684 E AndroidRuntime:     in Unknown
06-28 11:16:21.564  5665  5684 E AndroidRuntime:     in D
06-28 11:16:21.564  5665  5684 E AndroidRuntime:     in T
06-28 11:16:21.564  5665  5684 E AndroidRuntime:     in RNCSafeAreaProvider
06-28 11:16:21.564  5665  5684 E AndroidRuntime:     in Unknown
06-28 11:16:21.564  5665  5684 E AndroidRuntime:     in Unknown
06-28 11:16:21.564  5665  5684 E AndroidRuntime:     in GestureHandlerRootView
06-28 11:16:21.564  5665  5684 E AndroidRuntime:     in Unknown
06-28 11:16:21.564  5665  5684 E AndroidRuntime:     in C
06-28 11:16:21.564  5665  5684 E AndroidRuntime:     in Unknown
06-28 11:16:21.564  5665  5684 E AndroidRuntime:     in c
06-28 11:16:21.564  5665  5684 E AndroidRuntime:     in Unknown
06-28 11:16:21.564  5665  5684 E AndroidRuntime:     in Unknown
06-28 11:16:21.564  5665  5684 E AndroidRuntime:     in Unknown
06-28 11:16:21.564  5665  5684 E AndroidRuntime:     in Unknown
06-28 11:16:21.564  5665  5684 E AndroidRuntime:     in n
06-28 11:16:21.564  5665  5684 E AndroidRuntime:     in RCTView
06-28 11:16:21.564  5665  5684 E AndroidRuntime:     in Unknown
06-28 11:16:21.564  5665  5684 E AndroidRuntime:     in RCTView
06-28 11:16:21.564  5665  5684 E AndroidRuntime:     in Unknown
06-28 11:16:21.564  5665  5684 E AndroidRuntime:     in C, stack:
06-28 11:16:21.564  5665  5684 E AndroidRuntime: W@876:1080
06-28 11:16:21.564  5665  5684 E AndroidRuntime: wr@77:42102
06-28 11:16:21.564  5665  5684 E AndroidRuntime: Hl@77:89853
06-28 11:16:21.564  5665  5684 E AndroidRuntime: ja@77:79095
06-28 11:16:21.564  5665  5684 E AndroidRuntime: Ba@77:78997
06-28 11:16:21.564  5665  5684 E AndroidRuntime: Qa@77:78762
06-28 11:16:21.564  5665  5684 E AndroidRuntime: Ia@77:75924
06-28 11:16:21.564  5665  5684 E AndroidRuntime: Ia@-1
06-28 11:16:21.564  5665  5684 E AndroidRuntime: <unknown>@77:26326
06-28 11:16:21.564  5665  5684 E AndroidRuntime: unstable_runWithPriority@142:3806
06-28 11:16:21.564  5665  5684 E AndroidRuntime: ht@77:26273
06-28 11:16:21.564  5665  5684 E AndroidRuntime: pt@77:26208
06-28 11:16:21.564  5665  5684 E AndroidRuntime: ke@77:93329
06-28 11:16:21.564  5665  5684 E AndroidRuntime: _e@77:12979
06-28 11:16:21.564  5665  5684 E AndroidRuntime: Re@77:13368
06-28 11:16:21.564  5665  5684 E AndroidRuntime: receiveTouches@77:14167
06-28 11:16:21.564  5665  5684 E AndroidRuntime: value@41:3469
06-28 11:16:21.564  5665  5684 E AndroidRuntime: <unknown>@41:662
06-28 11:16:21.564  5665  5684 E AndroidRuntime: value@41:2459
06-28 11:16:21.564  5665  5684 E AndroidRuntime: value@41:634
06-28 11:16:21.564  5665  5684 E AndroidRuntime: value@-1
06-28 11:16:21.564  5665  5684 E AndroidRuntime: 
06-28 11:16:21.564  5665  5684 E AndroidRuntime: 	at com.facebook.react.modules.core.ExceptionsManagerModule.reportException(ExceptionsManagerModule.java:83)
06-28 11:16:21.564  5665  5684 E AndroidRuntime: 	at java.lang.reflect.Method.invoke(Native Method)
06-28 11:16:21.564  5665  5684 E AndroidRuntime: 	at com.facebook.react.bridge.JavaMethodWrapper.invoke(JavaMethodWrapper.java:372)
06-28 11:16:21.564  5665  5684 E AndroidRuntime: 	at com.facebook.react.bridge.JavaModuleWrapper.invoke(JavaModuleWrapper.java:151)
06-28 11:16:21.564  5665  5684 E AndroidRuntime: 	at com.facebook.react.bridge.queue.NativeRunnable.run(Native Method)
