06-28 11:55:59.348  1263  1263 W wificond: Scan is not started. Ignore abort request
06-28 11:55:59.836   967   984 E NetlinkEvent: NetlinkEvent::FindParam(): Parameter 'INTERFACE' not found
06-28 11:55:59.836   967   984 E NetlinkEvent: NetlinkEvent::FindParam(): Parameter 'STATE' not found
06-28 11:55:59.836   967   984 E NetlinkEvent: NetlinkEvent::FindParam(): Parameter 'TIME_NS' not found
06-28 11:55:59.836   967   984 E NetlinkEvent: NetlinkEvent::FindParam(): Parameter 'UID' not found
06-28 11:56:29.800  1985  3425 I chatty  : uid=1000(system) Binder:1985_A expire 3 lines
06-28 11:56:31.997  1263  1263 W wificond: Scan is not started. Ignore abort request
06-28 11:56:32.151  1985  2355 I chatty  : uid=1000(system) ConnectivitySer expire 87 lines
06-28 11:56:32.729   967   984 E NetlinkEvent: NetlinkEvent::FindParam(): Parameter 'INTERFACE' not found
06-28 11:56:32.729   967   984 E NetlinkEvent: NetlinkEvent::FindParam(): Parameter 'STATE' not found
06-28 11:56:32.729   967   984 E NetlinkEvent: NetlinkEvent::FindParam(): Parameter 'TIME_NS' not found
06-28 11:56:32.729   967   984 E NetlinkEvent: NetlinkEvent::FindParam(): Parameter 'UID' not found
06-28 11:56:32.835  1985  2439 I chatty  : uid=1000(system) Binder:1985_5 expire 5 lines
06-28 11:56:32.909  1985  2513 I chatty  : uid=1000(system) Binder:1985_7 expire 10 lines
06-28 11:56:33.670  1985  2203 I chatty  : uid=1000(system) UEventObserver expire 1 line
06-28 11:56:35.053  1263  1263 W wificond: Scan is not started. Ignore abort request
06-28 11:56:35.575   967   984 E NetlinkEvent: NetlinkEvent::FindParam(): Parameter 'INTERFACE' not found
06-28 11:56:35.575   967   984 E NetlinkEvent: NetlinkEvent::FindParam(): Parameter 'STATE' not found
06-28 11:56:35.575   967   984 E NetlinkEvent: NetlinkEvent::FindParam(): Parameter 'TIME_NS' not found
06-28 11:56:35.575   967   984 E NetlinkEvent: NetlinkEvent::FindParam(): Parameter 'UID' not found
06-28 11:56:36.227  1985 10247 I chatty  : uid=1000(system) Binder:1985_1B expire 1 line
06-28 11:56:38.379  1263  1263 W wificond: Scan is not started. Ignore abort request
06-28 11:56:38.399  1985  3439 I chatty  : uid=1000(system) Binder:1985_B expire 3 lines
06-28 11:56:38.842   967   984 E NetlinkEvent: NetlinkEvent::FindParam(): Parameter 'INTERFACE' not found
06-28 11:56:38.842   967   984 E NetlinkEvent: NetlinkEvent::FindParam(): Parameter 'STATE' not found
06-28 11:56:38.842   967   984 E NetlinkEvent: NetlinkEvent::FindParam(): Parameter 'TIME_NS' not found
06-28 11:56:38.842   967   984 E NetlinkEvent: NetlinkEvent::FindParam(): Parameter 'UID' not found
06-28 11:56:39.475  1985 10881 I chatty  : uid=1000(system) Binder:1985_1C expire 4 lines
06-28 11:56:41.607  1263  1263 W wificond: Scan is not started. Ignore abort request
06-28 11:56:42.140   967   984 E NetlinkEvent: NetlinkEvent::FindParam(): Parameter 'INTERFACE' not found
06-28 11:56:42.140   967   984 E NetlinkEvent: NetlinkEvent::FindParam(): Parameter 'STATE' not found
06-28 11:56:42.140   967   984 E NetlinkEvent: NetlinkEvent::FindParam(): Parameter 'TIME_NS' not found
06-28 11:56:42.140   967   984 E NetlinkEvent: NetlinkEvent::FindParam(): Parameter 'UID' not found
06-28 11:56:42.911  1985  2909 I chatty  : uid=1000(system) Binder:1985_8 expire 3 lines
06-28 11:56:42.987  1985 10881 I chatty  : uid=1000(system) Binder:1985_1C expire 10 lines
06-28 11:56:43.025  1985  2355 I chatty  : uid=1000(system) ConnectivitySer expire 21 lines
06-28 11:56:43.048  1985  3439 I chatty  : uid=1000(system) Binder:1985_B expire 5 lines
06-28 11:56:45.202  1263  1263 W wificond: Scan is not started. Ignore abort request
06-28 11:56:45.329  1985  3463 I chatty  : uid=1000(system) Binder:1985_12 expire 3 lines
06-28 11:56:45.344  1985  2346 I chatty  : uid=1000(system) WifiStateMachin expire 5 lines
06-28 11:56:45.754  1985  3425 I chatty  : uid=1000(system) Binder:1985_A expire 9 lines
06-28 11:56:45.830   967   984 E NetlinkEvent: NetlinkEvent::FindParam(): Parameter 'INTERFACE' not found
06-28 11:56:45.830   967   984 E NetlinkEvent: NetlinkEvent::FindParam(): Parameter 'STATE' not found
06-28 11:56:45.830   967   984 E NetlinkEvent: NetlinkEvent::FindParam(): Parameter 'TIME_NS' not found
06-28 11:56:45.830   967   984 E NetlinkEvent: NetlinkEvent::FindParam(): Parameter 'UID' not found
06-28 11:56:45.934  1985 10247 I chatty  : uid=1000(system) Binder:1985_1B expire 8 lines
06-28 11:56:46.098  1985  2039 I chatty  : uid=1000(system) ActivityManager expire 10 lines
06-28 11:56:53.262  1262  1396 E storaged: getDiskStats failed with result NOT_SUPPORTED and size 0
06-28 11:56:53.262  1985  2009 I chatty  : uid=1000(system) Binder:1985_1 expire 1 line
06-28 11:56:53.293  1985  2355 I chatty  : uid=1000(system) ConnectivitySer expire 29 lines
06-28 11:56:53.313  1985  2439 I chatty  : uid=1000(system) Binder:1985_5 expire 1 line
06-28 11:56:53.323  1985  3450 I chatty  : uid=1000(system) Binder:1985_D expire 1 line
06-28 11:56:55.545  1263  1263 W wificond: Scan is not started. Ignore abort request
06-28 11:56:55.979  1985  3440 I chatty  : uid=1000(system) Binder:1985_C expire 1 line
06-28 11:56:56.056   967   984 E NetlinkEvent: NetlinkEvent::FindParam(): Parameter 'INTERFACE' not found
06-28 11:56:56.056   967   984 E NetlinkEvent: NetlinkEvent::FindParam(): Parameter 'STATE' not found
06-28 11:56:56.056   967   984 E NetlinkEvent: NetlinkEvent::FindParam(): Parameter 'TIME_NS' not found
06-28 11:56:56.056   967   984 E NetlinkEvent: NetlinkEvent::FindParam(): Parameter 'UID' not found
06-28 11:56:56.140  1985  3464 I chatty  : uid=1000(system) Binder:1985_13 expire 5 lines
06-28 11:57:02.374  1985  2041 I chatty  : uid=1000(system) ActivityManager expire 5 lines
06-28 11:57:33.776  1985  2203 I chatty  : uid=1000(system) UEventObserver expire 3 lines
06-28 11:57:53.264  1262  1396 E storaged: getDiskStats failed with result NOT_SUPPORTED and size 0
06-28 11:58:08.821  1985  3459 I chatty  : uid=1000(system) Binder:1985_F expire 5 lines
06-28 11:58:14.351  1985  2355 I chatty  : uid=1000(system) ConnectivitySer expire 32 lines
06-28 11:58:14.403  1985  3458 I chatty  : uid=1000(system) Binder:1985_E expire 7 lines
06-28 11:58:14.444  1985  3461 I chatty  : uid=1000(system) Binder:1985_10 expire 5 lines
06-28 11:58:16.649  1263  1263 W wificond: Scan is not started. Ignore abort request
06-28 11:58:17.699   967   984 E NetlinkEvent: NetlinkEvent::FindParam(): Parameter 'INTERFACE' not found
06-28 11:58:17.699   967   984 E NetlinkEvent: NetlinkEvent::FindParam(): Parameter 'STATE' not found
06-28 11:58:17.699   967   984 E NetlinkEvent: NetlinkEvent::FindParam(): Parameter 'TIME_NS' not found
06-28 11:58:17.699   967   984 E NetlinkEvent: NetlinkEvent::FindParam(): Parameter 'UID' not found
06-28 11:58:22.978  1985  2039 I chatty  : uid=1000(system) ActivityManager expire 8 lines
06-28 11:58:24.140  1985 11882 I chatty  : uid=1000(system) Binder:1985_1D expire 3 lines
06-28 11:58:24.866 12166 12166 D ActivityThread: Loading provider com.google.android.gmail.provider;com.google.android.gm.email.provider;com.google.android.gm.tasks.provider;com.google.android.gm.email.notifier: com.android.email.provider.EmailProvider
06-28 11:58:24.886 12166 12166 D ActivityThread: Loading provider com.google.android.gm.sapi: com.google.android.gm.sapi.SapiUiProvider
06-28 11:58:34.862  1985  2355 I chatty  : uid=1000(system) ConnectivitySer expire 20 lines
06-28 11:58:53.266  1262  1396 E storaged: getDiskStats failed with result NOT_SUPPORTED and size 0
06-28 11:58:54.203  1985  2037 I chatty  : uid=1000(system) android.bg expire 1 line
06-28 11:59:14.791  1985  7089 I chatty  : uid=1000(system) Binder:1985_18 expire 2 lines
06-28 11:59:14.843  1985  2945 I chatty  : uid=1000(system) Binder:1985_9 expire 4 lines
06-28 11:59:17.022  1263  1263 W wificond: Scan is not started. Ignore abort request
06-28 11:59:17.154  1985 13540 I chatty  : uid=1000(system) Binder:1985_1E expire 4 lines
06-28 11:59:17.169  1985  2355 I chatty  : uid=1000(system) ConnectivitySer expire 40 lines
06-28 11:59:17.596   967   984 E NetlinkEvent: NetlinkEvent::FindParam(): Parameter 'INTERFACE' not found
06-28 11:59:17.596   967   984 E NetlinkEvent: NetlinkEvent::FindParam(): Parameter 'STATE' not found
06-28 11:59:17.596   967   984 E NetlinkEvent: NetlinkEvent::FindParam(): Parameter 'TIME_NS' not found
06-28 11:59:17.596   967   984 E NetlinkEvent: NetlinkEvent::FindParam(): Parameter 'UID' not found
06-28 11:59:17.693  1985 10881 I chatty  : uid=1000(system) Binder:1985_1C expire 1 line
06-28 11:59:17.914  1985  2513 I chatty  : uid=1000(system) Binder:1985_7 expire 7 lines
06-28 11:59:20.113  1263  1263 W wificond: Scan is not started. Ignore abort request
06-28 11:59:20.637  1985  2047 I chatty  : uid=1000(system) batterystats-wo expire 1 line
06-28 11:59:20.678   967   984 E NetlinkEvent: NetlinkEvent::FindParam(): Parameter 'INTERFACE' not found
06-28 11:59:20.678   967   984 E NetlinkEvent: NetlinkEvent::FindParam(): Parameter 'STATE' not found
06-28 11:59:20.678   967   984 E NetlinkEvent: NetlinkEvent::FindParam(): Parameter 'TIME_NS' not found
06-28 11:59:20.678   967   984 E NetlinkEvent: NetlinkEvent::FindParam(): Parameter 'UID' not found
06-28 11:59:20.746  1985 14969 I chatty  : uid=1000(system) Binder:1985_1F expire 9 lines
06-28 11:59:21.117  1985 13540 I chatty  : uid=1000(system) Binder:1985_1E expire 6 lines
06-28 11:59:21.157  1985  2355 I chatty  : uid=1000(system) ConnectivitySer expire 46 lines
06-28 11:59:21.174  1985  5299 I chatty  : uid=1000(system) Binder:1985_16 expire 11 lines
06-28 11:59:23.328  1263  1263 W wificond: Scan is not started. Ignore abort request
06-28 11:59:23.342  1985  2439 I chatty  : uid=1000(system) Binder:1985_5 expire 5 lines
06-28 11:59:23.406  1985 16273 I chatty  : uid=1000(system) Binder:1985_20 expire 10 lines
06-28 11:59:23.467  1985  2346 I chatty  : uid=1000(system) WifiStateMachin expire 6 lines
06-28 11:59:23.853   967   984 E NetlinkEvent: NetlinkEvent::FindParam(): Parameter 'INTERFACE' not found
06-28 11:59:23.853   967   984 E NetlinkEvent: NetlinkEvent::FindParam(): Parameter 'STATE' not found
06-28 11:59:23.853   967   984 E NetlinkEvent: NetlinkEvent::FindParam(): Parameter 'TIME_NS' not found
06-28 11:59:23.853   967   984 E NetlinkEvent: NetlinkEvent::FindParam(): Parameter 'UID' not found
06-28 11:59:23.938  1985  3439 I chatty  : uid=1000(system) Binder:1985_B expire 4 lines
06-28 11:59:24.115  1985  2039 I chatty  : uid=1000(system) ActivityManager expire 9 lines
06-28 11:59:24.333  1985  3464 I chatty  : uid=1000(system) Binder:1985_13 expire 1 line
06-28 11:59:24.336  1985  3465 I chatty  : uid=1000(system) Binder:1985_14 expire 9 lines
06-28 11:59:24.385  1985  2513 I chatty  : uid=1000(system) Binder:1985_7 expire 8 lines
06-28 11:59:26.588  1263  1263 W wificond: Scan is not started. Ignore abort request
06-28 11:59:27.078   967   984 E NetlinkEvent: NetlinkEvent::FindParam(): Parameter 'INTERFACE' not found
06-28 11:59:27.078   967   984 E NetlinkEvent: NetlinkEvent::FindParam(): Parameter 'STATE' not found
06-28 11:59:27.078   967   984 E NetlinkEvent: NetlinkEvent::FindParam(): Parameter 'TIME_NS' not found
06-28 11:59:27.078   967   984 E NetlinkEvent: NetlinkEvent::FindParam(): Parameter 'UID' not found
06-28 11:59:27.189  1985  3425 I chatty  : uid=1000(system) Binder:1985_A expire 6 lines
06-28 11:59:28.972  1985  2041 I chatty  : uid=1000(system) ActivityManager expire 2 lines
06-28 11:59:34.312  1985  2203 I chatty  : uid=1000(system) UEventObserver expire 1 line
06-28 11:59:35.846  1985  2037 I chatty  : uid=1000(system) android.bg expire 1 line
06-28 11:59:44.766  1985  1985 I chatty  : uid=1000 system_server expire 1 line
06-28 11:59:53.268  1262  1396 E storaged: getDiskStats failed with result NOT_SUPPORTED and size 0
06-28 11:59:57.071  1985  2355 I chatty  : uid=1000(system) ConnectivitySer expire 36 lines
06-28 12:00:02.793  1985  3459 I chatty  : uid=1000(system) Binder:1985_F expire 5 lines
06-28 12:00:02.829  1985 11882 I chatty  : uid=1000(system) Binder:1985_1D expire 2 lines
06-28 12:00:05.084  1263  1263 W wificond: Scan is not started. Ignore abort request
06-28 12:00:05.634   967   984 E NetlinkEvent: NetlinkEvent::FindParam(): Parameter 'INTERFACE' not found
06-28 12:00:05.635   967   984 E NetlinkEvent: NetlinkEvent::FindParam(): Parameter 'STATE' not found
06-28 12:00:05.635   967   984 E NetlinkEvent: NetlinkEvent::FindParam(): Parameter 'TIME_NS' not found
06-28 12:00:05.635   967   984 E NetlinkEvent: NetlinkEvent::FindParam(): Parameter 'UID' not found
06-28 12:00:05.744  1985  2945 I chatty  : uid=1000(system) Binder:1985_9 expire 7 lines
06-28 12:00:06.148  1985  7089 I chatty  : uid=1000(system) Binder:1985_18 expire 4 lines
06-28 12:00:06.195  1985 10881 I chatty  : uid=1000(system) Binder:1985_1C expire 5 lines
06-28 12:00:08.361  1263  1263 W wificond: Scan is not started. Ignore abort request
06-28 12:00:08.495  1985  2355 I chatty  : uid=1000(system) ConnectivitySer expire 61 lines
06-28 12:00:08.882   967   984 E NetlinkEvent: NetlinkEvent::FindParam(): Parameter 'INTERFACE' not found
06-28 12:00:08.882   967   984 E NetlinkEvent: NetlinkEvent::FindParam(): Parameter 'STATE' not found
06-28 12:00:08.882   967   984 E NetlinkEvent: NetlinkEvent::FindParam(): Parameter 'TIME_NS' not found
06-28 12:00:08.882   967   984 E NetlinkEvent: NetlinkEvent::FindParam(): Parameter 'UID' not found
06-28 12:00:11.525  1263  1263 W wificond: Scan is not started. Ignore abort request
06-28 12:00:12.273   967   984 E NetlinkEvent: NetlinkEvent::FindParam(): Parameter 'INTERFACE' not found
06-28 12:00:12.273   967   984 E NetlinkEvent: NetlinkEvent::FindParam(): Parameter 'STATE' not found
06-28 12:00:12.273   967   984 E NetlinkEvent: NetlinkEvent::FindParam(): Parameter 'TIME_NS' not found
06-28 12:00:12.273   967   984 E NetlinkEvent: NetlinkEvent::FindParam(): Parameter 'UID' not found
06-28 12:00:15.058  1263  1263 W wificond: Scan is not started. Ignore abort request
06-28 12:00:15.133  1985  5299 I chatty  : uid=1000(system) Binder:1985_16 expire 5 lines
06-28 12:00:15.540   967   984 E NetlinkEvent: NetlinkEvent::FindParam(): Parameter 'INTERFACE' not found
06-28 12:00:15.540   967   984 E NetlinkEvent: NetlinkEvent::FindParam(): Parameter 'STATE' not found
06-28 12:00:15.541   967   984 E NetlinkEvent: NetlinkEvent::FindParam(): Parameter 'TIME_NS' not found
06-28 12:00:15.541   967   984 E NetlinkEvent: NetlinkEvent::FindParam(): Parameter 'UID' not found
06-28 12:00:15.644  1985  2198 I chatty  : uid=1000(system) Binder:1985_3 expire 2 lines
06-28 12:00:15.764  1985  2355 I chatty  : uid=1000(system) ConnectivitySer expire 52 lines
06-28 12:00:15.870  1985 16273 I chatty  : uid=1000(system) Binder:1985_20 expire 6 lines
06-28 12:00:15.993  1985  3459 I chatty  : uid=1000(system) Binder:1985_F expire 6 lines
06-28 12:00:18.003  1263  1263 W wificond: Scan is not started. Ignore abort request
06-28 12:00:18.137  1985  3462 I chatty  : uid=1000(system) Binder:1985_11 expire 4 lines
06-28 12:00:18.142  1985  2346 I chatty  : uid=1000(system) WifiStateMachin expire 5 lines
06-28 12:00:18.530   967   984 E NetlinkEvent: NetlinkEvent::FindParam(): Parameter 'INTERFACE' not found
06-28 12:00:18.530   967   984 E NetlinkEvent: NetlinkEvent::FindParam(): Parameter 'STATE' not found
06-28 12:00:18.530   967   984 E NetlinkEvent: NetlinkEvent::FindParam(): Parameter 'TIME_NS' not found
06-28 12:00:18.530   967   984 E NetlinkEvent: NetlinkEvent::FindParam(): Parameter 'UID' not found
06-28 12:00:18.623  1985  2010 I chatty  : uid=1000(system) Binder:1985_2 expire 10 lines
06-28 12:00:18.769  1985  2039 I chatty  : uid=1000(system) ActivityManager expire 11 lines
06-28 12:00:19.165  1985  3425 I chatty  : uid=1000(system) Binder:1985_A expire 2 lines
06-28 12:00:19.220  1985  5299 I chatty  : uid=1000(system) Binder:1985_16 expire 4 lines
06-28 12:00:19.251  1985  3450 I chatty  : uid=1000(system) Binder:1985_D expire 9 lines
06-28 12:00:21.333  1263  1263 W wificond: Scan is not started. Ignore abort request
06-28 12:00:21.354  1985 13540 I chatty  : uid=1000(system) Binder:1985_1E expire 8 lines
06-28 12:00:21.897  1985  2481 I chatty  : uid=1000(system) Binder:1985_6 expire 2 lines
06-28 12:00:22.003   967   984 E NetlinkEvent: NetlinkEvent::FindParam(): Parameter 'INTERFACE' not found
06-28 12:00:22.003   967   984 E NetlinkEvent: NetlinkEvent::FindParam(): Parameter 'STATE' not found
06-28 12:00:22.003   967   984 E NetlinkEvent: NetlinkEvent::FindParam(): Parameter 'TIME_NS' not found
06-28 12:00:22.003   967   984 E NetlinkEvent: NetlinkEvent::FindParam(): Parameter 'UID' not found
06-28 12:00:22.091  1985  3464 I chatty  : uid=1000(system) Binder:1985_13 expire 3 lines
06-28 12:00:25.587  1985  2047 I chatty  : uid=1000(system) batterystats-wo expire 1 line
06-28 12:00:34.526  1985  2203 I chatty  : uid=1000(system) UEventObserver expire 3 lines
06-28 12:00:53.270  1262  1396 E storaged: getDiskStats failed with result NOT_SUPPORTED and size 0
06-28 12:01:00.221  1985  2355 I chatty  : uid=1000(system) ConnectivitySer expire 55 lines
06-28 12:01:00.254  1985  7089 I chatty  : uid=1000(system) Binder:1985_18 expire 1 line
06-28 12:01:00.320  1985  2945 I chatty  : uid=1000(system) Binder:1985_9 expire 1 line
06-28 12:01:02.409  1263  1263 W wificond: Scan is not started. Ignore abort request
06-28 12:01:02.427  1985  3461 I chatty  : uid=1000(system) Binder:1985_10 expire 8 lines
06-28 12:01:02.880  1985  3465 I chatty  : uid=1000(system) Binder:1985_14 expire 3 lines
06-28 12:01:02.958   967   984 E NetlinkEvent: NetlinkEvent::FindParam(): Parameter 'INTERFACE' not found
06-28 12:01:02.958   967   984 E NetlinkEvent: NetlinkEvent::FindParam(): Parameter 'STATE' not found
06-28 12:01:02.958   967   984 E NetlinkEvent: NetlinkEvent::FindParam(): Parameter 'TIME_NS' not found
06-28 12:01:02.958   967   984 E NetlinkEvent: NetlinkEvent::FindParam(): Parameter 'UID' not found
06-28 12:01:03.613  1985 11882 I chatty  : uid=1000(system) Binder:1985_1D expire 2 lines
06-28 12:01:05.847  1263  1263 W wificond: Scan is not started. Ignore abort request
06-28 12:01:07.173   967   984 E NetlinkEvent: NetlinkEvent::FindParam(): Parameter 'INTERFACE' not found
06-28 12:01:07.173   967   984 E NetlinkEvent: NetlinkEvent::FindParam(): Parameter 'STATE' not found
06-28 12:01:07.173   967   984 E NetlinkEvent: NetlinkEvent::FindParam(): Parameter 'TIME_NS' not found
06-28 12:01:07.173   967   984 E NetlinkEvent: NetlinkEvent::FindParam(): Parameter 'UID' not found
06-28 12:01:53.274  1262  1396 E storaged: getDiskStats failed with result NOT_SUPPORTED and size 0
06-28 12:02:39.747  1985  2355 I chatty  : uid=1000(system) ConnectivitySer expire 34 lines
06-28 12:02:39.766  1985  2039 I chatty  : uid=1000(system) ActivityManager expire 2 lines
06-28 12:02:39.817  1985 10881 I chatty  : uid=1000(system) Binder:1985_1C expire 3 lines
06-28 12:02:39.845  1985  2513 I chatty  : uid=1000(system) Binder:1985_7 expire 2 lines
06-28 12:02:40.198  1985  2009 I chatty  : uid=1000(system) Binder:1985_1 expire 5 lines
06-28 12:02:41.973  1263  1263 W wificond: Scan is not started. Ignore abort request
06-28 12:02:42.714   967   984 E NetlinkEvent: NetlinkEvent::FindParam(): Parameter 'INTERFACE' not found
06-28 12:02:42.715   967   984 E NetlinkEvent: NetlinkEvent::FindParam(): Parameter 'STATE' not found
06-28 12:02:42.715   967   984 E NetlinkEvent: NetlinkEvent::FindParam(): Parameter 'TIME_NS' not found
06-28 12:02:42.715   967   984 E NetlinkEvent: NetlinkEvent::FindParam(): Parameter 'UID' not found
06-28 12:02:42.841  1985  2010 I chatty  : uid=1000(system) Binder:1985_2 expire 13 lines
06-28 12:02:44.905  1263  1263 W wificond: Scan is not started. Ignore abort request
06-28 12:02:44.927  1985  3464 I chatty  : uid=1000(system) Binder:1985_13 expire 9 lines
06-28 12:02:45.050  1985  2346 I chatty  : uid=1000(system) WifiStateMachin expire 6 lines
06-28 12:02:45.050  1985  2355 I chatty  : uid=1000(system) ConnectivitySer expire 24 lines
06-28 12:02:45.354  1985  3450 I chatty  : uid=1000(system) Binder:1985_D expire 7 lines
06-28 12:02:45.472   967   984 E NetlinkEvent: NetlinkEvent::FindParam(): Parameter 'INTERFACE' not found
06-28 12:02:45.473   967   984 E NetlinkEvent: NetlinkEvent::FindParam(): Parameter 'STATE' not found
06-28 12:02:45.473   967   984 E NetlinkEvent: NetlinkEvent::FindParam(): Parameter 'TIME_NS' not found
06-28 12:02:45.473   967   984 E NetlinkEvent: NetlinkEvent::FindParam(): Parameter 'UID' not found
06-28 12:02:45.570  1985  2429 I chatty  : uid=1000(system) Binder:1985_4 expire 1 line
06-28 12:02:45.580  1985  2909 I chatty  : uid=1000(system) Binder:1985_8 expire 1 line
06-28 12:02:45.731  1985  2039 I chatty  : uid=1000(system) ActivityManager expire 12 lines
06-28 12:02:53.277  1262  1396 E storaged: getDiskStats failed with result NOT_SUPPORTED and size 0
06-28 12:03:07.893  1985  2041 I chatty  : uid=1000(system) ActivityManager expire 1 line
06-28 12:03:08.500  1985  3461 I chatty  : uid=1000(system) Binder:1985_10 expire 4 lines
06-28 12:03:13.578  1985  7089 I chatty  : uid=1000(system) Binder:1985_18 expire 4 lines
06-28 12:03:13.590  1985  3465 I chatty  : uid=1000(system) Binder:1985_14 expire 3 lines
06-28 12:03:13.644  1985 13540 I chatty  : uid=1000(system) Binder:1985_1E expire 2 lines
06-28 12:03:15.787  1263  1263 W wificond: Scan is not started. Ignore abort request
06-28 12:03:15.858  1985 16273 I chatty  : uid=1000(system) Binder:1985_20 expire 5 lines
06-28 12:03:15.939  1985  2198 I chatty  : uid=1000(system) Binder:1985_3 expire 9 lines
06-28 12:03:15.948  1985  2355 I chatty  : uid=1000(system) ConnectivitySer expire 78 lines
06-28 12:03:16.203   967   984 E NetlinkEvent: NetlinkEvent::FindParam(): Parameter 'INTERFACE' not found
06-28 12:03:16.203   967   984 E NetlinkEvent: NetlinkEvent::FindParam(): Parameter 'STATE' not found
06-28 12:03:16.203   967   984 E NetlinkEvent: NetlinkEvent::FindParam(): Parameter 'TIME_NS' not found
06-28 12:03:16.203   967   984 E NetlinkEvent: NetlinkEvent::FindParam(): Parameter 'UID' not found
06-28 12:03:16.300  1985  3439 I chatty  : uid=1000(system) Binder:1985_B expire 1 line
06-28 12:03:16.310  1985  3459 I chatty  : uid=1000(system) Binder:1985_F expire 3 lines
06-28 12:03:16.982  1985  2439 I chatty  : uid=1000(system) Binder:1985_5 expire 9 lines
06-28 12:03:19.167  1263  1263 W wificond: Scan is not started. Ignore abort request
06-28 12:03:19.805   967   984 E NetlinkEvent: NetlinkEvent::FindParam(): Parameter 'INTERFACE' not found
06-28 12:03:19.805   967   984 E NetlinkEvent: NetlinkEvent::FindParam(): Parameter 'STATE' not found
06-28 12:03:19.805   967   984 E NetlinkEvent: NetlinkEvent::FindParam(): Parameter 'TIME_NS' not found
06-28 12:03:19.805   967   984 E NetlinkEvent: NetlinkEvent::FindParam(): Parameter 'UID' not found
06-28 12:03:19.914  1985 10881 I chatty  : uid=1000(system) Binder:1985_1C expire 5 lines
06-28 12:03:22.420  1263  1263 W wificond: Scan is not started. Ignore abort request
06-28 12:03:22.434  1985  2945 I chatty  : uid=1000(system) Binder:1985_9 expire 5 lines
06-28 12:03:23.159  1985 11882 I chatty  : uid=1000(system) Binder:1985_1D expire 4 lines
06-28 12:03:23.245   967   984 E NetlinkEvent: NetlinkEvent::FindParam(): Parameter 'INTERFACE' not found
06-28 12:03:23.245   967   984 E NetlinkEvent: NetlinkEvent::FindParam(): Parameter 'STATE' not found
06-28 12:03:23.245   967   984 E NetlinkEvent: NetlinkEvent::FindParam(): Parameter 'TIME_NS' not found
06-28 12:03:23.245   967   984 E NetlinkEvent: NetlinkEvent::FindParam(): Parameter 'UID' not found
06-28 12:03:25.822  1263  1263 W wificond: Scan is not started. Ignore abort request
06-28 12:03:26.428   967   984 E NetlinkEvent: NetlinkEvent::FindParam(): Parameter 'INTERFACE' not found
06-28 12:03:26.428   967   984 E NetlinkEvent: NetlinkEvent::FindParam(): Parameter 'STATE' not found
06-28 12:03:26.428   967   984 E NetlinkEvent: NetlinkEvent::FindParam(): Parameter 'TIME_NS' not found
06-28 12:03:26.428   967   984 E NetlinkEvent: NetlinkEvent::FindParam(): Parameter 'UID' not found
06-28 12:03:26.462  1985  2355 I chatty  : uid=1000(system) ConnectivitySer expire 33 lines
06-28 12:03:26.521  1985  2010 I chatty  : uid=1000(system) Binder:1985_2 expire 1 line
06-28 12:03:26.535  1985 10247 I chatty  : uid=1000(system) Binder:1985_1B expire 4 lines
06-28 12:03:29.146  1263  1263 W wificond: Scan is not started. Ignore abort request
06-28 12:03:29.803   967   984 E NetlinkEvent: NetlinkEvent::FindParam(): Parameter 'INTERFACE' not found
06-28 12:03:29.803   967   984 E NetlinkEvent: NetlinkEvent::FindParam(): Parameter 'STATE' not found
06-28 12:03:29.803   967   984 E NetlinkEvent: NetlinkEvent::FindParam(): Parameter 'TIME_NS' not found
06-28 12:03:29.803   967   984 E NetlinkEvent: NetlinkEvent::FindParam(): Parameter 'UID' not found
06-28 12:03:32.749  1985  1985 I chatty  : uid=1000 system_server expire 1 line
06-28 12:03:35.003  1985  2203 I chatty  : uid=1000(system) UEventObserver expire 1 line
06-28 12:03:53.280  1262  1396 E storaged: getDiskStats failed with result NOT_SUPPORTED and size 0
06-28 12:03:53.883  1985  2355 I chatty  : uid=1000(system) ConnectivitySer expire 24 lines
06-28 12:04:01.455  1985  3464 I chatty  : uid=1000(system) Binder:1985_13 expire 1 line
06-28 12:04:01.507  1985 13540 I chatty  : uid=1000(system) Binder:1985_1E expire 6 lines
06-28 12:04:03.643  1263  1263 W wificond: Scan is not started. Ignore abort request
06-28 12:04:03.658  1985  3450 I chatty  : uid=1000(system) Binder:1985_D expire 13 lines
06-28 12:04:03.786  1985  2346 I chatty  : uid=1000(system) WifiStateMachin expire 4 lines
06-28 12:04:03.797  1985  3461 I chatty  : uid=1000(system) Binder:1985_10 expire 3 lines
06-28 12:04:04.215   967   984 E NetlinkEvent: NetlinkEvent::FindParam(): Parameter 'INTERFACE' not found
06-28 12:04:04.215   967   984 E NetlinkEvent: NetlinkEvent::FindParam(): Parameter 'STATE' not found
06-28 12:04:04.215   967   984 E NetlinkEvent: NetlinkEvent::FindParam(): Parameter 'TIME_NS' not found
06-28 12:04:04.215   967   984 E NetlinkEvent: NetlinkEvent::FindParam(): Parameter 'UID' not found
06-28 12:04:04.280  1985  2355 I chatty  : uid=1000(system) ConnectivitySer expire 13 lines
06-28 12:04:04.330  1985 11882 I chatty  : uid=1000(system) Binder:1985_1D expire 7 lines
06-28 12:04:04.342  1985  3459 I chatty  : uid=1000(system) Binder:1985_F expire 4 lines
06-28 12:04:04.447  1985  2039 I chatty  : uid=1000(system) ActivityManager expire 10 lines
06-28 12:04:35.166  1985  2203 I chatty  : uid=1000(system) UEventObserver expire 3 lines
06-28 12:04:53.281  1262  1396 E storaged: getDiskStats failed with result NOT_SUPPORTED and size 0
06-28 12:04:57.091  1985  2355 I chatty  : uid=1000(system) ConnectivitySer expire 14 lines
06-28 12:05:18.716  1985  3465 I chatty  : uid=1000(system) Binder:1985_14 expire 8 lines
06-28 12:05:18.752  1985  2439 I chatty  : uid=1000(system) Binder:1985_5 expire 1 line
06-28 12:05:18.813  1985  2198 I chatty  : uid=1000(system) Binder:1985_3 expire 4 lines
06-28 12:05:20.901  1263  1263 W wificond: Scan is not started. Ignore abort request
06-28 12:05:21.048  1985  2355 I chatty  : uid=1000(system) ConnectivitySer expire 21 lines
06-28 12:05:21.625   967   984 E NetlinkEvent: NetlinkEvent::FindParam(): Parameter 'INTERFACE' not found
06-28 12:05:21.625   967   984 E NetlinkEvent: NetlinkEvent::FindParam(): Parameter 'STATE' not found
06-28 12:05:21.625   967   984 E NetlinkEvent: NetlinkEvent::FindParam(): Parameter 'TIME_NS' not found
06-28 12:05:21.625   967   984 E NetlinkEvent: NetlinkEvent::FindParam(): Parameter 'UID' not found
06-28 12:05:21.723  1985  3439 I chatty  : uid=1000(system) Binder:1985_B expire 3 lines
06-28 12:05:40.477  1985 16273 I chatty  : uid=1000(system) Binder:1985_20 expire 5 lines
06-28 12:05:40.478  1985  2945 I chatty  : uid=1000(system) Binder:1985_9 expire 2 lines
06-28 12:05:45.815  1985  2041 I chatty  : uid=1000(system) ActivityManager expire 7 lines
06-28 12:05:49.379  1985  7089 I chatty  : uid=1000(system) Binder:1985_18 expire 6 lines
06-28 12:05:53.283  1262  1396 E storaged: getDiskStats failed with result NOT_SUPPORTED and size 0
06-28 12:05:53.370  1985  1985 I chatty  : uid=1000 system_server expire 10 lines
06-28 12:05:53.871 14073 14095 W PackageParser: Unknown element under <manifest>: queries at /data/app/vmdl1095522771.tmp/base.apk Binary XML file line #30
06-28 12:05:59.816  1263  1263 W wificond: Scan aborted
06-28 12:05:59.849  1985  2355 I chatty  : uid=1000(system) ConnectivitySer expire 32 lines
06-28 12:05:59.912  1985 10247 I chatty  : uid=1000(system) Binder:1985_1B expire 7 lines
06-28 12:06:00.026 14073 14095 W PackageParser: Unknown element under <manifest>: queries at /data/app/vmdl1095522771.tmp/base.apk Binary XML file line #30
06-28 12:06:00.355  1985  2078 I chatty  : uid=1000(system) PackageManager expire 1 line
06-28 12:06:02.065  1263  1263 W wificond: Scan is not started. Ignore abort request
06-28 12:06:02.586   967   984 E NetlinkEvent: NetlinkEvent::FindParam(): Parameter 'INTERFACE' not found
06-28 12:06:02.586   967   984 E NetlinkEvent: NetlinkEvent::FindParam(): Parameter 'STATE' not found
06-28 12:06:02.586   967   984 E NetlinkEvent: NetlinkEvent::FindParam(): Parameter 'TIME_NS' not found
06-28 12:06:02.586   967   984 E NetlinkEvent: NetlinkEvent::FindParam(): Parameter 'UID' not found
06-28 12:06:02.699  1985  5299 I chatty  : uid=1000(system) Binder:1985_16 expire 1 line
06-28 12:06:06.756   925   929 D vold    : Remounting 10243 as mode default
06-28 12:06:06.814   925   929 D vold    : Remounting 10243 as mode write
06-28 12:06:06.881  1985  2039 I chatty  : uid=1000(system) ActivityManager expire 10 lines
06-28 12:06:07.576  3176 11339 D ProcSpeedReader: Failed to read freq stats from null
06-28 12:06:07.648  3176 11339 D ProcSpeedReader: Failed to read freq stats from null
06-28 12:06:08.168  1985  2037 I chatty  : uid=1000(system) android.bg expire 1 line
06-28 12:06:08.514  1985  2062 I chatty  : uid=1000(system) android.display expire 1 line
06-28 12:06:20.415  1985 10881 I chatty  : uid=1000(system) Binder:1985_1C expire 1 line
06-28 12:06:53.284  1262  1396 E storaged: getDiskStats failed with result NOT_SUPPORTED and size 0
06-28 12:06:59.555  1985  2355 I chatty  : uid=1000(system) ConnectivitySer expire 33 lines
06-28 12:06:59.583  1985  2010 I chatty  : uid=1000(system) Binder:1985_2 expire 3 lines
06-28 12:06:59.693  1985  3463 I chatty  : uid=1000(system) Binder:1985_12 expire 1 line
06-28 12:06:59.942  1985  3450 I chatty  : uid=1000(system) Binder:1985_D expire 2 lines
06-28 12:07:01.781  1263  1263 W wificond: Scan is not started. Ignore abort request
06-28 12:07:02.270   967   984 E NetlinkEvent: NetlinkEvent::FindParam(): Parameter 'INTERFACE' not found
06-28 12:07:02.270   967   984 E NetlinkEvent: NetlinkEvent::FindParam(): Parameter 'STATE' not found
06-28 12:07:02.270   967   984 E NetlinkEvent: NetlinkEvent::FindParam(): Parameter 'TIME_NS' not found
06-28 12:07:02.270   967   984 E NetlinkEvent: NetlinkEvent::FindParam(): Parameter 'UID' not found
06-28 12:07:02.500  1985  2039 I chatty  : uid=1000(system) ActivityManager expire 11 lines
06-28 12:07:04.744  1263  1263 W wificond: Scan is not started. Ignore abort request
06-28 12:07:04.758  1985  7089 I chatty  : uid=1000(system) Binder:1985_18 expire 10 lines
06-28 12:07:04.898  1985  2346 I chatty  : uid=1000(system) WifiStateMachin expire 6 lines
06-28 12:07:04.898  1985  2355 I chatty  : uid=1000(system) ConnectivitySer expire 64 lines
06-28 12:07:05.165  1985 10881 I chatty  : uid=1000(system) Binder:1985_1C expire 9 lines
06-28 12:07:05.183  1985  3461 I chatty  : uid=1000(system) Binder:1985_10 expire 4 lines
06-28 12:07:05.244   967   984 E NetlinkEvent: NetlinkEvent::FindParam(): Parameter 'INTERFACE' not found
06-28 12:07:05.244   967   984 E NetlinkEvent: NetlinkEvent::FindParam(): Parameter 'STATE' not found
06-28 12:07:05.244   967   984 E NetlinkEvent: NetlinkEvent::FindParam(): Parameter 'TIME_NS' not found
06-28 12:07:05.244   967   984 E NetlinkEvent: NetlinkEvent::FindParam(): Parameter 'UID' not found
06-28 12:07:05.324  1985  3459 I chatty  : uid=1000(system) Binder:1985_F expire 1 line
06-28 12:07:05.343  1985  2439 I chatty  : uid=1000(system) Binder:1985_5 expire 7 lines
06-28 12:07:05.588  1985  3450 I chatty  : uid=1000(system) Binder:1985_D expire 5 lines
06-28 12:07:05.666  1985  3463 I chatty  : uid=1000(system) Binder:1985_12 expire 9 lines
06-28 12:07:07.716  1263  1263 W wificond: Scan is not started. Ignore abort request
06-28 12:07:08.230   967   984 E NetlinkEvent: NetlinkEvent::FindParam(): Parameter 'INTERFACE' not found
06-28 12:07:08.230   967   984 E NetlinkEvent: NetlinkEvent::FindParam(): Parameter 'STATE' not found
06-28 12:07:08.230   967   984 E NetlinkEvent: NetlinkEvent::FindParam(): Parameter 'TIME_NS' not found
06-28 12:07:08.230   967   984 E NetlinkEvent: NetlinkEvent::FindParam(): Parameter 'UID' not found
06-28 12:07:08.326  1985  3462 I chatty  : uid=1000(system) Binder:1985_11 expire 1 line
06-28 12:07:08.784  1985 13540 I chatty  : uid=1000(system) Binder:1985_1E expire 4 lines
06-28 12:07:08.790  1985  3439 I chatty  : uid=1000(system) Binder:1985_B expire 10 lines
06-28 12:07:08.904  1985  2010 I chatty  : uid=1000(system) Binder:1985_2 expire 5 lines
06-28 12:07:11.023  1263  1263 W wificond: Scan is not started. Ignore abort request
06-28 12:07:11.365  1985 10247 I chatty  : uid=1000(system) Binder:1985_1B expire 2 lines
06-28 12:07:11.425   967   984 E NetlinkEvent: NetlinkEvent::FindParam(): Parameter 'INTERFACE' not found
06-28 12:07:11.425   967   984 E NetlinkEvent: NetlinkEvent::FindParam(): Parameter 'STATE' not found
06-28 12:07:11.425   967   984 E NetlinkEvent: NetlinkEvent::FindParam(): Parameter 'TIME_NS' not found
06-28 12:07:11.425   967   984 E NetlinkEvent: NetlinkEvent::FindParam(): Parameter 'UID' not found
06-28 12:07:12.358  1985 16273 I chatty  : uid=1000(system) Binder:1985_20 expire 1 line
06-28 12:07:24.965  1985  2203 I chatty  : uid=1000(system) UEventObserver expire 2 lines
06-28 12:07:34.546  1263  1263 W wificond: Scan is not started. Ignore abort request
06-28 12:07:34.623  1985  2355 I chatty  : uid=1000(system) ConnectivitySer expire 19 lines
06-28 12:07:34.671  1985  4486 I chatty  : uid=1000(system) Binder:1985_15 expire 5 lines
06-28 12:07:35.099   967   984 E NetlinkEvent: NetlinkEvent::FindParam(): Parameter 'INTERFACE' not found
06-28 12:07:35.099   967   984 E NetlinkEvent: NetlinkEvent::FindParam(): Parameter 'STATE' not found
06-28 12:07:35.099   967   984 E NetlinkEvent: NetlinkEvent::FindParam(): Parameter 'TIME_NS' not found
06-28 12:07:35.099   967   984 E NetlinkEvent: NetlinkEvent::FindParam(): Parameter 'UID' not found
06-28 12:07:35.185  1985  3465 I chatty  : uid=1000(system) Binder:1985_14 expire 9 lines
06-28 12:07:35.199  1985  3458 I chatty  : uid=1000(system) Binder:1985_E expire 4 lines
06-28 12:07:39.788  1985  2041 I chatty  : uid=1000(system) ActivityManager expire 3 lines
06-28 12:07:44.210 14376 14394 E AndroidRuntime: FATAL EXCEPTION: mqt_native_modules
06-28 12:07:44.210 14376 14394 E AndroidRuntime: Process: com.tecaliapp, PID: 14376
06-28 12:07:44.210 14376 14394 E AndroidRuntime: com.facebook.react.common.JavascriptException: TypeError: (0,r(d[9]).useEffect) is not a function. (In '(0,r(d[9]).useEffect)(function(){R()},[])', '(0,r(d[9]).useEffect)' is undefined)
06-28 12:07:44.210 14376 14394 E AndroidRuntime: 
06-28 12:07:44.210 14376 14394 E AndroidRuntime: This error is located at:
06-28 12:07:44.210 14376 14394 E AndroidRuntime:     in E
06-28 12:07:44.210 14376 14394 E AndroidRuntime:     in Unknown
06-28 12:07:44.210 14376 14394 E AndroidRuntime:     in Unknown
06-28 12:07:44.210 14376 14394 E AndroidRuntime:     in Unknown
06-28 12:07:44.210 14376 14394 E AndroidRuntime:     in RNSScreen
06-28 12:07:44.210 14376 14394 E AndroidRuntime:     in _
06-28 12:07:44.210 14376 14394 E AndroidRuntime:     in Unknown
06-28 12:07:44.210 14376 14394 E AndroidRuntime:     in p
06-28 12:07:44.210 14376 14394 E AndroidRuntime:     in Unknown
06-28 12:07:44.210 14376 14394 E AndroidRuntime:     in RNSScreenContainer
06-28 12:07:44.210 14376 14394 E AndroidRuntime:     in f
06-28 12:07:44.210 14376 14394 E AndroidRuntime:     in RCTView
06-28 12:07:44.210 14376 14394 E AndroidRuntime:     in Unknown
06-28 12:07:44.210 14376 14394 E AndroidRuntime:     in RCTView
06-28 12:07:44.210 14376 14394 E AndroidRuntime:     in Unknown
06-28 12:07:44.210 14376 14394 E AndroidRuntime:     in AnimatedComponent(View)
06-28 12:07:44.210 14376 14394 E AndroidRuntime:     in Unknown
06-28 12:07:44.210 14376 14394 E AndroidRuntime:     in RCTView
06-28 12:07:44.210 14376 14394 E AndroidRuntime:     in Unknown
06-28 12:07:44.210 14376 14394 E AndroidRuntime:     in AnimatedComponent(View)
06-28 12:07:44.210 14376 14394 E AndroidRuntime:     in Unknown
06-28 12:07:44.210 14376 14394 E AndroidRuntime:     in PanGestureHandler
06-28 12:07:44.210 14376 14394 E AndroidRuntime:     in Unknown
06-28 12:07:44.210 14376 14394 E AndroidRuntime:     in se
06-28 12:07:44.210 14376 14394 E AndroidRuntime:     in Unknown
06-28 12:07:44.210 14376 14394 E AndroidRuntime:     in RCTView
06-28 12:07:44.210 14376 14394 E AndroidRuntime:     in Unknown
06-28 12:07:44.210 14376 14394 E AndroidRuntime:     in Unknown
06-28 12:07:44.210 14376 14394 E AndroidRuntime:     in Unknown
06-28 12:07:44.210 14376 14394 E AndroidRuntime:     in Unknown
06-28 12:07:44.210 14376 14394 E AndroidRuntime:     in M
06-28 12:07:44.210 14376 14394 E AndroidRuntime:     in Unknown
06-28 12:07:44.210 14376 14394 E AndroidRuntime:     in M
06-28 12:07:44.210 14376 14394 E AndroidRuntime:     in Unknown
06-28 12:07:44.210 14376 14394 E AndroidRuntime:     in Unknown
06-28 12:07:44.210 14376 14394 E AndroidRuntime:     in Unknown
06-28 12:07:44.210 14376 14394 E AndroidRuntime:     in RCTView
06-28 12:07:44.210 14376 14394 E AndroidRuntime:     in Unknown
06-28 12:07:44.210 14376 14394 E AndroidRuntime:     in RCTView
06-28 12:07:44.210 14376 14394 E AndroidRuntime:     in Unknown
06-28 12:07:44.210 14376 14394 E AndroidRuntime:     in RCTView
06-28 12:07:44.210 14376 14394 E AndroidRuntime:     in Unknown
06-28 12:07:44.210 14376 14394 E AndroidRuntime:     in Unknown
06-28 12:07:44.210 14376 14394 E AndroidRuntime:     in RCTView
06-28 12:07:44.210 14376 14394 E AndroidRuntime:     in Unknown
06-28 12:07:44.210 14376 14394 E AndroidRuntime:     in _
06-28 12:07:44.210 14376 14394 E AndroidRuntime:     in Unknown
06-28 12:07:44.210 14376 14394 E AndroidRuntime:     in PanGestureHandler
06-28 12:07:44.210 14376 14394 E AndroidRuntime:     in Unknown
06-28 12:07:44.210 14376 14394 E AndroidRuntime:     in RCTView
06-28 12:07:44.210 14376 14394 E AndroidRuntime:     in Unknown
06-28 12:07:44.210 14376 14394 E AndroidRuntime:     in _
06-28 12:07:44.210 14376 14394 E AndroidRuntime:     in Unknown
06-28 12:07:44.210 14376 14394 E AndroidRuntime:     in RCTView
06-28 12:07:44.210 14376 14394 E AndroidRuntime:     in Unknown
06-28 12:07:44.210 14376 14394 E AndroidRuntime:     in P
06-28 12:07:44.210 14376 14394 E AndroidRuntime:     in Unknown
06-28 12:07:44.210 14376 14394 E AndroidRuntime:     in RNSScreen
06-28 12:07:44.210 14376 14394 E AndroidRuntime:     in _
06-28 12:07:44.210 14376 14394 E AndroidRuntime:     in Unknown
06-28 12:07:44.210 14376 14394 E AndroidRuntime:     in p
06-28 12:07:44.210 14376 14394 E AndroidRuntime:     in Unknown
06-28 12:07:44.210 14376 14394 E AndroidRuntime:     in RNSScreenContainer
06-28 12:07:44.210 14376 14394 E AndroidRuntime:     in f
06-28 12:07:44.210 14376 14394 E AndroidRuntime:     in Unknown
06-28 12:07:44.210 14376 14394 E AndroidRuntime:     in D
06-28 12:07:44.210 14376 14394 E AndroidRuntime:     in T
06-28 12:07:44.210 14376 14394 E AndroidRuntime:     in RNCSafeAreaProvider
06-28 12:07:44.210 14376 14394 E AndroidRuntime:     in Unknown
06-28 12:07:44.210 14376 14394 E AndroidRuntime:     in Unknown
06-28 12:07:44.210 14376 14394 E AndroidRuntime:     in GestureHandlerRootView
06-28 12:07:44.210 14376 14394 E AndroidRuntime:     in Unknown
06-28 12:07:44.210 14376 14394 E AndroidRuntime:     in C
06-28 12:07:44.210 14376 14394 E AndroidRuntime:     in Unknown
06-28 12:07:44.210 14376 14394 E AndroidRuntime:     in c
06-28 12:07:44.210 14376 14394 E AndroidRuntime:     in Unknown
06-28 12:07:44.210 14376 14394 E AndroidRuntime:     in Unknown
06-28 12:07:44.210 14376 14394 E AndroidRuntime:     in Unknown
06-28 12:07:44.210 14376 14394 E AndroidRuntime:     in Unknown
06-28 12:07:44.210 14376 14394 E AndroidRuntime:     in n
06-28 12:07:44.210 14376 14394 E AndroidRuntime:     in RCTView
06-28 12:07:44.210 14376 14394 E AndroidRuntime:     in Unknown
06-28 12:07:44.210 14376 14394 E AndroidRuntime:     in RCTView
06-28 12:07:44.210 14376 14394 E AndroidRuntime:     in Unknown
06-28 12:07:44.210 14376 14394 E AndroidRuntime:     in C, stack:
06-28 12:07:44.210 14376 14394 E AndroidRuntime: E@916:1062
06-28 12:07:44.210 14376 14394 E AndroidRuntime: wr@77:42102
06-28 12:07:44.210 14376 14394 E AndroidRuntime: Hl@77:89853
06-28 12:07:44.210 14376 14394 E AndroidRuntime: ja@77:79095
06-28 12:07:44.210 14376 14394 E AndroidRuntime: Ba@77:78997
06-28 12:07:44.210 14376 14394 E AndroidRuntime: Qa@77:78762
06-28 12:07:44.210 14376 14394 E AndroidRuntime: Ia@77:75924
06-28 12:07:44.210 14376 14394 E AndroidRuntime: Ia@-1
06-28 12:07:44.210 14376 14394 E AndroidRuntime: <unknown>@77:26326
06-28 12:07:44.210 14376 14394 E AndroidRuntime: unstable_runWithPriority@142:3806
06-28 12:07:44.210 14376 14394 E AndroidRuntime: ht@77:26273
06-28 12:07:44.210 14376 14394 E AndroidRuntime: pt@77:26208
06-28 12:07:44.210 14376 14394 E AndroidRuntime: ke@77:93329
06-28 12:07:44.210 14376 14394 E AndroidRuntime: _e@77:12979
06-28 12:07:44.210 14376 14394 E AndroidRuntime: Re@77:13368
06-28 12:07:44.210 14376 14394 E AndroidRuntime: receiveTouches@77:14167
06-28 12:07:44.210 14376 14394 E AndroidRuntime: value@41:3469
06-28 12:07:44.210 14376 14394 E AndroidRuntime: <unknown>@41:662
06-28 12:07:44.210 14376 14394 E AndroidRuntime: value@41:2459
06-28 12:07:44.210 14376 14394 E AndroidRuntime: value@41:634
06-28 12:07:44.210 14376 14394 E AndroidRuntime: value@-1
06-28 12:07:44.210 14376 14394 E AndroidRuntime: 
06-28 12:07:44.210 14376 14394 E AndroidRuntime: 	at com.facebook.react.modules.core.ExceptionsManagerModule.reportException(ExceptionsManagerModule.java:83)
06-28 12:07:44.210 14376 14394 E AndroidRuntime: 	at java.lang.reflect.Method.invoke(Native Method)
06-28 12:07:44.210 14376 14394 E AndroidRuntime: 	at com.facebook.react.bridge.JavaMethodWrapper.invoke(JavaMethodWrapper.java:372)
06-28 12:07:44.210 14376 14394 E AndroidRuntime: 	at com.facebook.react.bridge.JavaModuleWrapper.invoke(JavaModuleWrapper.java:151)
06-28 12:07:44.210 14376 14394 E AndroidRuntime: 	at com.facebook.react.bridge.queue.NativeRunnable.run(Native Method)
06-28 12:07:44.210 14376 14394 E AndroidRuntime: 	at android.os.Handler.handleCallback(Handler.java:873)
06-28 12:07:44.210 14376 14394 E AndroidRuntime: 	at android.os.Handler.dispatchMessage(Handler.java:99)
06-28 12:07:44.210 14376 14394 E AndroidRuntime: 	at com.facebook.react.bridge.queue.MessageQueueThreadHandler.dispatchMessage(MessageQueueThreadHandler.java:27)
06-28 12:07:44.210 14376 14394 E AndroidRuntime: 	at android.os.Looper.loop(Looper.java:193)
06-28 12:07:44.210 14376 14394 E AndroidRuntime: 	at com.facebook.react.bridge.queue.MessageQueueThreadImpl$4.run(MessageQueueThreadImpl.java:226)
06-28 12:07:44.210 14376 14394 E AndroidRuntime: 	at java.lang.Thread.run(Thread.java:764)
06-28 12:07:44.227  3176 11339 D ProcSpeedReader: Failed to read freq stats from null
06-28 12:07:44.245  3176 11339 D ProcSpeedReader: Failed to read freq stats from null
06-28 12:07:44.604  1985  3425 I chatty  : uid=1000(system) Binder:1985_A expire 3 lines
06-28 12:07:44.604  1985  3464 I chatty  : uid=1000(system) Binder:1985_13 expire 3 lines
06-28 12:07:44.616  1985  2062 I chatty  : uid=1000(system) android.display expire 1 line
06-28 12:07:44.684  1985  1985 I chatty  : uid=1000 system_server expire 1 line
06-28 12:07:51.036   967 14921 W SocketClient: write error (Broken pipe)
06-28 12:07:51.037   967 14922 W SocketClient: write error (Broken pipe)
06-28 12:07:53.285  1262  1396 E storaged: getDiskStats failed with result NOT_SUPPORTED and size 0
06-28 12:07:55.946  1985  2355 I chatty  : uid=1000(system) ConnectivitySer expire 47 lines
06-28 12:07:59.287  1263  1263 W wificond: Scan is not started. Ignore abort request
06-28 12:07:59.616  1985  6694 I chatty  : uid=1000(system) Binder:1985_17 expire 6 lines
06-28 12:07:59.837   967   984 E NetlinkEvent: NetlinkEvent::FindParam(): Parameter 'INTERFACE' not found
06-28 12:07:59.837   967   984 E NetlinkEvent: NetlinkEvent::FindParam(): Parameter 'STATE' not found
06-28 12:07:59.837   967   984 E NetlinkEvent: NetlinkEvent::FindParam(): Parameter 'TIME_NS' not found
06-28 12:07:59.837   967   984 E NetlinkEvent: NetlinkEvent::FindParam(): Parameter 'UID' not found
06-28 12:08:00.054  1985  2039 I chatty  : uid=1000(system) ActivityManager expire 1 line
06-28 12:08:02.300  1263  1263 W wificond: Scan is not started. Ignore abort request
06-28 12:08:03.009   967   984 E NetlinkEvent: NetlinkEvent::FindParam(): Parameter 'INTERFACE' not found
06-28 12:08:03.009   967   984 E NetlinkEvent: NetlinkEvent::FindParam(): Parameter 'STATE' not found
06-28 12:08:03.009   967   984 E NetlinkEvent: NetlinkEvent::FindParam(): Parameter 'TIME_NS' not found
06-28 12:08:03.009   967   984 E NetlinkEvent: NetlinkEvent::FindParam(): Parameter 'UID' not found
06-28 12:08:03.160  1985  2009 I chatty  : uid=1000(system) Binder:1985_1 expire 1 line
06-28 12:08:03.180  1985 14969 I chatty  : uid=1000(system) Binder:1985_1F expire 1 line
06-28 12:08:03.213  1985  2355 I Nat464Xlat: Stopping clatd on wlan0
06-28 12:08:03.270  1985  2039 W BroadcastQueue: Background execution not allowed: receiving Intent { act=android.net.conn.NETWORK_CONDITIONS_MEASURED flg=0x10 (has extras) } to com.google.android.gms/.chimera.GmsIntentOperationService$PersistentTrustedReceiver
06-28 12:08:03.368  1985  2355 D ConnectivityService: NetworkAgentInfo [WIFI () - 383] validation passed
06-28 12:08:03.369  1985  2355 D ConnectivityService: Lingering NetworkAgentInfo [MOBILE (LTE) - 376] for 29634ms
06-28 12:08:03.396  1985 14969 W BroadcastQueue: Background execution not allowed: receiving Intent { act=android.net.wifi.STATE_CHANGE flg=0x4000010 (has extras) } to com.motorola.motosound/.receiver.WifiBroadcastReceiver
06-28 12:08:03.404  1985 14969 W BroadcastQueue: Background execution not allowed: receiving Intent { act=android.net.wifi.STATE_CHANGE flg=0x4000010 (has extras) } to com.motorola.motosound/.receiver.WifiBroadcastReceiver
06-28 12:08:03.440  1985  2355 D ConnectivityService: NetworkAgentInfo [WIFI () - 383] EVENT_NETWORK_INFO_CHANGED, going from CONNECTED to DISCONNECTED
06-28 12:08:03.441  1985  3440 W BroadcastQueue: Background execution not allowed: receiving Intent { act=android.net.wifi.STATE_CHANGE flg=0x4000010 (has extras) } to com.motorola.motosound/.receiver.WifiBroadcastReceiver
06-28 12:08:03.441  1985  2355 D ConnectivityService: NetworkAgentInfo [WIFI () - 383] got DISCONNECTED, was satisfying 28
06-28 12:08:03.480  1985  2355 D ConnectivityService: Sending DISCONNECTED broadcast for type 1 NetworkAgentInfo [WIFI () - 383] isDefaultNetwork=true
06-28 12:08:03.486  1985  2355 D ConnectivityService: Switching to new default network: NetworkAgentInfo{ ni{[type: MOBILE[LTE], state: CONNECTED/CONNECTED, reason: connected, extra: internet.itelcel.com, failover: false, available: true, roaming: false]}  network{376}  nethandle{1618313400333}  lp{{InterfaceName: rmnet_data0 LinkAddresses: [10.5.106.167/28,]  Routes: [0.0.0.0/0 -> 10.5.106.168 rmnet_data0,10.5.106.160/28 -> 0.0.0.0 rmnet_data0,] DnsAddresses: [10.255.50.60,] UsePrivateDns: false PrivateDnsServerName: null Domains: null MTU: 1410 TcpBufferSizes: 524288,1048576,8388608,262144,524288,4194304}}  nc{[ Transports: CELLULAR Capabilities: DUN&INTERNET&NOT_RESTRICTED&TRUSTED&NOT_VPN&NOT_ROAMING&FOREGROUND&NOT_CONGESTED&NOT_SUSPENDED Unwanted:  LinkUpBandwidth>=51200Kbps LinkDnBandwidth>=102400Kbps Specifier: <1>]}  Score{10}  everValidated{false}  lastValidated{false}  created{true} lingering{true} explicitlySelected{false} acceptUnvalidated{false} everCaptivePortalDetected{false} lastCaptivePortalDetected{false} clat{null} }
06-28 12:08:03.502  1985  3465 W ActivityManager: Background start not allowed: service Intent { act=Orca.START cmp=com.instagram.android/com.facebook.rti.push.service.FbnsService (has extras) } to com.instagram.android/com.facebook.rti.push.service.FbnsService from pid=11155 uid=10165 pkg=com.instagram.android startFg?=false
06-28 12:08:03.528  1985  2355 D ConnectivityService: Unlingering NetworkAgentInfo [MOBILE (LTE) - 376]
06-28 12:08:03.528  1985  2355 D ConnectivityService: Sending CONNECTED broadcast for type 0 NetworkAgentInfo [MOBILE (LTE) - 376] isDefaultNetwork=true
06-28 12:08:03.549  1985  2909 W ActivityManager: Background start not allowed: service Intent { act=Orca.START cmp=com.instagram.android/com.facebook.rti.push.service.FbnsService (has extras) } to com.instagram.android/com.facebook.rti.push.service.FbnsService from pid=11155 uid=10165 pkg=com.instagram.android startFg?=false
06-28 12:08:05.660  1263  1263 W wificond: Scan is not started. Ignore abort request
