06-28 10:39:33.165   967   984 E NetlinkEvent: NetlinkEvent::FindParam(): Parameter 'INTERFACE' not found
06-28 10:39:33.165   967   984 E NetlinkEvent: NetlinkEvent::FindParam(): Parameter 'STATE' not found
06-28 10:39:33.165   967   984 E NetlinkEvent: NetlinkEvent::FindParam(): Parameter 'TIME_NS' not found
06-28 10:39:33.165   967   984 E NetlinkEvent: NetlinkEvent::FindParam(): Parameter 'UID' not found
06-28 10:39:33.285  1985 16273 I chatty  : uid=1000(system) Binder:1985_20 expire 1 line
06-28 10:39:39.698  1985  2203 I chatty  : uid=1000(system) UEventObserver expire 1 line
06-28 10:39:41.934  1985 10247 I chatty  : uid=1000(system) Binder:1985_1B expire 1 line
06-28 10:39:52.980  1262  1396 E storaged: getDiskStats failed with result NOT_SUPPORTED and size 0
06-28 10:39:53.803  1263  1263 W wificond: Scan aborted
06-28 10:39:53.839  1985  2355 I chatty  : uid=1000(system) ConnectivitySer expire 29 lines
06-28 10:39:56.155  1263  1263 W wificond: Scan is not started. Ignore abort request
06-28 10:39:56.229  1985  3458 I chatty  : uid=1000(system) Binder:1985_E expire 4 lines
06-28 10:39:56.585  1985  2198 I chatty  : uid=1000(system) Binder:1985_3 expire 1 line
06-28 10:39:56.659   967   984 E NetlinkEvent: NetlinkEvent::FindParam(): Parameter 'INTERFACE' not found
06-28 10:39:56.659   967   984 E NetlinkEvent: NetlinkEvent::FindParam(): Parameter 'STATE' not found
06-28 10:39:56.659   967   984 E NetlinkEvent: NetlinkEvent::FindParam(): Parameter 'TIME_NS' not found
06-28 10:39:56.660   967   984 E NetlinkEvent: NetlinkEvent::FindParam(): Parameter 'UID' not found
06-28 10:39:56.963  1985  3465 I chatty  : uid=1000(system) Binder:1985_14 expire 9 lines
06-28 10:39:59.214  1263  1263 W wificond: Scan is not started. Ignore abort request
06-28 10:39:59.537  1985  2355 I chatty  : uid=1000(system) ConnectivitySer expire 42 lines
06-28 10:39:59.537  1985  2009 I chatty  : uid=1000(system) Binder:1985_1 expire 3 lines
06-28 10:39:59.564  1985  3462 I chatty  : uid=1000(system) Binder:1985_11 expire 3 lines
06-28 10:39:59.621   967   984 E NetlinkEvent: NetlinkEvent::FindParam(): Parameter 'INTERFACE' not found
06-28 10:39:59.621   967   984 E NetlinkEvent: NetlinkEvent::FindParam(): Parameter 'STATE' not found
06-28 10:39:59.621   967   984 E NetlinkEvent: NetlinkEvent::FindParam(): Parameter 'TIME_NS' not found
06-28 10:39:59.621   967   984 E NetlinkEvent: NetlinkEvent::FindParam(): Parameter 'UID' not found
06-28 10:39:59.727  1985  2429 I chatty  : uid=1000(system) Binder:1985_4 expire 10 lines
06-28 10:39:59.742  1985  3425 I chatty  : uid=1000(system) Binder:1985_A expire 7 lines
06-28 10:40:00.070  1985  2039 I chatty  : uid=1000(system) ActivityManager expire 10 lines
06-28 10:40:00.090  1985  8760 I chatty  : uid=1000(system) Binder:1985_1A expire 2 lines
06-28 10:40:02.508  1263  1263 W wificond: Scan is not started. Ignore abort request
06-28 10:40:02.587  1985  2945 I chatty  : uid=1000(system) Binder:1985_9 expire 6 lines
06-28 10:40:02.791  1985  2346 I chatty  : uid=1000(system) WifiStateMachin expire 6 lines
06-28 10:40:03.288  1985  3464 I chatty  : uid=1000(system) Binder:1985_13 expire 8 lines
06-28 10:40:03.357   967   984 E NetlinkEvent: NetlinkEvent::FindParam(): Parameter 'INTERFACE' not found
06-28 10:40:03.357   967   984 E NetlinkEvent: NetlinkEvent::FindParam(): Parameter 'STATE' not found
06-28 10:40:03.357   967   984 E NetlinkEvent: NetlinkEvent::FindParam(): Parameter 'TIME_NS' not found
06-28 10:40:03.357   967   984 E NetlinkEvent: NetlinkEvent::FindParam(): Parameter 'UID' not found
06-28 10:40:20.765  1985  3458 I chatty  : uid=1000(system) Binder:1985_E expire 12 lines
06-28 10:40:20.833  1985  3440 I chatty  : uid=1000(system) Binder:1985_C expire 7 lines
06-28 10:40:22.928  1263  1263 W wificond: Scan is not started. Ignore abort request
06-28 10:40:22.946  1985  3459 I chatty  : uid=1000(system) Binder:1985_F expire 12 lines
06-28 10:40:23.080  1985  2355 I chatty  : uid=1000(system) ConnectivitySer expire 78 lines
06-28 10:40:23.495   967   984 E NetlinkEvent: NetlinkEvent::FindParam(): Parameter 'INTERFACE' not found
06-28 10:40:23.495   967   984 E NetlinkEvent: NetlinkEvent::FindParam(): Parameter 'STATE' not found
06-28 10:40:23.495   967   984 E NetlinkEvent: NetlinkEvent::FindParam(): Parameter 'TIME_NS' not found
06-28 10:40:23.495   967   984 E NetlinkEvent: NetlinkEvent::FindParam(): Parameter 'UID' not found
06-28 10:40:23.959  1985 14969 I chatty  : uid=1000(system) Binder:1985_1F expire 4 lines
06-28 10:40:26.264  1263  1263 W wificond: Scan is not started. Ignore abort request
06-28 10:40:26.673   967   984 E NetlinkEvent: NetlinkEvent::FindParam(): Parameter 'INTERFACE' not found
06-28 10:40:26.673   967   984 E NetlinkEvent: NetlinkEvent::FindParam(): Parameter 'STATE' not found
06-28 10:40:26.673   967   984 E NetlinkEvent: NetlinkEvent::FindParam(): Parameter 'TIME_NS' not found
06-28 10:40:26.673   967   984 E NetlinkEvent: NetlinkEvent::FindParam(): Parameter 'UID' not found
06-28 10:40:26.768  1985  2909 I chatty  : uid=1000(system) Binder:1985_8 expire 1 line
06-28 10:40:27.080  1985 11882 I chatty  : uid=1000(system) Binder:1985_1D expire 1 line
06-28 10:40:27.148  1985  3450 I chatty  : uid=1000(system) Binder:1985_D expire 1 line
06-28 10:40:27.165  1985 10881 I chatty  : uid=1000(system) Binder:1985_1C expire 2 lines
06-28 10:40:29.356  1263  1263 W wificond: Scan is not started. Ignore abort request
06-28 10:40:29.766   967   984 E NetlinkEvent: NetlinkEvent::FindParam(): Parameter 'INTERFACE' not found
06-28 10:40:29.766   967   984 E NetlinkEvent: NetlinkEvent::FindParam(): Parameter 'STATE' not found
06-28 10:40:29.766   967   984 E NetlinkEvent: NetlinkEvent::FindParam(): Parameter 'TIME_NS' not found
06-28 10:40:29.766   967   984 E NetlinkEvent: NetlinkEvent::FindParam(): Parameter 'UID' not found
06-28 10:40:30.062  1985  2039 I chatty  : uid=1000(system) ActivityManager expire 3 lines
06-28 10:40:30.552  1985 10247 I chatty  : uid=1000(system) Binder:1985_1B expire 3 lines
06-28 10:40:32.689  1263  1263 W wificond: Scan is not started. Ignore abort request
06-28 10:40:32.706  1985  3461 I chatty  : uid=1000(system) Binder:1985_10 expire 3 lines
06-28 10:40:33.160   967   984 E NetlinkEvent: NetlinkEvent::FindParam(): Parameter 'INTERFACE' not found
06-28 10:40:33.160   967   984 E NetlinkEvent: NetlinkEvent::FindParam(): Parameter 'STATE' not found
06-28 10:40:33.160   967   984 E NetlinkEvent: NetlinkEvent::FindParam(): Parameter 'TIME_NS' not found
06-28 10:40:33.160   967   984 E NetlinkEvent: NetlinkEvent::FindParam(): Parameter 'UID' not found
06-28 10:40:33.205  1985  2355 I chatty  : uid=1000(system) ConnectivitySer expire 14 lines
06-28 10:40:39.857  1985  2203 I chatty  : uid=1000(system) UEventObserver expire 1 line
06-28 10:40:41.972  1985  2041 I chatty  : uid=1000(system) ActivityManager expire 2 lines
06-28 10:40:42.659 25941 25963 E SchedPolicy: set_timerslack_ns write failed: Operation not permitted
06-28 10:40:48.208  1985  3459 I chatty  : uid=1000(system) Binder:1985_F expire 1 line
06-28 10:40:50.266  1263  1263 W wificond: Scan is not started. Ignore abort request
06-28 10:40:50.428  1985  2355 I chatty  : uid=1000(system) ConnectivitySer expire 9 lines
06-28 10:40:50.600  1985 16273 I chatty  : uid=1000(system) Binder:1985_20 expire 1 line
06-28 10:40:50.646  1985  2355 I chatty  : uid=1000(system) ConnectivitySer expire 16 lines
06-28 10:40:50.649   967   984 E NetlinkEvent: NetlinkEvent::FindParam(): Parameter 'INTERFACE' not found
06-28 10:40:50.649   967   984 E NetlinkEvent: NetlinkEvent::FindParam(): Parameter 'STATE' not found
06-28 10:40:50.649   967   984 E NetlinkEvent: NetlinkEvent::FindParam(): Parameter 'TIME_NS' not found
06-28 10:40:50.649   967   984 E NetlinkEvent: NetlinkEvent::FindParam(): Parameter 'UID' not found
06-28 10:40:50.800  1985  2198 I chatty  : uid=1000(system) Binder:1985_3 expire 1 line
06-28 10:40:50.835  1985 11882 I chatty  : uid=1000(system) Binder:1985_1D expire 5 lines
06-28 10:40:50.932  1985  2039 I chatty  : uid=1000(system) ActivityManager expire 10 lines
06-28 10:40:52.981  1262  1396 E storaged: getDiskStats failed with result NOT_SUPPORTED and size 0
06-28 10:41:04.647  1985  3462 I chatty  : uid=1000(system) Binder:1985_11 expire 1 line
06-28 10:41:08.954  1985 13540 I chatty  : uid=1000(system) Binder:1985_1E expire 2 lines
06-28 10:41:15.359  1985  3440 I chatty  : uid=1000(system) Binder:1985_C expire 7 lines
06-28 10:41:27.876  1985  2047 I chatty  : uid=1000(system) batterystats-wo expire 2 lines
06-28 10:41:40.017  1985  2203 I chatty  : uid=1000(system) UEventObserver expire 9 lines
06-28 10:41:40.969  1985  3465 I chatty  : uid=1000(system) Binder:1985_14 expire 1 line
06-28 10:41:40.970  1985 10247 I chatty  : uid=1000(system) Binder:1985_1B expire 1 line
06-28 10:41:41.423  1985  2041 I chatty  : uid=1000(system) ActivityManager expire 10 lines
06-28 10:41:45.309  3176 11339 D ProcSpeedReader: Failed to read freq stats from null
06-28 10:41:45.317  1985  2078 I chatty  : uid=1000(system) PackageManager expire 3 lines
06-28 10:41:45.929  1985  2040 I chatty  : uid=1000(system) android.ui expire 3 lines
06-28 10:41:45.931  1985  2062 I chatty  : uid=1000(system) android.display expire 9 lines
06-28 10:41:46.281  1985  2039 I chatty  : uid=1000(system) ActivityManager expire 23 lines
06-28 10:41:46.367  1985  3461 I chatty  : uid=1000(system) Binder:1985_10 expire 7 lines
06-28 10:41:46.600  1985  3458 I chatty  : uid=1000(system) Binder:1985_E expire 4 lines
06-28 10:41:48.141  1985  2009 I chatty  : uid=1000(system) Binder:1985_1 expire 8 lines
06-28 10:41:48.156  1985 14969 I chatty  : uid=1000(system) Binder:1985_1F expire 4 lines
06-28 10:41:48.676  1985 10881 I chatty  : uid=1000(system) Binder:1985_1C expire 2 lines
06-28 10:41:48.893  3176 11339 D ProcSpeedReader: Failed to read freq stats from null
06-28 10:41:49.533  3176 11339 D ProcSpeedReader: Failed to read freq stats from null
06-28 10:41:50.812  1985  2037 I chatty  : uid=1000(system) android.bg expire 1 line
06-28 10:41:50.922  1985  1985 I chatty  : uid=1000 system_server expire 11 lines
06-28 10:41:51.011  1985  2355 I chatty  : uid=1000(system) ConnectivitySer expire 14 lines
06-28 10:41:51.281  1985  5299 I chatty  : uid=1000(system) Binder:1985_16 expire 1 line
06-28 10:41:51.975  1985  2439 I chatty  : uid=1000(system) Binder:1985_5 expire 2 lines
06-28 10:41:52.982  1262  1396 E storaged: getDiskStats failed with result NOT_SUPPORTED and size 0
06-28 10:42:03.504  1263  1263 W wificond: Scan aborted
06-28 10:42:03.698  1985  2909 I chatty  : uid=1000(system) Binder:1985_8 expire 3 lines
06-28 10:42:05.978  1263  1263 W wificond: Scan is not started. Ignore abort request
06-28 10:42:06.212  1985  2346 I chatty  : uid=1000(system) WifiStateMachin expire 2 lines
06-28 10:42:06.213  1985  2355 I chatty  : uid=1000(system) ConnectivitySer expire 42 lines
06-28 10:42:06.638  1985  2945 I chatty  : uid=1000(system) Binder:1985_9 expire 1 line
06-28 10:42:06.720   967   984 E NetlinkEvent: NetlinkEvent::FindParam(): Parameter 'INTERFACE' not found
06-28 10:42:06.720   967   984 E NetlinkEvent: NetlinkEvent::FindParam(): Parameter 'STATE' not found
06-28 10:42:06.720   967   984 E NetlinkEvent: NetlinkEvent::FindParam(): Parameter 'TIME_NS' not found
06-28 10:42:06.720   967   984 E NetlinkEvent: NetlinkEvent::FindParam(): Parameter 'UID' not found
06-28 10:42:07.554  1985  2039 I chatty  : uid=1000(system) ActivityManager expire 11 lines
06-28 10:42:12.041  1263  1263 W wificond: Scan is not started. Ignore abort request
06-28 10:42:12.257  1985  7089 I chatty  : uid=1000(system) Binder:1985_18 expire 3 lines
06-28 10:42:12.426  1985  2481 I chatty  : uid=1000(system) Binder:1985_6 expire 8 lines
06-28 10:42:12.556  1985  6694 I chatty  : uid=1000(system) Binder:1985_17 expire 1 line
06-28 10:42:12.616   967   984 E NetlinkEvent: NetlinkEvent::FindParam(): Parameter 'INTERFACE' not found
06-28 10:42:12.617   967   984 E NetlinkEvent: NetlinkEvent::FindParam(): Parameter 'STATE' not found
06-28 10:42:12.617   967   984 E NetlinkEvent: NetlinkEvent::FindParam(): Parameter 'TIME_NS' not found
06-28 10:42:12.617   967   984 E NetlinkEvent: NetlinkEvent::FindParam(): Parameter 'UID' not found
06-28 10:42:24.090  1985  2513 I chatty  : uid=1000(system) Binder:1985_7 expire 6 lines
06-28 10:42:30.634  1985  3463 I chatty  : uid=1000(system) Binder:1985_12 expire 3 lines
06-28 10:42:52.983  1262  1396 E storaged: getDiskStats failed with result NOT_SUPPORTED and size 0
06-28 10:43:06.189  1985  2355 I chatty  : uid=1000(system) ConnectivitySer expire 8 lines
06-28 10:43:52.985  1262  1396 E storaged: getDiskStats failed with result NOT_SUPPORTED and size 0
06-28 10:44:02.195  1985  1985 I chatty  : uid=1000 system_server expire 6 lines
06-28 10:44:17.425  1985  2039 I chatty  : uid=1000(system) ActivityManager expire 7 lines
06-28 10:44:52.986  1262  1396 E storaged: getDiskStats failed with result NOT_SUPPORTED and size 0
06-28 10:45:15.048  3176 11339 D ProcSpeedReader: Failed to read freq stats from null
06-28 10:45:15.075  3176 11339 D ProcSpeedReader: Failed to read freq stats from null
06-28 10:45:17.978  3176 11339 D ProcSpeedReader: Failed to read freq stats from null
06-28 10:45:18.006  3176 11339 D ProcSpeedReader: Failed to read freq stats from null
06-28 10:45:21.367  1985  2041 I chatty  : uid=1000(system) ActivityManager expire 2 lines
06-28 10:45:52.987  1262  1396 E storaged: getDiskStats failed with result NOT_SUPPORTED and size 0
06-28 10:46:22.425 28106 27536 E ActivityThread: Failed to find provider info for com.facebook.appmanager.attribution
06-28 10:46:52.988  1262  1396 E storaged: getDiskStats failed with result NOT_SUPPORTED and size 0
06-28 10:47:12.753  1985  2429 I chatty  : uid=1000(system) Binder:1985_4 expire 4 lines
06-28 10:47:52.989  1262  1396 E storaged: getDiskStats failed with result NOT_SUPPORTED and size 0
06-28 10:48:52.990  1262  1396 E storaged: getDiskStats failed with result NOT_SUPPORTED and size 0
06-28 10:49:41.298  1985  2203 I chatty  : uid=1000(system) UEventObserver expire 10 lines
06-28 10:49:41.916  1985  2039 I chatty  : uid=1000(system) ActivityManager expire 10 lines
06-28 10:49:41.920  1985  2355 I chatty  : uid=1000(system) ConnectivitySer expire 15 lines
06-28 10:49:52.992  1262  1396 E storaged: getDiskStats failed with result NOT_SUPPORTED and size 0
06-28 10:50:24.043  1985  3458 I chatty  : uid=1000(system) Binder:1985_E expire 6 lines
06-28 10:50:52.993  1262  1396 E storaged: getDiskStats failed with result NOT_SUPPORTED and size 0
06-28 10:51:23.729  1985  2041 I chatty  : uid=1000(system) ActivityManager expire 13 lines
06-28 10:51:28.538  1985  3461 I chatty  : uid=1000(system) Binder:1985_10 expire 10 lines
06-28 10:51:52.994  1262  1396 E storaged: getDiskStats failed with result NOT_SUPPORTED and size 0
06-28 10:52:52.996  1262  1396 E storaged: getDiskStats failed with result NOT_SUPPORTED and size 0
06-28 10:53:15.310  1985  3464 I chatty  : uid=1000(system) Binder:1985_13 expire 9 lines
06-28 10:53:15.748  1985  2481 I chatty  : uid=1000(system) Binder:1985_6 expire 8 lines
06-28 10:53:24.084  1985 11882 I chatty  : uid=1000(system) Binder:1985_1D expire 8 lines
06-28 10:53:52.998  1262  1396 E storaged: getDiskStats failed with result NOT_SUPPORTED and size 0
06-28 10:54:28.842  1985  1985 I chatty  : uid=1000 system_server expire 10 lines
06-28 10:54:53.000  1262  1396 E storaged: getDiskStats failed with result NOT_SUPPORTED and size 0
06-28 10:55:53.001  1262  1396 E storaged: getDiskStats failed with result NOT_SUPPORTED and size 0
06-28 10:56:13.895  1985  7089 I chatty  : uid=1000(system) Binder:1985_18 expire 1 line
06-28 10:56:32.900  2448  2448 V DeadZone: consuming errant click: (557.0,35.0)
06-28 10:56:32.901  2448  2448 V DeadZone: consuming errant click: (557.0,35.0)
06-28 10:56:33.691  1985  2317 I chatty  : uid=1000(system) InputDispatcher expire 1 line
06-28 10:56:33.724  3176 11339 D ProcSpeedReader: Failed to read freq stats from null
06-28 10:56:33.757  3176 11339 D ProcSpeedReader: Failed to read freq stats from null
06-28 10:56:34.016  1985  2062 I chatty  : uid=1000(system) android.display expire 7 lines
06-28 10:56:36.251  3176 11339 D ProcSpeedReader: Failed to read freq stats from null
06-28 10:56:36.332  3176 11339 D ProcSpeedReader: Failed to read freq stats from null
06-28 10:56:38.374  1985  2047 I chatty  : uid=1000(system) batterystats-wo expire 2 lines
06-28 10:56:51.103  3176 11339 D ProcSpeedReader: Failed to read freq stats from null
06-28 10:56:51.112  3176 11339 D ProcSpeedReader: Failed to read freq stats from null
06-28 10:56:52.898  1985  8760 I chatty  : uid=1000(system) Binder:1985_1A expire 9 lines
06-28 10:56:52.903  3176 11339 D ProcSpeedReader: Failed to read freq stats from null
06-28 10:56:52.915  3176 11339 D ProcSpeedReader: Failed to read freq stats from null
06-28 10:56:53.002  1262  1396 E storaged: getDiskStats failed with result NOT_SUPPORTED and size 0
06-28 10:56:54.421  1985  2345 I chatty  : uid=1000(system) WifiService expire 2 lines
06-28 10:56:54.544  1263  1263 W wificond: Scan aborted
06-28 10:56:54.746  1985  4486 I chatty  : uid=1000(system) Binder:1985_15 expire 7 lines
06-28 10:56:55.007  1985 29065 I chatty  : uid=1000 system_server expire 1 line
06-28 10:56:55.016  1985  2346 I chatty  : uid=1000(system) WifiStateMachin expire 2 lines
06-28 10:56:55.063  1263  1263 W wificond: Scan aborted
06-28 10:56:55.347  1985  2355 I chatty  : uid=1000(system) ConnectivitySer expire 19 lines
06-28 10:56:55.497   967   984 E NetlinkEvent: NetlinkEvent::FindParam(): Parameter 'INTERFACE' not found
06-28 10:56:55.497   967   984 E NetlinkEvent: NetlinkEvent::FindParam(): Parameter 'STATE' not found
06-28 10:56:55.497   967   984 E NetlinkEvent: NetlinkEvent::FindParam(): Parameter 'TIME_NS' not found
06-28 10:56:55.497   967   984 E NetlinkEvent: NetlinkEvent::FindParam(): Parameter 'UID' not found
06-28 10:56:55.609  1985 10881 I chatty  : uid=1000(system) Binder:1985_1C expire 4 lines
06-28 10:56:55.626  1985  3462 I chatty  : uid=1000(system) Binder:1985_11 expire 6 lines
06-28 10:56:57.216 29161 29161 D ActivityThread: Loading provider com.google.android.gmail.provider;com.google.android.gm.email.provider;com.google.android.gm.tasks.provider;com.google.android.gm.email.notifier: com.android.email.provider.EmailProvider
06-28 10:56:57.247 29071 29071 W ActivityThread: serviceCreate starts in 2057 ms, CreateServiceData = CreateServiceData{token=android.os.BinderProxy@17a686e className=com.facebook.rti.push.service.FbnsService packageName=com.instagram.android intent=null}
06-28 10:56:57.272 29161 29161 D ActivityThread: Loading provider com.google.android.gm.sapi: com.google.android.gm.sapi.SapiUiProvider
06-28 10:56:59.082 29137 29137 W ActivityThread: serviceCreate starts in 3035 ms, CreateServiceData = CreateServiceData{token=android.os.BinderProxy@73a471f className=androidx.work.impl.background.systemjob.SystemJobService packageName=com.google.android.youtube intent=null}
06-28 10:56:59.480  1985  2945 I chatty  : uid=1000(system) Binder:1985_9 expire 10 lines
06-28 10:56:59.774 29161 29161 W ActivityThread: serviceCreate starts in 3698 ms, CreateServiceData = CreateServiceData{token=android.os.BinderProxy@fad9101 className=com.google.android.gm.provider.GmailImapSyncAdapterService packageName=com.google.android.gm intent=null}
06-28 10:57:00.071  1985  2041 I chatty  : uid=1000(system) ActivityManager expire 11 lines
06-28 10:57:01.045  1985  3425 I chatty  : uid=1000(system) Binder:1985_A expire 1 line
06-28 10:57:01.215 29123 29123 W ActivityThread: serviceCreate starts in 5216 ms, CreateServiceData = CreateServiceData{token=android.os.BinderProxy@471a7c7 className=com.facebook.analytics2.logger.LollipopUploadService packageName=com.facebook.orca intent=null}
06-28 10:57:02.040 29184 29184 W ActivityThread: serviceCreate starts in 5798 ms, CreateServiceData = CreateServiceData{token=android.os.BinderProxy@a1efc05 className=androidx.work.impl.background.systemjob.SystemJobService packageName=com.linkedin.android intent=null}
06-28 10:57:03.455  1985 14969 I chatty  : uid=1000(system) Binder:1985_1F expire 2 lines
06-28 10:57:10.901  1985  3439 I chatty  : uid=1000(system) Binder:1985_B expire 2 lines
06-28 10:57:11.696  1985  2039 I chatty  : uid=1000(system) ActivityManager expire 11 lines
06-28 10:57:14.347  3176 11339 D ProcSpeedReader: Failed to read freq stats from null
06-28 10:57:14.377  3176 11339 D ProcSpeedReader: Failed to read freq stats from null
06-28 10:57:14.753  1985  2355 I chatty  : uid=1000(system) ConnectivitySer expire 10 lines
06-28 10:57:18.631  3176 11339 D ProcSpeedReader: Failed to read freq stats from null
06-28 10:57:18.678  3176 11339 D ProcSpeedReader: Failed to read freq stats from null
06-28 10:57:24.393  1985  2513 I chatty  : uid=1000(system) Binder:1985_7 expire 5 lines
06-28 10:57:25.092  1985  2040 I chatty  : uid=1000(system) android.ui expire 1 line
06-28 10:57:26.568  1263  1263 W wificond: Scan is not started. Ignore abort request
06-28 10:57:26.584  1985 16273 I chatty  : uid=1000(system) Binder:1985_20 expire 2 lines
06-28 10:57:26.706  1985  2355 I chatty  : uid=1000(system) ConnectivitySer expire 18 lines
06-28 10:57:27.233   967   984 E NetlinkEvent: NetlinkEvent::FindParam(): Parameter 'INTERFACE' not found
06-28 10:57:27.233   967   984 E NetlinkEvent: NetlinkEvent::FindParam(): Parameter 'STATE' not found
06-28 10:57:27.233   967   984 E NetlinkEvent: NetlinkEvent::FindParam(): Parameter 'TIME_NS' not found
06-28 10:57:27.233   967   984 E NetlinkEvent: NetlinkEvent::FindParam(): Parameter 'UID' not found
06-28 10:57:29.260  1985 10247 I chatty  : uid=1000(system) Binder:1985_1B expire 1 line
06-28 10:57:29.273  3176 11339 D ProcSpeedReader: Failed to read freq stats from null
06-28 10:57:29.301  3176 11339 D ProcSpeedReader: Failed to read freq stats from null
06-28 10:57:29.544  1985  1985 I chatty  : uid=1000 system_server expire 7 lines
06-28 10:57:31.665  3176 11339 D ProcSpeedReader: Failed to read freq stats from null
06-28 10:57:31.707  3176 11339 D ProcSpeedReader: Failed to read freq stats from null
06-28 10:57:42.576  1985  2203 I chatty  : uid=1000(system) UEventObserver expire 1 line
06-28 10:57:50.664  3176 11339 D ProcSpeedReader: Failed to read freq stats from null
06-28 10:57:50.696  3176 11339 D ProcSpeedReader: Failed to read freq stats from null
06-28 10:57:51.403  1985  3465 I chatty  : uid=1000(system) Binder:1985_14 expire 3 lines
06-28 10:57:52.057  1985  2355 I chatty  : uid=1000(system) ConnectivitySer expire 3 lines
06-28 10:57:52.517  1985  8552 I chatty  : uid=1000(system) Binder:1985_19 expire 4 lines
06-28 10:57:53.006  1262  1396 E storaged: getDiskStats failed with result NOT_SUPPORTED and size 0
06-28 10:57:53.897  1985  2060 I chatty  : uid=1000(system) android.fg expire 1 line
06-28 10:57:55.152 30439 30439 W ActivityThread: serviceCreate starts in 2019 ms, CreateServiceData = CreateServiceData{token=android.os.BinderProxy@5ece99e className=com.google.android.finsky.billing.iab.InAppBillingService packageName=com.android.vending intent=null}
06-28 10:57:56.623  1985  2041 I chatty  : uid=1000(system) ActivityManager expire 2 lines
06-28 10:58:03.228  1985  2439 I chatty  : uid=1000(system) Binder:1985_5 expire 2 lines
06-28 10:58:03.246  1985  3450 I chatty  : uid=1000(system) Binder:1985_D expire 10 lines
06-28 10:58:03.253  1985  2429 I chatty  : uid=1000(system) Binder:1985_4 expire 7 lines
06-28 10:58:03.253  1985  2513 I chatty  : uid=1000(system) Binder:1985_7 expire 4 lines
06-28 10:58:03.253  1985  3458 I chatty  : uid=1000(system) Binder:1985_E expire 1 line
06-28 10:58:03.253  1985  3425 I chatty  : uid=1000(system) Binder:1985_A expire 8 lines
06-28 10:58:03.254  1985  2355 I chatty  : uid=1000(system) ConnectivitySer expire 16 lines
06-28 10:58:03.509  1985  2945 I chatty  : uid=1000(system) Binder:1985_9 expire 1 line
06-28 10:58:04.038  1985  8760 I chatty  : uid=1000(system) Binder:1985_1A expire 7 lines
06-28 10:58:04.438  1985  1985 I chatty  : uid=1000 system_server expire 6 lines
06-28 10:58:05.305  1985  2041 I chatty  : uid=1000(system) ActivityManager expire 8 lines
06-28 10:58:07.055  1985 16273 I chatty  : uid=1000(system) Binder:1985_20 expire 4 lines
06-28 10:58:16.277  1985  2009 I chatty  : uid=1000(system) Binder:1985_1 expire 1 line
06-28 10:58:16.277  1985 10881 I chatty  : uid=1000(system) Binder:1985_1C expire 4 lines
06-28 10:58:18.475  1263  1263 W wificond: Scan is not started. Ignore abort request
06-28 10:58:18.752  1985  2346 I chatty  : uid=1000(system) WifiStateMachin expire 4 lines
06-28 10:58:18.882  1985  2355 I chatty  : uid=1000(system) ConnectivitySer expire 32 lines
06-28 10:58:19.164   967   984 E NetlinkEvent: NetlinkEvent::FindParam(): Parameter 'INTERFACE' not found
06-28 10:58:19.165   967   984 E NetlinkEvent: NetlinkEvent::FindParam(): Parameter 'STATE' not found
06-28 10:58:19.165   967   984 E NetlinkEvent: NetlinkEvent::FindParam(): Parameter 'TIME_NS' not found
06-28 10:58:19.165   967   984 E NetlinkEvent: NetlinkEvent::FindParam(): Parameter 'UID' not found
06-28 10:58:20.453  1985 14969 I chatty  : uid=1000(system) Binder:1985_1F expire 9 lines
06-28 10:58:20.500  1985  2039 I chatty  : uid=1000(system) ActivityManager expire 12 lines
06-28 10:58:20.573  1985  3461 I chatty  : uid=1000(system) Binder:1985_10 expire 1 line
06-28 10:58:33.026  1985  6694 I chatty  : uid=1000(system) Binder:1985_17 expire 1 line
06-28 10:58:42.738  1985  2203 I chatty  : uid=1000(system) UEventObserver expire 2 lines
06-28 10:58:44.153  1985  4486 I chatty  : uid=1000(system) Binder:1985_15 expire 2 lines
06-28 10:58:53.011  1262  1396 E storaged: getDiskStats failed with result NOT_SUPPORTED and size 0
06-28 10:58:53.113  1985  2037 I chatty  : uid=1000(system) android.bg expire 1 line
06-28 10:59:07.635  1985 11882 I chatty  : uid=1000(system) Binder:1985_1D expire 2 lines
06-28 10:59:07.670  1985  7089 I chatty  : uid=1000(system) Binder:1985_18 expire 3 lines
06-28 10:59:07.671  1985  2355 I chatty  : uid=1000(system) ConnectivitySer expire 17 lines
06-28 10:59:16.069  1985  2010 I chatty  : uid=1000(system) Binder:1985_2 expire 4 lines
06-28 10:59:16.144  1985  8552 I chatty  : uid=1000(system) Binder:1985_19 expire 8 lines
06-28 10:59:18.519  1263  1263 W wificond: Scan is not started. Ignore abort request
06-28 10:59:18.644  1985  2355 I chatty  : uid=1000(system) ConnectivitySer expire 23 lines
06-28 10:59:19.347  1985  3464 I chatty  : uid=1000(system) Binder:1985_13 expire 1 line
06-28 10:59:19.430   967   984 E NetlinkEvent: NetlinkEvent::FindParam(): Parameter 'INTERFACE' not found
06-28 10:59:19.430   967   984 E NetlinkEvent: NetlinkEvent::FindParam(): Parameter 'STATE' not found
06-28 10:59:19.430   967   984 E NetlinkEvent: NetlinkEvent::FindParam(): Parameter 'TIME_NS' not found
06-28 10:59:19.430   967   984 E NetlinkEvent: NetlinkEvent::FindParam(): Parameter 'UID' not found
06-28 10:59:19.525  1985  3439 I chatty  : uid=1000(system) Binder:1985_B expire 6 lines
06-28 10:59:25.897  1985  2039 I chatty  : uid=1000(system) ActivityManager expire 8 lines
06-28 10:59:47.026  1985 13540 I chatty  : uid=1000(system) Binder:1985_1E expire 1 line
06-28 10:59:47.104  1985  5299 I chatty  : uid=1000(system) Binder:1985_16 expire 1 line
06-28 10:59:49.301  1263  1263 W wificond: Scan is not started. Ignore abort request
06-28 10:59:49.456  1985  2355 I chatty  : uid=1000(system) ConnectivitySer expire 25 lines
06-28 10:59:49.684   967   984 E NetlinkEvent: NetlinkEvent::FindParam(): Parameter 'INTERFACE' not found
06-28 10:59:49.684   967   984 E NetlinkEvent: NetlinkEvent::FindParam(): Parameter 'STATE' not found
06-28 10:59:49.684   967   984 E NetlinkEvent: NetlinkEvent::FindParam(): Parameter 'TIME_NS' not found
06-28 10:59:49.684   967   984 E NetlinkEvent: NetlinkEvent::FindParam(): Parameter 'UID' not found
06-28 10:59:49.804  1985  2909 I chatty  : uid=1000(system) Binder:1985_8 expire 3 lines
06-28 10:59:53.013  1262  1396 E storaged: getDiskStats failed with result NOT_SUPPORTED and size 0
06-28 11:00:13.832  1263  1263 W wificond: Scan is not started. Ignore abort request
06-28 11:00:13.986  1985  2355 I chatty  : uid=1000(system) ConnectivitySer expire 68 lines
06-28 11:00:14.437   967   984 E NetlinkEvent: NetlinkEvent::FindParam(): Parameter 'INTERFACE' not found
06-28 11:00:14.437   967   984 E NetlinkEvent: NetlinkEvent::FindParam(): Parameter 'STATE' not found
06-28 11:00:14.437   967   984 E NetlinkEvent: NetlinkEvent::FindParam(): Parameter 'TIME_NS' not found
06-28 11:00:14.437   967   984 E NetlinkEvent: NetlinkEvent::FindParam(): Parameter 'UID' not found
06-28 11:00:15.053  1985  2010 I chatty  : uid=1000(system) Binder:1985_2 expire 2 lines
06-28 11:00:15.146  1985 11882 I chatty  : uid=1000(system) Binder:1985_1D expire 3 lines
06-28 11:00:17.332  1263  1263 W wificond: Scan is not started. Ignore abort request
06-28 11:00:17.357  1985  7089 I chatty  : uid=1000(system) Binder:1985_18 expire 11 lines
06-28 11:00:17.481  1985  2346 I chatty  : uid=1000(system) WifiStateMachin expire 6 lines
06-28 11:00:17.899   967   984 E NetlinkEvent: NetlinkEvent::FindParam(): Parameter 'INTERFACE' not found
06-28 11:00:17.900   967   984 E NetlinkEvent: NetlinkEvent::FindParam(): Parameter 'STATE' not found
06-28 11:00:17.900   967   984 E NetlinkEvent: NetlinkEvent::FindParam(): Parameter 'TIME_NS' not found
06-28 11:00:17.900   967   984 E NetlinkEvent: NetlinkEvent::FindParam(): Parameter 'UID' not found
06-28 11:00:17.999  1985  3450 I chatty  : uid=1000(system) Binder:1985_D expire 3 lines
06-28 11:00:18.021  1985  3465 I chatty  : uid=1000(system) Binder:1985_14 expire 1 line
06-28 11:00:18.257  1985  2039 I chatty  : uid=1000(system) ActivityManager expire 10 lines
06-28 11:00:18.464  1985  2945 I chatty  : uid=1000(system) Binder:1985_9 expire 5 lines
06-28 11:00:18.537  1985  2481 I chatty  : uid=1000(system) Binder:1985_6 expire 3 lines
06-28 11:00:20.743  1263  1263 W wificond: Scan is not started. Ignore abort request
06-28 11:00:20.883  1985  8552 I chatty  : uid=1000(system) Binder:1985_19 expire 4 lines
06-28 11:00:21.078   967   984 E NetlinkEvent: NetlinkEvent::FindParam(): Parameter 'INTERFACE' not found
06-28 11:00:21.078   967   984 E NetlinkEvent: NetlinkEvent::FindParam(): Parameter 'STATE' not found
06-28 11:00:21.078   967   984 E NetlinkEvent: NetlinkEvent::FindParam(): Parameter 'TIME_NS' not found
06-28 11:00:21.078   967   984 E NetlinkEvent: NetlinkEvent::FindParam(): Parameter 'UID' not found
06-28 11:00:21.223  1985  3464 I chatty  : uid=1000(system) Binder:1985_13 expire 2 lines
06-28 11:00:21.597  1985  2047 I chatty  : uid=1000(system) batterystats-wo expire 1 line
06-28 11:00:21.937  1985  3462 I chatty  : uid=1000(system) Binder:1985_11 expire 1 line
06-28 11:00:22.013  1985  4486 I chatty  : uid=1000(system) Binder:1985_15 expire 3 lines
06-28 11:00:22.015  1985 10881 I chatty  : uid=1000(system) Binder:1985_1C expire 1 line
06-28 11:00:22.097  1985  5299 I chatty  : uid=1000(system) Binder:1985_16 expire 6 lines
06-28 11:00:24.163  1263  1263 W wificond: Scan is not started. Ignore abort request
06-28 11:00:24.189  1985  3463 I chatty  : uid=1000(system) Binder:1985_12 expire 10 lines
06-28 11:00:24.318  1985  2355 I chatty  : uid=1000(system) ConnectivitySer expire 22 lines
06-28 11:00:24.562  1985  2429 I chatty  : uid=1000(system) Binder:1985_4 expire 6 lines
06-28 11:00:24.625   967   984 E NetlinkEvent: NetlinkEvent::FindParam(): Parameter 'INTERFACE' not found
06-28 11:00:24.625   967   984 E NetlinkEvent: NetlinkEvent::FindParam(): Parameter 'STATE' not found
06-28 11:00:24.625   967   984 E NetlinkEvent: NetlinkEvent::FindParam(): Parameter 'TIME_NS' not found
06-28 11:00:24.625   967   984 E NetlinkEvent: NetlinkEvent::FindParam(): Parameter 'UID' not found
06-28 11:00:24.725  1985 13540 I chatty  : uid=1000(system) Binder:1985_1E expire 6 lines
06-28 11:00:43.004  1985  2203 I chatty  : uid=1000(system) UEventObserver expire 1 line
06-28 11:00:53.016  1262  1396 E storaged: getDiskStats failed with result NOT_SUPPORTED and size 0
06-28 11:00:54.612  1985  2355 I chatty  : uid=1000(system) ConnectivitySer expire 15 lines
06-28 11:01:15.153  1263  1263 W wificond: Scan aborted
06-28 11:01:15.320  1985  3439 I chatty  : uid=1000(system) Binder:1985_B expire 1 line
06-28 11:01:17.477  1263  1263 W wificond: Scan is not started. Ignore abort request
06-28 11:01:17.494  1985 14969 I chatty  : uid=1000(system) Binder:1985_1F expire 1 line
06-28 11:01:17.563  1985  2909 I chatty  : uid=1000(system) Binder:1985_8 expire 6 lines
06-28 11:01:17.651  1985  2355 I chatty  : uid=1000(system) ConnectivitySer expire 58 lines
06-28 11:01:18.184  1985  2009 I chatty  : uid=1000(system) Binder:1985_1 expire 6 lines
06-28 11:01:18.262   967   984 E NetlinkEvent: NetlinkEvent::FindParam(): Parameter 'INTERFACE' not found
06-28 11:01:18.262   967   984 E NetlinkEvent: NetlinkEvent::FindParam(): Parameter 'STATE' not found
06-28 11:01:18.262   967   984 E NetlinkEvent: NetlinkEvent::FindParam(): Parameter 'TIME_NS' not found
06-28 11:01:18.262   967   984 E NetlinkEvent: NetlinkEvent::FindParam(): Parameter 'UID' not found
06-28 11:01:18.417  1985  7089 I chatty  : uid=1000(system) Binder:1985_18 expire 3 lines
06-28 11:01:18.481  1985  3425 I chatty  : uid=1000(system) Binder:1985_A expire 4 lines
06-28 11:01:20.666  1263  1263 W wificond: Scan is not started. Ignore abort request
06-28 11:01:21.213  1985  3459 I chatty  : uid=1000(system) Binder:1985_F expire 1 line
06-28 11:01:21.287   967   984 E NetlinkEvent: NetlinkEvent::FindParam(): Parameter 'INTERFACE' not found
06-28 11:01:21.287   967   984 E NetlinkEvent: NetlinkEvent::FindParam(): Parameter 'STATE' not found
06-28 11:01:21.287   967   984 E NetlinkEvent: NetlinkEvent::FindParam(): Parameter 'TIME_NS' not found
06-28 11:01:21.287   967   984 E NetlinkEvent: NetlinkEvent::FindParam(): Parameter 'UID' not found
06-28 11:01:21.538  1985  2039 I chatty  : uid=1000(system) ActivityManager expire 1 line
06-28 11:01:23.946  1263  1263 W wificond: Scan is not started. Ignore abort request
06-28 11:01:24.021  1985  3463 I chatty  : uid=1000(system) Binder:1985_12 expire 4 lines
06-28 11:01:24.447   967   984 E NetlinkEvent: NetlinkEvent::FindParam(): Parameter 'INTERFACE' not found
06-28 11:01:24.447   967   984 E NetlinkEvent: NetlinkEvent::FindParam(): Parameter 'STATE' not found
06-28 11:01:24.447   967   984 E NetlinkEvent: NetlinkEvent::FindParam(): Parameter 'TIME_NS' not found
06-28 11:01:24.447   967   984 E NetlinkEvent: NetlinkEvent::FindParam(): Parameter 'UID' not found
06-28 11:01:24.581  1985  2010 I chatty  : uid=1000(system) Binder:1985_2 expire 15 lines
06-28 11:01:24.767  1985  2355 I chatty  : uid=1000(system) ConnectivitySer expire 66 lines
06-28 11:01:24.768  1985  2039 I chatty  : uid=1000(system) ActivityManager expire 10 lines
06-28 11:01:24.781  1985  3425 I chatty  : uid=1000(system) Binder:1985_A expire 14 lines
06-28 11:01:24.845  1985  6694 I chatty  : uid=1000(system) Binder:1985_17 expire 8 lines
06-28 11:01:24.861  1985 13540 I chatty  : uid=1000(system) Binder:1985_1E expire 4 lines
06-28 11:01:24.926  1985  3439 I chatty  : uid=1000(system) Binder:1985_B expire 2 lines
06-28 11:01:27.038  1263  1263 W wificond: Scan is not started. Ignore abort request
06-28 11:01:27.209  1985  2346 I chatty  : uid=1000(system) WifiStateMachin expire 7 lines
06-28 11:01:27.220  1985 11882 I chatty  : uid=1000(system) Binder:1985_1D expire 4 lines
06-28 11:01:27.507  1985  3465 I chatty  : uid=1000(system) Binder:1985_14 expire 13 lines
06-28 11:01:27.575   967   984 E NetlinkEvent: NetlinkEvent::FindParam(): Parameter 'INTERFACE' not found
06-28 11:01:27.575   967   984 E NetlinkEvent: NetlinkEvent::FindParam(): Parameter 'STATE' not found
06-28 11:01:27.575   967   984 E NetlinkEvent: NetlinkEvent::FindParam(): Parameter 'TIME_NS' not found
06-28 11:01:27.575   967   984 E NetlinkEvent: NetlinkEvent::FindParam(): Parameter 'UID' not found
06-28 11:01:27.690  1985  2945 I chatty  : uid=1000(system) Binder:1985_9 expire 10 lines
06-28 11:01:27.869  1985  3450 I chatty  : uid=1000(system) Binder:1985_D expire 10 lines
06-28 11:01:30.007  1263  1263 W wificond: Scan is not started. Ignore abort request
06-28 11:01:30.537  1985 10247 I chatty  : uid=1000(system) Binder:1985_1B expire 4 lines
06-28 11:01:30.608   967   984 E NetlinkEvent: NetlinkEvent::FindParam(): Parameter 'INTERFACE' not found
06-28 11:01:30.608   967   984 E NetlinkEvent: NetlinkEvent::FindParam(): Parameter 'STATE' not found
06-28 11:01:30.608   967   984 E NetlinkEvent: NetlinkEvent::FindParam(): Parameter 'TIME_NS' not found
06-28 11:01:30.608   967   984 E NetlinkEvent: NetlinkEvent::FindParam(): Parameter 'UID' not found
06-28 11:01:30.704  1985  2429 I chatty  : uid=1000(system) Binder:1985_4 expire 8 lines
06-28 11:01:33.456  1263  1263 W wificond: Scan is not started. Ignore abort request
06-28 11:01:33.900  1985  8760 I chatty  : uid=1000(system) Binder:1985_1A expire 1 line
06-28 11:01:34.007   967   984 E NetlinkEvent: NetlinkEvent::FindParam(): Parameter 'INTERFACE' not found
06-28 11:01:34.008   967   984 E NetlinkEvent: NetlinkEvent::FindParam(): Parameter 'STATE' not found
06-28 11:01:34.008   967   984 E NetlinkEvent: NetlinkEvent::FindParam(): Parameter 'TIME_NS' not found
06-28 11:01:34.008   967   984 E NetlinkEvent: NetlinkEvent::FindParam(): Parameter 'UID' not found
06-28 11:01:36.487  1263  1263 W wificond: Scan is not started. Ignore abort request
06-28 11:01:36.646  1985  2355 I chatty  : uid=1000(system) ConnectivitySer expire 38 lines
06-28 11:01:36.930   967   984 E NetlinkEvent: NetlinkEvent::FindParam(): Parameter 'INTERFACE' not found
06-28 11:01:36.930   967   984 E NetlinkEvent: NetlinkEvent::FindParam(): Parameter 'STATE' not found
06-28 11:01:36.930   967   984 E NetlinkEvent: NetlinkEvent::FindParam(): Parameter 'TIME_NS' not found
06-28 11:01:36.930   967   984 E NetlinkEvent: NetlinkEvent::FindParam(): Parameter 'UID' not found
06-28 11:01:37.049  1985  7089 I chatty  : uid=1000(system) Binder:1985_18 expire 2 lines
06-28 11:01:37.286  1263  1263 W wificond: Scan aborted
06-28 11:01:39.777  1263  1263 W wificond: Scan is not started. Ignore abort request
06-28 11:01:40.129   967   984 E NetlinkEvent: NetlinkEvent::FindParam(): Parameter 'INTERFACE' not found
06-28 11:01:40.129   967   984 E NetlinkEvent: NetlinkEvent::FindParam(): Parameter 'STATE' not found
06-28 11:01:40.129   967   984 E NetlinkEvent: NetlinkEvent::FindParam(): Parameter 'TIME_NS' not found
06-28 11:01:40.129   967   984 E NetlinkEvent: NetlinkEvent::FindParam(): Parameter 'UID' not found
06-28 11:01:40.226  1985  2909 I chatty  : uid=1000(system) Binder:1985_8 expire 5 lines
06-28 11:01:43.217  1985  2203 I chatty  : uid=1000(system) UEventObserver expire 2 lines
06-28 11:01:53.017  1262  1396 E storaged: getDiskStats failed with result NOT_SUPPORTED and size 0
06-28 11:02:05.728  1985  2355 I chatty  : uid=1000(system) ConnectivitySer expire 15 lines
06-28 11:02:43.424  1985  2041 I chatty  : uid=1000(system) ActivityManager expire 1 line
06-28 11:02:47.775  1263  1263 W wificond: Scan is not started. Ignore abort request
06-28 11:02:47.934  1985  2355 I chatty  : uid=1000(system) ConnectivitySer expire 22 lines
06-28 11:02:48.395   967   984 E NetlinkEvent: NetlinkEvent::FindParam(): Parameter 'INTERFACE' not found
06-28 11:02:48.395   967   984 E NetlinkEvent: NetlinkEvent::FindParam(): Parameter 'STATE' not found
06-28 11:02:48.395   967   984 E NetlinkEvent: NetlinkEvent::FindParam(): Parameter 'TIME_NS' not found
06-28 11:02:48.395   967   984 E NetlinkEvent: NetlinkEvent::FindParam(): Parameter 'UID' not found
06-28 11:02:48.518  1985  2513 I chatty  : uid=1000(system) Binder:1985_7 expire 1 line
06-28 11:02:48.665  1985  2010 I chatty  : uid=1000(system) Binder:1985_2 expire 1 line
06-28 11:02:50.965  1263  1263 W wificond: Scan is not started. Ignore abort request
06-28 11:02:51.513  1985  2355 I chatty  : uid=1000(system) ConnectivitySer expire 78 lines
06-28 11:02:51.528  1985  3425 I chatty  : uid=1000(system) Binder:1985_A expire 8 lines
06-28 11:02:51.547  1985  5299 I chatty  : uid=1000(system) Binder:1985_16 expire 3 lines
06-28 11:02:51.640   967   984 E NetlinkEvent: NetlinkEvent::FindParam(): Parameter 'INTERFACE' not found
06-28 11:02:51.640   967   984 E NetlinkEvent: NetlinkEvent::FindParam(): Parameter 'STATE' not found
06-28 11:02:51.640   967   984 E NetlinkEvent: NetlinkEvent::FindParam(): Parameter 'TIME_NS' not found
06-28 11:02:51.640   967   984 E NetlinkEvent: NetlinkEvent::FindParam(): Parameter 'UID' not found
06-28 11:02:51.779  1985  6694 I chatty  : uid=1000(system) Binder:1985_17 expire 4 lines
06-28 11:02:51.790  1985  2009 I chatty  : uid=1000(system) Binder:1985_1 expire 6 lines
06-28 11:02:51.837  1985  2039 I chatty  : uid=1000(system) ActivityManager expire 12 lines
06-28 11:02:52.129  1985  3439 I chatty  : uid=1000(system) Binder:1985_B expire 5 lines
06-28 11:02:53.018  1262  1396 E storaged: getDiskStats failed with result NOT_SUPPORTED and size 0
06-28 11:02:54.183  1263  1263 W wificond: Scan is not started. Ignore abort request
06-28 11:02:54.266  1985  3450 I chatty  : uid=1000(system) Binder:1985_D expire 5 lines
06-28 11:02:54.334  1985  2346 I chatty  : uid=1000(system) WifiStateMachin expire 5 lines
06-28 11:02:54.715  1985 11882 I chatty  : uid=1000(system) Binder:1985_1D expire 2 lines
06-28 11:02:54.771   967   984 E NetlinkEvent: NetlinkEvent::FindParam(): Parameter 'INTERFACE' not found
06-28 11:02:54.771   967   984 E NetlinkEvent: NetlinkEvent::FindParam(): Parameter 'STATE' not found
06-28 11:02:54.771   967   984 E NetlinkEvent: NetlinkEvent::FindParam(): Parameter 'TIME_NS' not found
06-28 11:02:54.771   967   984 E NetlinkEvent: NetlinkEvent::FindParam(): Parameter 'UID' not found
06-28 11:02:54.869  1985 13540 I chatty  : uid=1000(system) Binder:1985_1E expire 2 lines
06-28 11:02:55.335  1985  2513 I chatty  : uid=1000(system) Binder:1985_7 expire 2 lines
06-28 11:02:55.422  1985  2945 I chatty  : uid=1000(system) Binder:1985_9 expire 1 line
06-28 11:02:56.806   967 32610 W SocketClient: write error (Broken pipe)
06-28 11:02:57.733  1263  1263 W wificond: Scan is not started. Ignore abort request
06-28 11:02:57.743  1985  3459 I chatty  : uid=1000(system) Binder:1985_F expire 7 lines
06-28 11:02:57.884  1985  7089 I chatty  : uid=1000(system) Binder:1985_18 expire 5 lines
06-28 11:02:58.382   967   984 E NetlinkEvent: NetlinkEvent::FindParam(): Parameter 'INTERFACE' not found
06-28 11:02:58.382   967   984 E NetlinkEvent: NetlinkEvent::FindParam(): Parameter 'STATE' not found
06-28 11:02:58.382   967   984 E NetlinkEvent: NetlinkEvent::FindParam(): Parameter 'TIME_NS' not found
06-28 11:02:58.382   967   984 E NetlinkEvent: NetlinkEvent::FindParam(): Parameter 'UID' not found
06-28 11:02:58.486  1985  8760 I chatty  : uid=1000(system) Binder:1985_1A expire 5 lines
06-28 11:03:07.600  1985  2203 I chatty  : uid=1000(system) UEventObserver expire 3 lines
06-28 11:03:42.033  1985 14969 I chatty  : uid=1000(system) Binder:1985_1F expire 7 lines
06-28 11:03:42.034  1985  2047 I chatty  : uid=1000(system) batterystats-wo expire 1 line
06-28 11:03:44.314  1263  1263 W wificond: Scan is not started. Ignore abort request
06-28 11:03:44.391  1985  3465 I chatty  : uid=1000(system) Binder:1985_14 expire 5 lines
06-28 11:03:44.460  1985  2355 I chatty  : uid=1000(system) ConnectivitySer expire 43 lines
06-28 11:03:44.749  1985  3462 I chatty  : uid=1000(system) Binder:1985_11 expire 1 line
06-28 11:03:44.760  1985  2481 I chatty  : uid=1000(system) Binder:1985_6 expire 3 lines
06-28 11:03:44.864   967   984 E NetlinkEvent: NetlinkEvent::FindParam(): Parameter 'INTERFACE' not found
06-28 11:03:44.864   967   984 E NetlinkEvent: NetlinkEvent::FindParam(): Parameter 'STATE' not found
06-28 11:03:44.864   967   984 E NetlinkEvent: NetlinkEvent::FindParam(): Parameter 'TIME_NS' not found
06-28 11:03:44.864   967   984 E NetlinkEvent: NetlinkEvent::FindParam(): Parameter 'UID' not found
06-28 11:03:44.967  1985  8552 I chatty  : uid=1000(system) Binder:1985_19 expire 1 line
06-28 11:03:45.300  1985 10247 I chatty  : uid=1000(system) Binder:1985_1B expire 3 lines
06-28 11:03:47.709  1263  1263 W wificond: Scan is not started. Ignore abort request
06-28 11:03:47.725  1985 16273 I chatty  : uid=1000(system) Binder:1985_20 expire 7 lines
06-28 11:03:48.349   967   984 E NetlinkEvent: NetlinkEvent::FindParam(): Parameter 'INTERFACE' not found
06-28 11:03:48.350   967   984 E NetlinkEvent: NetlinkEvent::FindParam(): Parameter 'STATE' not found
06-28 11:03:48.350   967   984 E NetlinkEvent: NetlinkEvent::FindParam(): Parameter 'TIME_NS' not found
06-28 11:03:48.350   967   984 E NetlinkEvent: NetlinkEvent::FindParam(): Parameter 'UID' not found
06-28 11:03:53.019  1262  1396 E storaged: getDiskStats failed with result NOT_SUPPORTED and size 0
06-28 11:04:53.021  1262  1396 E storaged: getDiskStats failed with result NOT_SUPPORTED and size 0
06-28 11:05:05.349  1985  2041 I chatty  : uid=1000(system) ActivityManager expire 1 line
06-28 11:05:07.432  1985  2429 I chatty  : uid=1000(system) Binder:1985_4 expire 5 lines
06-28 11:05:08.203  1263  1263 W wificond: Scan aborted
06-28 11:05:08.215  1985  2355 I chatty  : uid=1000(system) ConnectivitySer expire 32 lines
06-28 11:05:08.262  1985  2039 I chatty  : uid=1000(system) ActivityManager expire 1 line
06-28 11:05:10.467  1263  1263 W wificond: Scan is not started. Ignore abort request
06-28 11:05:11.182   967   984 E NetlinkEvent: NetlinkEvent::FindParam(): Parameter 'INTERFACE' not found
06-28 11:05:11.182   967   984 E NetlinkEvent: NetlinkEvent::FindParam(): Parameter 'STATE' not found
06-28 11:05:11.182   967   984 E NetlinkEvent: NetlinkEvent::FindParam(): Parameter 'TIME_NS' not found
06-28 11:05:11.182   967   984 E NetlinkEvent: NetlinkEvent::FindParam(): Parameter 'UID' not found
06-28 11:05:11.362  1985  3464 I chatty  : uid=1000(system) Binder:1985_13 expire 1 line
06-28 11:05:13.689  1263  1263 W wificond: Scan is not started. Ignore abort request
06-28 11:05:13.713  1985  4486 I chatty  : uid=1000(system) Binder:1985_15 expire 4 lines
06-28 11:05:13.849  1985  3425 I chatty  : uid=1000(system) Binder:1985_A expire 4 lines
06-28 11:05:13.858  1985  2346 I chatty  : uid=1000(system) WifiStateMachin expire 7 lines
06-28 11:05:13.858  1985  2355 I chatty  : uid=1000(system) ConnectivitySer expire 74 lines
06-28 11:05:14.045  1985 11882 I chatty  : uid=1000(system) Binder:1985_1D expire 4 lines
06-28 11:05:14.056  1985  2009 I chatty  : uid=1000(system) Binder:1985_1 expire 8 lines
06-28 11:05:14.144   967   984 E NetlinkEvent: NetlinkEvent::FindParam(): Parameter 'INTERFACE' not found
06-28 11:05:14.144   967   984 E NetlinkEvent: NetlinkEvent::FindParam(): Parameter 'STATE' not found
06-28 11:05:14.144   967   984 E NetlinkEvent: NetlinkEvent::FindParam(): Parameter 'TIME_NS' not found
06-28 11:05:14.144   967   984 E NetlinkEvent: NetlinkEvent::FindParam(): Parameter 'UID' not found
06-28 11:05:14.274  1985  3463 I chatty  : uid=1000(system) Binder:1985_12 expire 2 lines
06-28 11:05:14.436  1985  2039 I chatty  : uid=1000(system) ActivityManager expire 7 lines
06-28 11:05:14.824  1985  2481 I chatty  : uid=1000(system) Binder:1985_6 expire 12 lines
06-28 11:05:16.981  1263  1263 W wificond: Scan is not started. Ignore abort request
06-28 11:05:17.002  1985  3439 I chatty  : uid=1000(system) Binder:1985_B expire 7 lines
06-28 11:05:17.337  1985  3465 I chatty  : uid=1000(system) Binder:1985_14 expire 1 line
06-28 11:05:17.401   967   984 E NetlinkEvent: NetlinkEvent::FindParam(): Parameter 'INTERFACE' not found
06-28 11:05:17.401   967   984 E NetlinkEvent: NetlinkEvent::FindParam(): Parameter 'STATE' not found
06-28 11:05:17.401   967   984 E NetlinkEvent: NetlinkEvent::FindParam(): Parameter 'TIME_NS' not found
06-28 11:05:17.401   967   984 E NetlinkEvent: NetlinkEvent::FindParam(): Parameter 'UID' not found
06-28 11:05:17.511  1985 16273 I chatty  : uid=1000(system) Binder:1985_20 expire 5 lines
06-28 11:05:17.718  1985  3450 I chatty  : uid=1000(system) Binder:1985_D expire 5 lines
06-28 11:05:17.856  1985  3464 I chatty  : uid=1000(system) Binder:1985_13 expire 3 lines
06-28 11:05:19.985  1263  1263 W wificond: Scan is not started. Ignore abort request
06-28 11:05:20.060  1985  2513 I chatty  : uid=1000(system) Binder:1985_7 expire 4 lines
06-28 11:05:20.507   967   984 E NetlinkEvent: NetlinkEvent::FindParam(): Parameter 'INTERFACE' not found
06-28 11:05:20.507   967   984 E NetlinkEvent: NetlinkEvent::FindParam(): Parameter 'STATE' not found
06-28 11:05:20.507   967   984 E NetlinkEvent: NetlinkEvent::FindParam(): Parameter 'TIME_NS' not found
06-28 11:05:20.507   967   984 E NetlinkEvent: NetlinkEvent::FindParam(): Parameter 'UID' not found
06-28 11:05:20.613  1985 14969 I chatty  : uid=1000(system) Binder:1985_1F expire 3 lines
06-28 11:05:23.488  1263  1263 W wificond: Scan is not started. Ignore abort request
06-28 11:05:24.012  1985  2429 I chatty  : uid=1000(system) Binder:1985_4 expire 1 line
06-28 11:05:24.094   967   984 E NetlinkEvent: NetlinkEvent::FindParam(): Parameter 'INTERFACE' not found
06-28 11:05:24.094   967   984 E NetlinkEvent: NetlinkEvent::FindParam(): Parameter 'STATE' not found
06-28 11:05:24.094   967   984 E NetlinkEvent: NetlinkEvent::FindParam(): Parameter 'TIME_NS' not found
06-28 11:05:24.094   967   984 E NetlinkEvent: NetlinkEvent::FindParam(): Parameter 'UID' not found
